Component: ARM Compiler 5.06 update 7 (build 960) Tool: armlink [4d3601]

==============================================================================

Section Cross References

    adc.o(i.ADC_Converse) refers to aeabi_sdiv.o(.text) for __aeabi_uidivmod
    adc.o(i.ADC_Init) refers to adc.o(i.__NVIC_ClearPendingIRQ) for __NVIC_ClearPendingIRQ
    adc.o(i.ADC_MidAvg_Filter) refers to aeabi_sdiv.o(.text) for __aeabi_uidivmod
    adc.o(i.ADC_SelfTest) refers to aeabi_sdiv.o(.text) for __aeabi_uidivmod
    adc.o(i.ADC_Start) refers to adc.o(i.__NVIC_ClearPendingIRQ) for __NVIC_ClearPendingIRQ
    adc.o(i.ADC_Stop) refers to adc.o(i.__NVIC_ClearPendingIRQ) for __NVIC_ClearPendingIRQ
    adc_user.o(i.adc_get_temperature) refers to aeabi_sdiv.o(.text) for __aeabi_idivmod
    can_user.o(i.CAN0Err_Interrupt) refers to can_user.o(.data) for .data
    can_user.o(i.CAN0Rec_Handler) refers to _printf_percent.o(.ARM.Collect$$_printf_percent$$00000000) for _printf_percent
    can_user.o(i.CAN0Rec_Handler) refers to _printf_d.o(.ARM.Collect$$_printf_percent$$00000009) for _printf_d
    can_user.o(i.CAN0Rec_Handler) refers to _printf_dec.o(.text) for _printf_int_dec
    can_user.o(i.CAN0Rec_Handler) refers to _printf_pad.o(.text) for _printf_pre_padding
    can_user.o(i.CAN0Rec_Handler) refers to _printf_x.o(.ARM.Collect$$_printf_percent$$0000000C) for _printf_x
    can_user.o(i.CAN0Rec_Handler) refers to _printf_hex_int.o(.text) for _printf_longlong_hex
    can_user.o(i.CAN0Rec_Handler) refers to noretval__2printf.o(.text) for __2printf
    can_user.o(i.CAN0Rec_Handler) refers to can_user.o(.bss) for .bss
    can_user.o(i.CAN0Rec_Handler) refers to can_user.o(.data) for .data
    can_user.o(i.CAN0Rec_Interrupt) refers to can_user.o(i.CAN0Rec_Handler) for CAN0Rec_Handler
    can_user.o(i.CAN0Trx_Handler) refers to rtc_user.o(.data) for date_time
    can_user.o(i.CAN0Trx_Handler) refers to can_user.o(.data) for .data
    can_user.o(i.CAN0Trx_Interrupt) refers to can_user.o(i.CAN0Trx_Handler) for CAN0Trx_Handler
    can_user.o(i.CAN1Err_Interrupt) refers to can_user.o(.data) for .data
    can_user.o(i.CAN1Rec_Handler) refers to _printf_percent.o(.ARM.Collect$$_printf_percent$$00000000) for _printf_percent
    can_user.o(i.CAN1Rec_Handler) refers to _printf_d.o(.ARM.Collect$$_printf_percent$$00000009) for _printf_d
    can_user.o(i.CAN1Rec_Handler) refers to _printf_dec.o(.text) for _printf_int_dec
    can_user.o(i.CAN1Rec_Handler) refers to _printf_pad.o(.text) for _printf_pre_padding
    can_user.o(i.CAN1Rec_Handler) refers to _printf_x.o(.ARM.Collect$$_printf_percent$$0000000C) for _printf_x
    can_user.o(i.CAN1Rec_Handler) refers to _printf_hex_int.o(.text) for _printf_longlong_hex
    can_user.o(i.CAN1Rec_Handler) refers to noretval__2printf.o(.text) for __2printf
    can_user.o(i.CAN1Rec_Handler) refers to can_user.o(.bss) for .bss
    can_user.o(i.CAN1Rec_Handler) refers to can_user.o(.data) for .data
    can_user.o(i.CAN1Rec_Interrupt) refers to can_user.o(i.CAN1Rec_Handler) for CAN1Rec_Handler
    can_user.o(i.CAN1Trx_Handler) refers to rtc_user.o(.data) for date_time
    can_user.o(i.CAN1Trx_Handler) refers to can_user.o(.data) for .data
    can_user.o(i.CAN1Trx_Interrupt) refers to can_user.o(i.CAN1Trx_Handler) for CAN1Trx_Handler
    cmp.o(i.CMP_Init) refers to cmp.o(i.CMP_VREF_Set_Value) for CMP_VREF_Set_Value
    cmp.o(i.CMP_Init) refers to cmp.o(i.CMP_VREF_Init) for CMP_VREF_Init
    cmp.o(i.CMP_Init) refers to cmp.o(i.CMP_Input_Select) for CMP_Input_Select
    cmp.o(i.CMP_Init) refers to cmp.o(i.CMP_Filter_Setting) for CMP_Filter_Setting
    cmp_user.o(i.cmp0_interrupt) refers to cmp_user.o(.data) for .data
    cmp_user.o(i.cmp1_interrupt) refers to cmp_user.o(.data) for .data
    flash_user.o(ram_fetch_code) refers to flash.o(ram_fetch_code) for EraseSector
    gpio.o(i.PORT_Init) refers to gpio.o(i.__ARM_common_switch8) for __ARM_common_switch8
    iica.o(i.IICA0_MasterReceive) refers to iica.o(.data) for .data
    iica.o(i.IICA0_MasterSend) refers to iica.o(.data) for .data
    iica.o(i.IICA0_SlaveReceive) refers to iica.o(.data) for .data
    iica.o(i.IICA0_SlaveSend) refers to iica.o(.data) for .data
    iica.o(i.IICA1_MasterReceive) refers to iica.o(.data) for .data
    iica.o(i.IICA1_MasterSend) refers to iica.o(.data) for .data
    iica.o(i.IICA1_SlaveReceive) refers to iica.o(.data) for .data
    iica.o(i.IICA1_SlaveSend) refers to iica.o(.data) for .data
    iica_user.o(i.iica0_callback_master_sendend) refers to iica.o(.data) for g_iica0_tx_end
    iica_user.o(i.iica0_interrupt) refers to iica.o(i.IICA0_Clear_Wakeup) for IICA0_Clear_Wakeup
    iica_user.o(i.iica0_interrupt) refers to iica_user.o(i.iica0_masterhandler) for iica0_masterhandler
    iica_user.o(i.iica0_interrupt) refers to iica_user.o(i.iica0_slavehandler) for iica0_slavehandler
    iica_user.o(i.iica0_masterhandler) refers to iica_user.o(i.iica0_callback_master_sendend) for iica0_callback_master_sendend
[...]
    .data                                    0x20001ee4   Section       20  sys_struct.o(.data)
    .data                                    0x20001ef8   Section       20  sys_struct.o(.data)
    .data                                    0x20001f0c   Section       20  sys_struct.o(.data)
    .data                                    0x20001f20   Section       40  sys_struct.o(.data)
    .data                                    0x20001f48   Section       40  sys_struct.o(.data)
    .data                                    0x20001f70   Section       40  sys_struct.o(.data)
    .data                                    0x20001f98   Section       40  sys_struct.o(.data)
    .data                                    0x20001fc0   Section       40  sys_struct.o(.data)
    .data                                    0x20001fe8   Section       84  sys_struct.o(.data)
    .data                                    0x2000203c   Section       84  sys_struct.o(.data)
    .data                                    0x20002090   Section       84  sys_struct.o(.data)
    .data                                    0x200020e4   Section       84  sys_struct.o(.data)
    .data                                    0x20002138   Section       84  sys_struct.o(.data)
    .data                                    0x2000218c   Section       84  sys_struct.o(.data)
    .data                                    0x200021e0   Section       56  sys_struct.o(.data)
    .data                                    0x20002218   Section       20  sys_struct.o(.data)
    .data                                    0x2000222c   Section        2  sys_struct.o(.data)
    .data                                    0x2000222e   Section        4  sys_struct.o(.data)
    .data                                    0x20002234   Section      300  sys_struct.o(.data)
    .data                                    0x20002360   Section        8  sys_struct.o(.data)
    .data                                    0x20002368   Section        2  sys_struct.o(.data)
    .data                                    0x2000236a   Section        2  sys_variable_init.o(.data)
    .data                                    0x2000236c   Section      128  sys_state_machine.o(.data)
    .data                                    0x200023ec   Section       14  user_parallel.o(.data)
    .data                                    0x200023fc   Section       12  user_function.o(.data)
    .data                                    0x20002408   Section        2  user_communication.o(.data)
    .data                                    0x2000240c   Section        4  change.o(.data)
    .data                                    0x20002410   Section        2  change.o(.data)
    .data                                    0x20002414   Section        4  change.o(.data)
    .data                                    0x20002418   Section        4  change.o(.data)
    .data                                    0x2000241c   Section        4  change.o(.data)
    .data                                    0x20002420   Section        4  change.o(.data)
    .data                                    0x20002424   Section        8  pfc_ctrl.o(.data)
    .data                                    0x2000242c   Section        4  pll_ctrl.o(.data)
    .data                                    0x20002430   Section        4  system_bat32g139.o(.data)
    .bss                                     0x20002434   Section       76  sys_struct.o(.bss)
    .bss                                     0x20002480   Section      136  sys_struct.o(.bss)
    .bss                                     0x20002508   Section       84  sys_struct.o(.bss)
    .bss                                     0x2000255c   Section       64  sys_struct.o(.bss)
    .bss                                     0x2000259c   Section       44  sys_struct.o(.bss)
    .bss                                     0x200025c8   Section       10  sys_struct.o(.bss)
    .bss                                     0x200025d2   Section       20  sys_struct.o(.bss)
    .bss                                     0x200025e8   Section       60  sys_struct.o(.bss)
    .bss                                     0x20002624   Section       10  sys_struct.o(.bss)
    .bss                                     0x20002630   Section       92  sys_struct.o(.bss)
    .bss                                     0x2000268c   Section       12  sys_struct.o(.bss)
    .bss                                     0x20002698   Section       20  sys_struct.o(.bss)
    .bss                                     0x200026ac   Section       28  sys_struct.o(.bss)
    .bss                                     0x200026c8   Section      196  sys_struct.o(.bss)
    .bss                                     0x2000278c   Section     6800  user_sample.o(.bss)
    .bss                                     0x2000421c   Section       44  user_communication.o(.bss)
    .bss                                     0x20004248   Section     2048  change.o(.bss)
    .bss                                     0x20004a48   Section     2048  change.o(.bss)
    .bss                                     0x20005248   Section       64  change.o(.bss)
    .bss                                     0x20005288   Section     2400  repeat_ctrl.o(.bss)
    .bss                                     0x20005be8   Section     2372  pll_ctrl.o(.bss)
    .bss                                     0x2000652c   Section     2372  pll_ctrl.o(.bss)
    .bss                                     0x20006e70   Section       12  pll_ctrl.o(.bss)
    .bss                                     0x20006e7c   Section       96  libspace.o(.bss)
    HEAP                                     0x20006ee0   Section      256  startup_bat32g139.o(HEAP)
    Heap_Mem                                 0x20006ee0   Data         256  startup_bat32g139.o(HEAP)
    STACK                                    0x20006fe0   Section     1024  startup_bat32g139.o(STACK)
    Stack_Mem                                0x20006fe0   Data        1024  startup_bat32g139.o(STACK)
    __initial_sp                             0x200073e0   Data           0  startup_bat32g139.o(STACK)

    Global Symbols

    Symbol Name                              Value     Ov Type        Size  Object(Section)

    BuildAttributes$$THM_ISAv3M$S$PE$A:L22$X:L11$S22$IEEE1$IW$USESV6$~STKCKD$USESV7$~SHL$OTIME$ROPI$IEEEJ$EBA8$UX$STANDARDLIB$REQ8$PRES8$EABIv2 0x00000000   Number         0  anon$$obj.o ABSOLUTE
    __ARM_use_no_argv                        0x00000000   Number         0  main.o ABSOLUTE
    __Vectors                                0x00000000   Data           4  startup_bat32g139.o(RESET)
    _printf_flags                            0x00000000   Number         0  printf_stubs.o ABSOLUTE
    _printf_return_value                     0x00000000   Number         0  printf_stubs.o ABSOLUTE
    _printf_sizespec                         0x00000000   Number         0  printf_stubs.o ABSOLUTE
    _printf_widthprec                        0x00000000   Number         0  printf_stubs.o ABSOLUTE
    __ARM_exceptions_init                     - Undefined Weak Reference
    __alloca_initialize                       - Undefined Weak Reference
    __arm_fini_                               - Undefined Weak Reference
    __arm_preinit_                            - Undefined Weak Reference
    __cpp_initialize__aeabi_                  - Undefined Weak Reference
    __cxa_finalize                            - Undefined Weak Reference
    __sigvec_lookup                           - Undefined Weak Reference
    _atexit_init                              - Undefined Weak Reference
    _call_atexit_fns                          - Undefined Weak Reference
    _clock_init                               - Undefined Weak Reference
    _fp_trap_init                             - Undefined Weak Reference
    _fp_trap_shutdown                         - Undefined Weak Reference
    _get_lc_collate                           - Undefined Weak Reference
    _get_lc_ctype                             - Undefined Weak Reference
    _get_lc_monetary                          - Undefined Weak Reference
    _get_lc_time                              - Undefined Weak Reference
    _getenv_init                              - Undefined Weak Reference
    _handle_redirection                       - Undefined Weak Reference
    _init_alloc                               - Undefined Weak Reference
    _init_user_alloc                          - Undefined Weak Reference
    _initio                                   - Undefined Weak Reference
    _printf_truncate_signed                   - Undefined Weak Reference
    _printf_truncate_unsigned                 - Undefined Weak Reference
    _rand_init                                - Undefined Weak Reference
    _signal_finish                            - Undefined Weak Reference
    _signal_init                              - Undefined Weak Reference
    _terminate_alloc                          - Undefined Weak Reference
    _terminate_user_alloc                     - Undefined Weak Reference
    _terminateio                              - Undefined Weak Reference
    __Vectors_End                            0x000000c0   Data           0  startup_bat32g139.o(RESET)
    __Vectors_Size                           0x000000c0   Number         0  startup_bat32g139.o ABSOLUTE
    user_opt_data                            0x000000c0   Data           4  system_bat32g139.o(.ARM.__AT_0x000000C0)
    Long Thumb to Thumb Veneer to crc16_modbus 0x000000c5   Thumb Code    12  anon$$obj.o(Veneer$$Code)
    Long Thumb to Thumb Veneer to COM_Uartx_HeartCheck 0x000000d1   Thumb Code    12  anon$$obj.o(Veneer$$Code)
    Long Thumb to Thumb Veneer to INV_DataSend 0x000000dd   Thumb Code    12  anon$$obj.o(Veneer$$Code)
    Long Thumb to Thumb Veneer to INV_MasterSlaveSelect 0x000000e9   Thumb Code    12  anon$$obj.o(Veneer$$Code)
    Long Thumb to Thumb Veneer to RMS_PQ_Update 0x000000f5   Thumb Code    12  anon$$obj.o(Veneer$$Code)
    Long Thumb to Thumb Veneer to PLL_Ctrl_Param 0x00000101   Thumb Code    12  anon$$obj.o(Veneer$$Code)
    __main                                   0x0000010d   Thumb Code     8  __main.o(!!!main)
    __scatterload                            0x00000115   Thumb Code     0  __scatter.o(!!!scatter)
    __scatterload_rt2                        0x00000115   Thumb Code    52  __scatter.o(!!!scatter)
    __scatterload_rt2_thumb_only             0x00000115   Thumb Code     0  __scatter.o(!!!scatter)
    __scatterload_null                       0x00000125   Thumb Code     0  __scatter.o(!!!scatter)
    __scatterload_copy                       0x00000151   Thumb Code    26  __scatter_copy.o(!!handler_copy)
    __scatterload_zeroinit                   0x0000016d   Thumb Code    28  __scatter_zi.o(!!handler_zi)
    _printf_percent                          0x00000189   Thumb Code     0  _printf_percent.o(.ARM.Collect$$_printf_percent$$00000000)
    _printf_d                                0x0000018b   Thumb Code     0  _printf_d.o(.ARM.Collect$$_printf_percent$$00000009)
    _printf_percent_end                      0x00000195   Thumb Code     0  _printf_percent_end.o(.ARM.Collect$$_printf_percent$$00000017)
    __rt_lib_init                            0x00000199   Thumb Code     0  libinit.o(.ARM.Collect$$libinit$$00000000)
    __rt_lib_init_alloca_1                   0x0000019b   Thumb Code     0  libinit2.o(.ARM.Collect$$libinit$$0000002E)
    __rt_lib_init_argv_1                     0x0000019b   Thumb Code     0  libinit2.o(.ARM.Collect$$libinit$$0000002C)
    __rt_lib_init_atexit_1                   0x0000019b   Thumb Code     0  libinit2.o(.ARM.Collect$$libinit$$0000001B)
    __rt_lib_init_clock_1                    0x0000019b   Thumb Code     0  libinit2.o(.ARM.Collect$$libinit$$00000021)
    __rt_lib_init_cpp_1                      0x0000019b   Thumb Code     0  libinit2.o(.ARM.Collect$$libinit$$00000032)
    __rt_lib_init_exceptions_1               0x0000019b   Thumb Code     0  libinit2.o(.ARM.Collect$$libinit$$00000030)
    __rt_lib_init_fp_1                       0x0000019b   Thumb Code     0  libinit2.o(.ARM.Collect$$libinit$$00000002)
    __rt_lib_init_fp_trap_1                  0x0000019b   Thumb Code     0  libinit2.o(.ARM.Collect$$libinit$$0000001F)
    __rt_lib_init_getenv_1                   0x0000019b   Thumb Code     0  libinit2.o(.ARM.Collect$$libinit$$00000023)
    __rt_lib_init_heap_1                     0x0000019b   Thumb Code     0  libinit2.o(.ARM.Collect$$libinit$$0000000A)
    __rt_lib_init_lc_collate_1               0x0000019b   Thumb Code     0  libinit2.o(.ARM.Collect$$libinit$$00000011)
    __rt_lib_init_lc_ctype_1                 0x0000019b   Thumb Code     0  libinit2.o(.ARM.Collect$$libinit$$00000013)
    __rt_lib_init_lc_monetary_1              0x0000019b   Thumb Code     0  libinit2.o(.ARM.Collect$$libinit$$00000015)
    __rt_lib_init_lc_numeric_1               0x0000019b   Thumb Code     0  libinit2.o(.ARM.Collect$$libinit$$00000017)
    __rt_lib_init_lc_time_1                  0x0000019b   Thumb Code     0  libinit2.o(.ARM.Collect$$libinit$$00000019)
    __rt_lib_init_preinit_1                  0x0000019b   Thumb Code     0  libinit2.o(.ARM.Collect$$libinit$$00000004)
    __rt_lib_init_rand_1                     0x0000019b   Thumb Code     0  libinit2.o(.ARM.Collect$$libinit$$0000000E)
    __rt_lib_init_return                     0x0000019b   Thumb Code     0  libinit2.o(.ARM.Collect$$libinit$$00000033)
    __rt_lib_init_signal_1                   0x0000019b   Thumb Code     0  libinit2.o(.ARM.Collect$$libinit$$0000001D)
    __rt_lib_init_stdio_1                    0x0000019b   Thumb Code     0  libinit2.o(.ARM.Collect$$libinit$$00000025)
    __rt_lib_init_user_alloc_1               0x0000019b   Thumb Code     0  libinit2.o(.ARM.Collect$$libinit$$0000000C)
    __rt_lib_shutdown                        0x0000019d   Thumb Code     0  libshutdown.o(.ARM.Collect$$libshutdown$$00000000)
    __rt_lib_shutdown_cpp_1                  0x0000019f   Thumb Code     0  libshutdown2.o(.ARM.Collect$$libshutdown$$00000004)
    __rt_lib_shutdown_fini_1                 0x0000019f   Thumb Code     0  libshutdown2.o(.ARM.Collect$$libshutdown$$00000002)
    __rt_lib_shutdown_fp_trap_1              0x0000019f   Thumb Code     0  libshutdown2.o(.ARM.Collect$$libshutdown$$00000009)
    __rt_lib_shutdown_heap_1                 0x0000019f   Thumb Code     0  libshutdown2.o(.ARM.Collect$$libshutdown$$00000011)
    __rt_lib_shutdown_return                 0x0000019f   Thumb Code     0  libshutdown2.o(.ARM.Collect$$libshutdown$$00000012)
    __rt_lib_shutdown_signal_1               0x0000019f   Thumb Code     0  libshutdown2.o(.ARM.Collect$$libshutdown$$0000000C)
    __rt_lib_shutdown_stdio_1                0x0000019f   Thumb Code     0  libshutdown2.o(.ARM.Collect$$libshutdown$$00000006)
    __rt_lib_shutdown_user_alloc_1           0x0000019f   Thumb Code     0  libshutdown2.o(.ARM.Collect$$libshutdown$$0000000E)
    __rt_entry                               0x000001a1   Thumb Code     0  __rtentry.o(.ARM.Collect$$rtentry$$00000000)
    __rt_entry_presh_1                       0x000001a1   Thumb Code     0  __rtentry2.o(.ARM.Collect$$rtentry$$00000002)
    __rt_entry_sh                            0x000001a1   Thumb Code     0  __rtentry4.o(.ARM.Collect$$rtentry$$00000004)
    __rt_entry_li                            0x000001a7   Thumb Code     0  __rtentry2.o(.ARM.Collect$$rtentry$$0000000A)
    __rt_entry_postsh_1                      0x000001a7   Thumb Code     0  __rtentry2.o(.ARM.Collect$$rtentry$$00000009)
    __rt_entry_main                          0x000001ab   Thumb Code     0  __rtentry2.o(.ARM.Collect$$rtentry$$0000000D)
    __rt_entry_postli_1                      0x000001ab   Thumb Code     0  __rtentry2.o(.ARM.Collect$$rtentry$$0000000C)
    __rt_exit                                0x000001b3   Thumb Code     0  rtexit.o(.ARM.Collect$$rtexit$$00000000)
    __rt_exit_ls                             0x000001b5   Thumb Code     0  rtexit2.o(.ARM.Collect$$rtexit$$00000003)
    __rt_exit_prels_1                        0x000001b5   Thumb Code     0  rtexit2.o(.ARM.Collect$$rtexit$$00000002)
    __rt_exit_exit                           0x000001b9   Thumb Code     0  rtexit2.o(.ARM.Collect$$rtexit$$00000004)
    Reset_Handler                            0x000001c1   Thumb Code     8  startup_bat32g139.o(.text)
    MemManage_Handler                        0x000001cd   Thumb Code     2  startup_bat32g139.o(.text)
    BusFault_Handler                         0x000001cf   Thumb Code     2  startup_bat32g139.o(.text)
    UsageFault_Handler                       0x000001d1   Thumb Code     2  startup_bat32g139.o(.text)
    SVC_Handler                              0x000001d3   Thumb Code     2  startup_bat32g139.o(.text)
    DebugMon_Handler                         0x000001d5   Thumb Code     2  startup_bat32g139.o(.text)
    PendSV_Handler                           0x000001d7   Thumb Code     2  startup_bat32g139.o(.text)
    IRQ00_Handler                            0x000001db   Thumb Code     2  startup_bat32g139.o(.text)
    IRQ01_Handler                            0x000001dd   Thumb Code     2  startup_bat32g139.o(.text)
    IRQ02_Handler                            0x000001df   Thumb Code     2  startup_bat32g139.o(.text)
    IRQ03_Handler                            0x000001e1   Thumb Code     2  startup_bat32g139.o(.text)
    IRQ04_Handler                            0x000001e3   Thumb Code     2  startup_bat32g139.o(.text)
    IRQ05_Handler                            0x000001e5   Thumb Code     2  startup_bat32g139.o(.text)
    IRQ06_Handler                            0x000001e7   Thumb Code     2  startup_bat32g139.o(.text)
    IRQ07_Handler                            0x000001e9   Thumb Code     2  startup_bat32g139.o(.text)
    IRQ08_Handler                            0x000001eb   Thumb Code     2  startup_bat32g139.o(.text)
    IRQ09_Handler                            0x000001ed   Thumb Code     2  startup_bat32g139.o(.text)
    IRQ10_Handler                            0x000001ef   Thumb Code     2  startup_bat32g139.o(.text)
    IRQ11_Handler                            0x000001f1   Thumb Code     2  startup_bat32g139.o(.text)
    IRQ12_Handler                            0x000001f3   Thumb Code     2  startup_bat32g139.o(.text)
    IRQ13_Handler                            0x000001f5   Thumb Code     2  startup_bat32g139.o(.text)
    IRQ15_Handler                            0x000001f9   Thumb Code     2  startup_bat32g139.o(.text)
    IRQ16_Handler                            0x000001fb   Thumb Code     2  startup_bat32g139.o(.text)
    IRQ17_Handler                            0x000001fd   Thumb Code     2  startup_bat32g139.o(.text)
    IRQ18_Handler                            0x000001ff   Thumb Code     2  startup_bat32g139.o(.text)
    IRQ19_Handler                            0x00000201   Thumb Code     2  startup_bat32g139.o(.text)
    IRQ20_Handler                            0x00000203   Thumb Code     2  startup_bat32g139.o(.text)
    IRQ22_Handler                            0x00000207   Thumb Code     2  startup_bat32g139.o(.text)
    IRQ23_Handler                            0x00000209   Thumb Code     2  startup_bat32g139.o(.text)
    IRQ24_Handler                            0x0000020b   Thumb Code     2  startup_bat32g139.o(.text)
    IRQ25_Handler                            0x0000020d   Thumb Code     2  startup_bat32g139.o(.text)
    IRQ26_Handler                            0x0000020f   Thumb Code     2  startup_bat32g139.o(.text)
    IRQ29_Handler                            0x00000215   Thumb Code     2  startup_bat32g139.o(.text)
    IRQ30_Handler                            0x00000217   Thumb Code     2  startup_bat32g139.o(.text)
    IRQ31_Handler                            0x00000219   Thumb Code     2  startup_bat32g139.o(.text)
    __user_initial_stackheap                 0x0000021d   Thumb Code    10  startup_bat32g139.o(.text)
    __aeabi_lmul                             0x00000241   Thumb Code    48  llmul.o(.text)
    _ll_mul                                  0x00000241   Thumb Code     0  llmul.o(.text)
    __2sprintf                               0x00000271   Thumb Code    36  noretval__2sprintf.o(.text)
    _printf_int_dec                          0x00000299   Thumb Code    90  _printf_dec.o(.text)
    __printf                                 0x00000305   Thumb Code   306  __printf_flags_wp.o(.text)
    strlen                                   0x0000043d   Thumb Code    62  strlen.o(.text)
    __aeabi_uidiv                            0x00000481   Thumb Code     0  aeabi_sdiv.o(.text)
    __aeabi_uidivmod                         0x00000481   Thumb Code    20  aeabi_sdiv.o(.text)
    __aeabi_idiv                             0x00000495   Thumb Code     0  aeabi_sdiv.o(.text)
    __aeabi_idivmod                          0x00000495   Thumb Code   326  aeabi_sdiv.o(.text)
    __use_two_region_memory                  0x000005db   Thumb Code     2  heapauxi.o(.text)
    __rt_heap_escrow$2region                 0x000005dd   Thumb Code     2  heapauxi.o(.text)
    __rt_heap_expand$2region                 0x000005df   Thumb Code     2  heapauxi.o(.text)
    __aeabi_dadd                             0x000008d9   Thumb Code     0  daddsub.o(.text)
    _dadd                                    0x000008d9   Thumb Code    26  daddsub.o(.text)
    __aeabi_dsub                             0x000008f3   Thumb Code     0  daddsub.o(.text)
    _dsub                                    0x000008f3   Thumb Code    22  daddsub.o(.text)
    __aeabi_drsub                            0x00000909   Thumb Code     0  daddsub.o(.text)
    _drsb                                    0x00000909   Thumb Code    28  daddsub.o(.text)
    __aeabi_ddiv                             0x00000939   Thumb Code     0  ddiv.o(.text)
    _ddiv                                    0x00000939   Thumb Code  1072  ddiv.o(.text)
    _drdiv                                   0x00000d69   Thumb Code    20  ddiv.o(.text)
    __aeabi_d2iz                             0x00000d81   Thumb Code     0  dfixi.o(.text)
    _dfix                                    0x00000d81   Thumb Code    98  dfixi.o(.text)
    __aeabi_i2d_normalise                    0x00000ded   Thumb Code    66  dflti.o(.text)
    __aeabi_i2d                              0x00000e2f   Thumb Code    16  dflti.o(.text)
    _dflt                                    0x00000e2f   Thumb Code     0  dflti.o(.text)
    __aeabi_ui2d                             0x00000e3f   Thumb Code     6  dflti.o(.text)
    _dfltu                                   0x00000e3f   Thumb Code     0  dflti.o(.text)
    __aeabi_dmul                             0x00000e45   Thumb Code     0  dmul.o(.text)
    _dmul                                    0x00000e45   Thumb Code   558  dmul.o(.text)
    __ARM_scalbn                             0x0000108d   Thumb Code    84  dscalbn.o(.text)
    __aeabi_f2d                              0x000010ed   Thumb Code     0  f2d.o(.text)
    _f2d                                     0x000010ed   Thumb Code    80  f2d.o(.text)
    __aeabi_fdiv                             0x00001141   Thumb Code     0  fdiv.o(.text)
    _fdiv                                    0x00001141   Thumb Code   334  fdiv.o(.text)
    _frdiv                                   0x0000128f   Thumb Code     8  fdiv.o(.text)
    __ARM_scalbnf                            0x000012a1   Thumb Code    64  fscalbn.o(.text)
    __read_errno                             0x000012e5   Thumb Code    10  _rserrno.o(.text)
    __set_errno                              0x000012ef   Thumb Code    12  _rserrno.o(.text)
    _printf_int_common                       0x000012fb   Thumb Code   176  _printf_intcommon.o(.text)
    _printf_char_common                      0x000013b7   Thumb Code    32  _printf_char_common.o(.text)
    _sputc                                   0x000013dd   Thumb Code    10  _sputc.o(.text)
    __rt_udiv10                              0x000013e7   Thumb Code    40  rtudiv10.o(.text)
    _dsqrt                                   0x00001411   Thumb Code   248  dsqrt.o(.text)
    __aeabi_errno_addr                       0x00001511   Thumb Code     8  rt_errno_addr_intlibspace.o(.text)
    __errno$intlibspace                      0x00001511   Thumb Code     0  rt_errno_addr_intlibspace.o(.text)
    __rt_errno_addr$intlibspace              0x00001511   Thumb Code     0  rt_errno_addr_intlibspace.o(.text)
    __user_libspace                          0x00001519   Thumb Code     8  libspace.o(.text)
    __user_perproc_libspace                  0x00001519   Thumb Code     0  libspace.o(.text)
    __user_perthread_libspace                0x00001519   Thumb Code     0  libspace.o(.text)
    __user_setup_stackheap                   0x00001521   Thumb Code    62  sys_stackheap_outer.o(.text)
    exit                                     0x0000155f   Thumb Code    16  exit.o(.text)
    __decompress                             0x0000156f   Thumb Code     0  __dczerorl2.o(.text)
    __decompress1                            0x0000156f   Thumb Code    86  __dczerorl2.o(.text)
    ACMP0_ConfigInit                         0x000015c5   Thumb Code    82  sys_hardware_init.o(i.ACMP0_ConfigInit)
    ACMP1_ConfigInit                         0x00001625   Thumb Code    82  sys_hardware_init.o(i.ACMP1_ConfigInit)
    ADC_ConfigInit                           0x00001685   Thumb Code   148  sys_hardware_init.o(i.ADC_ConfigInit)
    CLK_GetCoreFreq                          0x0000172d   Thumb Code   110  system_bat32g139.o(i.CLK_GetCoreFreq)
    CLK_MainOsc_Setting                      0x000017d1   Thumb Code    54  clk.o(i.CLK_MainOsc_Setting)
    CLK_Osc_Setting                          0x0000180d   Thumb Code    94  clk.o(i.CLK_Osc_Setting)
    CLK_PLL_Setting                          0x00001871   Thumb Code    40  clk.o(i.CLK_PLL_Setting)
    CLK_PLL_Start                            0x0000189d   Thumb Code    26  clk.o(i.CLK_PLL_Start)
    CMP_Input_Select                         0x000018bd   Thumb Code    26  cmp.o(i.CMP_Input_Select)
    CMP_VREF_Set_Value                       0x000018dd   Thumb Code    16  cmp.o(i.CMP_VREF_Set_Value)
    COM_AD_Data_Deal                         0x000018f1   Thumb Code   216  user_function.o(i.COM_AD_Data_Deal)
    COM_CHG_INV_Select                       0x000019ed   Thumb Code   878  user_function.o(i.COM_CHG_INV_Select)
    COM_CloseDrive                           0x00001dc9   Thumb Code    64  user_function.o(i.COM_CloseDrive)
    COM_Function                             0x00001e19   Thumb Code   116  user_function.o(i.COM_Function)
    COM_Get_Protect_Flag                     0x00001ea5   Thumb Code    88  user_fault_check.o(i.COM_Get_Protect_Flag)
    COM_PWM_Disable                          0x00001f01   Thumb Code    18  sys_hardware_init.o(i.COM_PWM_Disable)
    COM_UART1_Deal                           0x00001f1d   Thumb Code   272  user_function.o(i.COM_UART1_Deal)
    COM_UPS_Deal                             0x0000204d   Thumb Code   138  user_function.o(i.COM_UPS_Deal)
    DMA_Start                                0x000020f9   Thumb Code   158  dma.o(i.DMA_Start)
    ELC_Start                                0x000021a5   Thumb Code     6  elc.o(i.ELC_Start)
    EPWM_ConfigInit                          0x000021b1   Thumb Code   236  sys_hardware_init.o(i.EPWM_ConfigInit)
    Fault_Deal_Func                          0x000022b9   Thumb Code    20  sys_state_machine.o(i.Fault_Deal_Func)
    Fault_State_Check                        0x000022cd   Thumb Code   442  user_fault_check.o(i.Fault_State_Check)
    Fault_State_Deal                         0x00002529   Thumb Code     2  user_fault_check.o(i.Fault_State_Deal)
    Function_TxSendDebug_Four_INT            0x0000252d   Thumb Code    62  change.o(i.Function_TxSendDebug_Four_INT)
    GPIO_Init                                0x00002591   Thumb Code   114  sys_hardware_init.o(i.GPIO_Init)
    Get_PLL_Sin                              0x00002609   Thumb Code    12  change.o(i.Get_PLL_Sin)
    Get_PLL_Sin_WithARG                      0x00002615   Thumb Code   126  change.o(i.Get_PLL_Sin_WithARG)
    INV_PWM_Enable                           0x000026a1   Thumb Code    88  sys_hardware_init.o(i.INV_PWM_Enable)
    INV_Run_VariableInit                     0x00002709   Thumb Code   358  sys_variable_init.o(i.INV_Run_VariableInit)
    Initial_Deal_Func                        0x000028d9   Thumb Code    20  sys_state_machine.o(i.Initial_Deal_Func)
    Key_Calc                                 0x000028f1   Thumb Code    70  user_function.o(i.Key_Calc)
    PFC_PWM_Enable                           0x00002939   Thumb Code    62  sys_hardware_init.o(i.PFC_PWM_Enable)
    PFC_Run_VariableInit                     0x00002991   Thumb Code   258  sys_variable_init.o(i.PFC_Run_VariableInit)
    PORT_Init                                0x00002afd   Thumb Code   180  gpio.o(i.PORT_Init)
    Protect_Release                          0x00002bb9   Thumb Code     2  user_fault_check.o(i.Protect_Release)
    Ready_Deal_Func                          0x00002bbb   Thumb Code    12  sys_state_machine.o(i.Ready_Deal_Func)
    Ready_State_Check                        0x00002bc9   Thumb Code   430  sys_state_machine.o(i.Ready_State_Check)
    Run_Deal_Func                            0x00002de9   Thumb Code    34  sys_state_machine.o(i.Run_Deal_Func)
    Run_State_OpenDriver                     0x00002e0d   Thumb Code    44  sys_state_machine.o(i.Run_State_OpenDriver)
    State_Context_Func                       0x00002e45   Thumb Code   128  sys_state_machine.o(i.State_Context_Func)
    State_Context_Task                       0x00002ec5   Thumb Code   182  sys_state_machine.o(i.State_Context_Task)
    Stop_Deal_Func                           0x00002f89   Thumb Code     2  sys_state_machine.o(i.Stop_Deal_Func)
    SysTick_ConfigInit                       0x00002f8d   Thumb Code    44  sys_hardware_init.o(i.SysTick_ConfigInit)
    Sys_HardConfigInit                       0x00002fc5   Thumb Code   190  sys_hardware_init.o(i.Sys_HardConfigInit)
    Sys_IE_Init                              0x000030a1   Thumb Code   134  sys_hardware_init.o(i.Sys_IE_Init)
    Sys_Variableinit                         0x00003131   Thumb Code   490  sys_variable_init.o(i.Sys_Variableinit)
    SystemClock_Init                         0x000033b1   Thumb Code    58  sys_hardware_init.o(i.SystemClock_Init)
    SystemInit                               0x000033f9   Thumb Code    82  system_bat32g139.o(i.SystemInit)
    TIMC_ConfigInit                          0x0000346d   Thumb Code    50  sys_hardware_init.o(i.TIMC_ConfigInit)
    UART0_ConfigInit                         0x000034b1   Thumb Code   192  sys_hardware_init.o(i.UART0_ConfigInit)
    UART1_ConfigInit                         0x0000359d   Thumb Code   164  sys_hardware_init.o(i.UART1_ConfigInit)
    User_DelayTime_ms                        0x00003665   Thumb Code    22  user_function.o(i.User_DelayTime_ms)
    User_DelayTime_us                        0x00003681   Thumb Code    20  user_function.o(i.User_DelayTime_us)
    User_Divider                             0x00003695   Thumb Code    16  user_function.o(i.User_Divider)
    User_Key_Deal                            0x000036a9   Thumb Code   160  user_function.o(i.User_Key_Deal)
    User_LED_Deal                            0x00003765   Thumb Code   272  user_function.o(i.User_LED_Deal)
    User_LED_ms                              0x00003889   Thumb Code    84  user_function.o(i.User_LED_ms)
    User_RMS_Deal                            0x000038e1   Thumb Code    38  user_function.o(i.User_RMS_Deal)
    WDT_Restart                              0x00003915   Thumb Code     8  wdt.o(i.WDT_Restart)
    Waiting_Deal_Func                        0x00003921   Thumb Code    52  sys_state_machine.o(i.Waiting_Deal_Func)
    __ARM_common_switch8                     0x0000395d   Thumb Code    26  gpio.o(i.__ARM_common_switch8)
    _is_digit                                0x000039d5   Thumb Code    14  __printf_wp.o(i._is_digit)
    _sys_exit                                0x000039e5   Thumb Code    16  retarget.o(i._sys_exit)
    main                                     0x000039fd   Thumb Code    30  main.o(i.main)
    sqrt                                     0x00003a25   Thumb Code    66  sqrt.o(i.sqrt)
    NMI_Handler                              0x00003a6d   Thumb Code     0  wdt_user.o(i.wdt_interrupt)
    wdt_interrupt                            0x00003a6d   Thumb Code    16  wdt_user.o(i.wdt_interrupt)
    CLK_Fclk_Select                          0x00003a81   Thumb Code    62  clk.o(sram_code)
    Sine_Table_50Hz                          0x00003ac8   Data         840  user_sine_table.o(.constdata)
    __I$use$fp                               0x00003ac8   Number         0  usenofp.o(x$fpl$usenofp)
    Sine_Table_60Hz                          0x00003e10   Data         700  user_sine_table.o(.constdata)
    Region$$Table$$Base                      0x000041a0   Number         0  anon$$obj.o(Region$$Table)
    Region$$Table$$Limit                     0x000041d0   Number         0  anon$$obj.o(Region$$Table)
    Long Thumb to Thumb Veneer to COM_PWM_Disable 0x20000101   Thumb Code    12  anon$$obj.o(Veneer$$Code)
    Long Thumb to Thumb Veneer to User_Divider 0x2000010d   Thumb Code    12  anon$$obj.o(Veneer$$Code)
    Long Thumb to Thumb Veneer to Get_PLL_Sin 0x20000119   Thumb Code    12  anon$$obj.o(Veneer$$Code)
    Long Thumb to Thumb Veneer to Get_PLL_Sin_WithARG 0x20000125   Thumb Code    12  anon$$obj.o(Veneer$$Code)
    Long Thumb to Thumb Veneer to __aeabi_i2d 0x20000131   Thumb Code    12  anon$$obj.o(Veneer$$Code)
    Long Thumb to Thumb Veneer to __aeabi_dmul 0x2000013d   Thumb Code    12  anon$$obj.o(Veneer$$Code)
    Long Thumb to Thumb Veneer to __ARM_scalbn 0x20000149   Thumb Code    12  anon$$obj.o(Veneer$$Code)
    Long Thumb to Thumb Veneer to __aeabi_ddiv 0x20000155   Thumb Code    12  anon$$obj.o(Veneer$$Code)
    Long Thumb to Thumb Veneer to __aeabi_d2iz 0x20000161   Thumb Code    12  anon$$obj.o(Veneer$$Code)
    Long Thumb to Thumb Veneer to __aeabi_ui2d 0x2000016d   Thumb Code    12  anon$$obj.o(Veneer$$Code)
    Long Thumb to Thumb Veneer to sqrt       0x20000179   Thumb Code    12  anon$$obj.o(Veneer$$Code)
    Long Thumb to Thumb Veneer to __aeabi_idivmod 0x20000185   Thumb Code    12  anon$$obj.o(Veneer$$Code)
    Long Thumb to Thumb Veneer to __aeabi_uidivmod 0x20000191   Thumb Code    12  anon$$obj.o(Veneer$$Code)
    Long Thumb to Thumb Veneer to Function_TxSendDebug_Four_INT 0x2000019d   Thumb Code    12  anon$$obj.o(Veneer$$Code)
    Long Thumb to Thumb Veneer to __aeabi_lmul 0x200001a9   Thumb Code    12  anon$$obj.o(Veneer$$Code)
    Long Thumb to Thumb Veneer to COM_UPS_Deal 0x200001b5   Thumb Code    12  anon$$obj.o(Veneer$$Code)
    COM_Uartx_HeartCheck                     0x200001c1   Thumb Code    64  user_communication.o(i.COM_Uartx_HeartCheck)
    HardFault_Handler                        0x20000201   Thumb Code    24  interrupt.o(i.HardFault_Handler)
    INV_AC_Vol_FreCalc                       0x20000221   Thumb Code   134  user_parallel.o(i.INV_AC_Vol_FreCalc)
    INV_Ctrl                                 0x200002b9   Thumb Code  1092  inv_ctrl.o(i.INV_Ctrl)
    INV_DataSend                             0x200006fd   Thumb Code   266  user_communication.o(i.INV_DataSend)
    INV_Deal                                 0x20000835   Thumb Code   110  interrupt.o(i.INV_Deal)
    INV_Lock_Phase                           0x200008c5   Thumb Code   246  inv_ctrl.o(i.INV_Lock_Phase)
    INV_MasterSlaveSelect                    0x200009dd   Thumb Code   122  user_parallel.o(i.INV_MasterSlaveSelect)
    INV_PQ_Droop_Ctrl                        0x20000a65   Thumb Code    74  pq_droop_ctrl.o(i.INV_PQ_Droop_Ctrl)
    PFC_AC_Vol_FreCalc                       0x20000ab1   Thumb Code   136  user_parallel.o(i.PFC_AC_Vol_FreCalc)
    PFC_Ctrl                                 0x20000b55   Thumb Code   238  pfc_ctrl.o(i.PFC_Ctrl)
    PFC_Deal                                 0x20000c65   Thumb Code   380  interrupt.o(i.PFC_Deal)
    PFC_PID_Ctrl                             0x20000e25   Thumb Code   102  pid_ctrl.o(i.PFC_PID_Ctrl)
    PFC_VBus_RefCalc                         0x20000e8d   Thumb Code   150  pfc_ctrl.o(i.PFC_VBus_RefCalc)
    PID_Ctrl                                 0x20000f39   Thumb Code    98  pid_ctrl.o(i.PID_Ctrl)
    PLL_Ctrl                                 0x20000f9d   Thumb Code   432  pll_ctrl.o(i.PLL_Ctrl)
    PLL_Ctrl_Param                           0x2000115d   Thumb Code    32  pll_ctrl.o(i.PLL_Ctrl_Param)
    RMS_PQ_Calc                              0x20001189   Thumb Code   240  user_sample.o(i.RMS_PQ_Calc)
    RMS_PQ_Update                            0x2000128d   Thumb Code   280  user_sample.o(i.RMS_PQ_Update)
    SysTick_Handler                          0x200013b5   Thumb Code   146  interrupt.o(i.SysTick_Handler)
    UART1_INV_DataSend                       0x20001471   Thumb Code   112  user_communication.o(i.UART1_INV_DataSend)
    User_UART_View                           0x200014f1   Thumb Code    26  user_communication.o(i.User_UART_View)
    IRQ21_Handler                            0x20001515   Thumb Code     0  interrupt.o(i.adc_interrupt)
    adc_interrupt                            0x20001515   Thumb Code   546  interrupt.o(i.adc_interrupt)
    crc16_modbus                             0x2000176d   Thumb Code    50  user_communication.o(i.crc16_modbus)
    IRQ27_Handler                            0x200017a5   Thumb Code     0  interrupt.o(i.tmm0_interrupt)
    tmm0_interrupt                           0x200017a5   Thumb Code    28  interrupt.o(i.tmm0_interrupt)
    IRQ28_Handler                            0x200017c9   Thumb Code     0  interrupt.o(i.tmm1_interrupt)
    tmm1_interrupt                           0x200017c9   Thumb Code   390  interrupt.o(i.tmm1_interrupt)
    IRQ14_Handler                            0x200019a1   Thumb Code     0  interrupt.o(i.uart1_interrupt_receive)
    uart1_interrupt_receive                  0x200019a1   Thumb Code    26  interrupt.o(i.uart1_interrupt_receive)
    Sin_Cos_Table                            0x200019c4   Data         512  pll_ctrl.o(.constdata)
    g_WdtIntTaken                            0x20001bc4   Data           4  wdt_user.o(.data)
    tmsr1_temp                               0x20001bc8   Data           1  interrupt.o(.data)
    tmier1_temp                              0x20001bc9   Data           1  interrupt.o(.data)
    PFC_StartCount                           0x20001bca   Data           2  interrupt.o(.data)
    u16AD_Cnt                                0x20001bcc   Data           2  interrupt.o(.data)
    User_UART_View_cnt11                     0x20001bd0   Data           4  interrupt.o(.data)
    count_err                                0x20001bd4   Data           4  interrupt.o(.data)
    PFC_P_OLP1_Info                          0x20001bd8   Data          20  sys_struct.o(.data)
    PFC_P_OLP2_Info                          0x20001bec   Data          20  sys_struct.o(.data)
    PFC_RMS_OCP1_Info                        0x20001c00   Data          20  sys_struct.o(.data)
    PFC_RMS_OCP2_Info                        0x20001c14   Data          20  sys_struct.o(.data)
    COM_VBus_OVP1_Info                       0x20001c28   Data          20  sys_struct.o(.data)
    COM_VBus_OVP2_Info                       0x20001c3c   Data          20  sys_struct.o(.data)
    COM_VBus_OVP3_Info                       0x20001c50   Data          20  sys_struct.o(.data)
    INV_VBus_LVP1_Info                       0x20001c64   Data          20  sys_struct.o(.data)
    INV_VBus_LVP2_Info                       0x20001c78   Data          20  sys_struct.o(.data)
    INV_VBus_LVP3_Info                       0x20001c8c   Data          20  sys_struct.o(.data)
    INV_P_OLP1_Info                          0x20001ca0   Data          20  sys_struct.o(.data)
    INV_P_OLP2_Info                          0x20001cb4   Data          20  sys_struct.o(.data)
    INV_P_OLP3_Info                          0x20001cc8   Data          20  sys_struct.o(.data)
    INV_P_OLP4_Info                          0x20001cdc   Data          20  sys_struct.o(.data)
    INV_S_OLP1_Info                          0x20001cf0   Data          20  sys_struct.o(.data)
    INV_S_OLP2_Info                          0x20001d04   Data          20  sys_struct.o(.data)
    INV_S_OLP3_Info                          0x20001d18   Data          20  sys_struct.o(.data)
    INV_S_OLP4_Info                          0x20001d2c   Data          20  sys_struct.o(.data)
    INV_RMS_OCP1_Info                        0x20001d40   Data          20  sys_struct.o(.data)
    INV_RMS_OCP2_Info                        0x20001d54   Data          20  sys_struct.o(.data)
    INV_RMS_OCP3_Info                        0x20001d68   Data          20  sys_struct.o(.data)
    INV_RMS_OCP4_Info                        0x20001d7c   Data          20  sys_struct.o(.data)
    INV_IST_OCP1_Info                        0x20001d90   Data          20  sys_struct.o(.data)
    INV_ACOUT_OVP_Info                       0x20001da4   Data          20  sys_struct.o(.data)
    INV_ACOUT_LVP_Info                       0x20001db8   Data          20  sys_struct.o(.data)
    INV_ACOUT_SCP_Info                       0x20001dcc   Data          20  sys_struct.o(.data)
    INV_ACOUT_P_SCP_Info                     0x20001de0   Data          20  sys_struct.o(.data)
    COM_AuxPower_OVP_Info                    0x20001df4   Data          20  sys_struct.o(.data)
    COM_AuxPower_LVP_Info                    0x20001e08   Data          20  sys_struct.o(.data)
    COM_Vref_OVP_Info                        0x20001e1c   Data          20  sys_struct.o(.data)
    COM_Vref_LVP_Info                        0x20001e30   Data          20  sys_struct.o(.data)
    COM_OTP1_Info                            0x20001e44   Data          20  sys_struct.o(.data)
    COM_OTP2_Info                            0x20001e58   Data          20  sys_struct.o(.data)
    INV_StartCheck_VBus_Up                   0x20001e6c   Data          20  sys_struct.o(.data)
    INV_StartCheck_VBus_Down                 0x20001e80   Data          20  sys_struct.o(.data)
    COM_StartCheck_AuxPower_Up               0x20001e94   Data          20  sys_struct.o(.data)
    COM_StartCheck_AuxPower_Down             0x20001ea8   Data          20  sys_struct.o(.data)
    PFC_StartCheck_AC_VOL_Up                 0x20001ebc   Data          20  sys_struct.o(.data)
    PFC_StartCheck_AC_VOL_Down               0x20001ed0   Data          20  sys_struct.o(.data)
    PFC_StartCheck_FREQ_Up                   0x20001ee4   Data          20  sys_struct.o(.data)
    PFC_StartCheck_FREQ_Down                 0x20001ef8   Data          20  sys_struct.o(.data)
    COM_StartCheck_Temp_Up                   0x20001f0c   Data          20  sys_struct.o(.data)
    AD_Correct_V_ACOUT                       0x20001f20   Data          40  sys_struct.o(.data)
    AD_Correct_V_ACIN                        0x20001f48   Data          40  sys_struct.o(.data)
    AD_Correct_I_Induc                       0x20001f70   Data          40  sys_struct.o(.data)
    AD_Correct_I_Load                        0x20001f98   Data          40  sys_struct.o(.data)
    AD_Correct_Vref                          0x20001fc0   Data          40  sys_struct.o(.data)
    INV_PID_Vol                              0x20001fe8   Data          84  sys_struct.o(.data)
    INV_PID_Cur                              0x2000203c   Data          84  sys_struct.o(.data)
    INV_PID_Power                            0x20002090   Data          84  sys_struct.o(.data)
    INV_PID_DCIM                             0x200020e4   Data          84  sys_struct.o(.data)
    PFC_PID_Vol                              0x20002138   Data          84  sys_struct.o(.data)
    PFC_PID_Cur                              0x2000218c   Data          84  sys_struct.o(.data)
    INV_Repeat_Info                          0x200021e0   Data          56  sys_struct.o(.data)
    Key_SW_InvOn                             0x20002218   Data          20  sys_struct.o(.data)
    StartCheck_Flag_Info                     0x2000222c   Data           2  sys_struct.o(.data)
    System_ProtectFlag_Info                  0x2000222e   Data           4  sys_struct.o(.data)
    UART1_Info                               0x20002234   Data         300  sys_struct.o(.data)
    UARTx_DC_Info                            0x20002360   Data           8  sys_struct.o(.data)
    SysClockBase_ms                          0x20002368   Data           2  sys_struct.o(.data)
    i16_variableI                            0x2000236a   Data           2  sys_variable_init.o(.data)
    Stop_Deal                                0x2000236c   Data           8  sys_state_machine.o(.data)
    State_Context                            0x20002374   Data          32  sys_state_machine.o(.data)
    Initial_Deal                             0x20002394   Data          16  sys_state_machine.o(.data)
    Waiting_Deal                             0x200023a4   Data          16  sys_state_machine.o(.data)
    Ready_Deal                               0x200023b4   Data          20  sys_state_machine.o(.data)
    Run_Deal                                 0x200023c8   Data          20  sys_state_machine.o(.data)
    Fault_Deal                               0x200023dc   Data          16  sys_state_machine.o(.data)
    INV_flag_cnt1                            0x200023ec   Data           1  user_parallel.o(.data)
    PFC_flag_cnt1                            0x200023ed   Data           1  user_parallel.o(.data)
    INV_flag_cnt                             0x200023ee   Data           1  user_parallel.o(.data)
    INV_flag                                 0x200023ef   Data           1  user_parallel.o(.data)
    PFC_flag                                 0x200023f0   Data           1  user_parallel.o(.data)
    PFC_flag_cnt                             0x200023f1   Data           1  user_parallel.o(.data)
    INV_TimeCntVal                           0x200023f2   Data           2  user_parallel.o(.data)
    u16_INV_Freq_Cnt                         0x200023f4   Data           2  user_parallel.o(.data)
    PFC_TimeCntVal                           0x200023f6   Data           2  user_parallel.o(.data)
    PFC_Freq_Time_Cnt                        0x200023f8   Data           2  user_parallel.o(.data)
    u8_Key_SW_InvOn_Flag                     0x200023fc   Data           1  user_function.o(.data)
    u8_System1msbit_cnt                      0x200023fd   Data           1  user_function.o(.data)
    u16INV_OFF_Flag                          0x200023fe   Data           2  user_function.o(.data)
    i16PFC_AC_Vol_AD_temp                    0x20002400   Data           2  user_function.o(.data)
    u16_InvOn_Start_count                    0x20002402   Data           2  user_function.o(.data)
    UART1_RXD_B_Temp                         0x20002404   Data           4  user_function.o(.data)
    PFC_VBUS_READY_OK_Cnt                    0x20002408   Data           2  user_communication.o(.data)
    isAllowCHG                               0x2000240c   Data           4  change.o(.data)
    PWM_CNT                                  0x20002410   Data           2  change.o(.data)
    save_cnt                                 0x20002414   Data           4  change.o(.data)
    Workms                                   0x20002418   Data           4  change.o(.data)
    Works                                    0x2000241c   Data           4  change.o(.data)
    WorkMin                                  0x20002420   Data           4  change.o(.data)
    PFC_CHG_Out_StepVal                      0x20002424   Data           1  pfc_ctrl.o(.data)
    PFC_Reverse_Flag                         0x20002425   Data           1  pfc_ctrl.o(.data)
    PFC_Reverse_BufferCount                  0x20002426   Data           2  pfc_ctrl.o(.data)
    PFC_Zero_DutySS_Count                    0x20002428   Data           4  pfc_ctrl.o(.data)
    u16Index                                 0x2000242c   Data           2  pll_ctrl.o(.data)
    u16Index2                                0x2000242e   Data           2  pll_ctrl.o(.data)
    SystemCoreClock                          0x20002430   Data           4  system_bat32g139.o(.data)
    INV_PQ_Droop_Info                        0x20002434   Data          76  sys_struct.o(.bss)
    RMS_PQ_Info                              0x20002480   Data         136  sys_struct.o(.bss)
    ADSample_Info                            0x20002508   Data          84  sys_struct.o(.bss)
    COM_Ctr_Info                             0x2000255c   Data          64  sys_struct.o(.bss)
    UPS_Ctr_Info                             0x2000259c   Data          44  sys_struct.o(.bss)
    LED_Ctr_Info                             0x200025c8   Data          10  sys_struct.o(.bss)
    InvToDC_Data_Info                        0x200025d2   Data          20  sys_struct.o(.bss)
    COM_AD_Data_Info                         0x200025e8   Data          60  sys_struct.o(.bss)
    ADSampleDMA_Info                         0x20002624   Data          10  sys_struct.o(.bss)
    PFC_Ctrl_Info                            0x20002630   Data          92  sys_struct.o(.bss)
    PFC_Ref_Info                             0x2000268c   Data          12  sys_struct.o(.bss)
    PFC_VPID_Info                            0x20002698   Data          20  sys_struct.o(.bss)
    INV_Parall_Info                          0x200026ac   Data          28  sys_struct.o(.bss)
    INV_Ctrl_Info                            0x200026c8   Data         196  sys_struct.o(.bss)
    P_table                                  0x2000278c   Data        1360  user_sample.o(.bss)
    INV_AC_Vol_table                         0x20002cdc   Data        1360  user_sample.o(.bss)
    PFC_AC_Vol_table                         0x2000322c   Data        1360  user_sample.o(.bss)
    CurLoad_table                            0x2000377c   Data        1360  user_sample.o(.bss)
    CurInduc_table                           0x20003ccc   Data        1360  user_sample.o(.bss)
    txBuf                                    0x2000421c   Data          24  user_communication.o(.bss)
    num                                      0x20004234   Data          20  user_communication.o(.bss)
    save                                     0x20004248   Data        2048  change.o(.bss)
    save2                                    0x20004a48   Data        2048  change.o(.bss)
    txChar                                   0x20005248   Data          24  change.o(.bss)
    txCharL                                  0x20005260   Data          40  change.o(.bss)
    RepeatOut                                0x20005288   Data        1200  repeat_ctrl.o(.bss)
    RepeatErr                                0x20005738   Data        1200  repeat_ctrl.o(.bss)
    PLL_Ctrl_Info_V_ACOUT                    0x20005be8   Data        2372  pll_ctrl.o(.bss)
    PLL_Ctrl_Info_V_ACIN                     0x2000652c   Data        2372  pll_ctrl.o(.bss)
    PFC_3Theta_Info                          0x20006e70   Data          12  pll_ctrl.o(.bss)
    __libspace_start                         0x20006e7c   Data          96  libspace.o(.bss)
    __temporary_stack_top$libspace           0x20006edc   Data           0  libspace.o(.bss)



==============================================================================

Memory Map of the image

  Image Entry point : 0x0000010d

  Load Region LR_IROM1 (Base: 0x00000000, Size: 0x00006504, Max: 0x00040000, ABSOLUTE, COMPRESSED[0x00005f34])

    Execution Region ER_IROM1 (Exec base: 0x00000000, Load base: 0x00000000, Size: 0x000041d0, Max: 0x00040000, ABSOLUTE)

    Exec Addr    Load Addr    Size         Type   Attr      Idx    E Section Name        Object

    0x00000000   0x00000000   0x000000c0   Data   RO         4483    RESET               startup_bat32g139.o
    0x000000c0   0x000000c0   0x00000004   Data   RO         4494    .ARM.__AT_0x000000C0  system_bat32g139.o
    0x000000c4   0x000000c4   0x0000000c   Ven    RO         4879    Veneer$$Code        anon$$obj.o
    0x000000d0   0x000000d0   0x0000000c   Ven    RO         4880    Veneer$$Code        anon$$obj.o
    0x000000dc   0x000000dc   0x0000000c   Ven    RO         4881    Veneer$$Code        anon$$obj.o
    0x000000e8   0x000000e8   0x0000000c   Ven    RO         4882    Veneer$$Code        anon$$obj.o
    0x000000f4   0x000000f4   0x0000000c   Ven    RO         4883    Veneer$$Code        anon$$obj.o
    0x00000100   0x00000100   0x0000000c   Ven    RO         4884    Veneer$$Code        anon$$obj.o
    0x0000010c   0x0000010c   0x00000008   Code   RO         4608  * !!!main             c_p.l(__main.o)
    0x00000114   0x00000114   0x0000003c   Code   RO         4873    !!!scatter          c_p.l(__scatter.o)
    0x00000150   0x00000150   0x0000001a   Code   RO         4875    !!handler_copy      c_p.l(__scatter_copy.o)
    0x0000016a   0x0000016a   0x00000002   PAD
    0x0000016c   0x0000016c   0x0000001c   Code   RO         4877    !!handler_zi        c_p.l(__scatter_zi.o)
    0x00000188   0x00000188   0x00000002   Code   RO         4595    .ARM.Collect$$_printf_percent$$00000000  c_p.l(_printf_percent.o)
    0x0000018a   0x0000018a   0x0000000a   Code   RO         4593    .ARM.Collect$$_printf_percent$$00000009  c_p.l(_printf_d.o)
    0x00000194   0x00000194   0x00000004   Code   RO         4665    .ARM.Collect$$_printf_percent$$00000017  c_p.l(_printf_percent_end.o)
    0x00000198   0x00000198   0x00000002   Code   RO         4743    .ARM.Collect$$libinit$$00000000  c_p.l(libinit.o)
    0x0000019a   0x0000019a   0x00000000   Code   RO         4745    .ARM.Collect$$libinit$$00000002  c_p.l(libinit2.o)
    0x0000019a   0x0000019a   0x00000000   Code   RO         4747    .ARM.Collect$$libinit$$00000004  c_p.l(libinit2.o)
    0x0000019a   0x0000019a   0x00000000   Code   RO         4750    .ARM.Collect$$libinit$$0000000A  c_p.l(libinit2.o)
    0x0000019a   0x0000019a   0x00000000   Code   RO         4752    .ARM.Collect$$libinit$$0000000C  c_p.l(libinit2.o)
    0x0000019a   0x0000019a   0x00000000   Code   RO         4754    .ARM.Collect$$libinit$$0000000E  c_p.l(libinit2.o)
    0x0000019a   0x0000019a   0x00000000   Code   RO         4757    .ARM.Collect$$libinit$$00000011  c_p.l(libinit2.o)
    0x0000019a   0x0000019a   0x00000000   Code   RO         4759    .ARM.Collect$$libinit$$00000013  c_p.l(libinit2.o)
    0x0000019a   0x0000019a   0x00000000   Code   RO         4761    .ARM.Collect$$libinit$$00000015  c_p.l(libinit2.o)
    0x0000019a   0x0000019a   0x00000000   Code   RO         4763    .ARM.Collect$$libinit$$00000017  c_p.l(libinit2.o)
    0x0000019a   0x0000019a   0x00000000   Code   RO         4765    .ARM.Collect$$libinit$$00000019  c_p.l(libinit2.o)
    0x0000019a   0x0000019a   0x00000000   Code   RO         4767    .ARM.Collect$$libinit$$0000001B  c_p.l(libinit2.o)
    0x0000019a   0x0000019a   0x00000000   Code   RO         4769    .ARM.Collect$$libinit$$0000001D  c_p.l(libinit2.o)
    0x0000019a   0x0000019a   0x00000000   Code   RO         4771    .ARM.Collect$$libinit$$0000001F  c_p.l(libinit2.o)
    0x0000019a   0x0000019a   0x00000000   Code   RO         4773    .ARM.Collect$$libinit$$00000021  c_p.l(libinit2.o)
    0x0000019a   0x0000019a   0x00000000   Code   RO         4775    .ARM.Collect$$libinit$$00000023  c_p.l(libinit2.o)
    0x0000019a   0x0000019a   0x00000000   Code   RO         4777    .ARM.Collect$$libinit$$00000025  c_p.l(libinit2.o)
    0x0000019a   0x0000019a   0x00000000   Code   RO         4781    .ARM.Collect$$libinit$$0000002C  c_p.l(libinit2.o)
    0x0000019a   0x0000019a   0x00000000   Code   RO         4783    .ARM.Collect$$libinit$$0000002E  c_p.l(libinit2.o)
    0x0000019a   0x0000019a   0x00000000   Code   RO         4785    .ARM.Collect$$libinit$$00000030  c_p.l(libinit2.o)
    0x0000019a   0x0000019a   0x00000000   Code   RO         4787    .ARM.Collect$$libinit$$00000032  c_p.l(libinit2.o)
    0x0000019a   0x0000019a   0x00000002   Code   RO         4788    .ARM.Collect$$libinit$$00000033  c_p.l(libinit2.o)
    0x0000019c   0x0000019c   0x00000002   Code   RO         4831    .ARM.Collect$$libshutdown$$00000000  c_p.l(libshutdown.o)
    0x0000019e   0x0000019e   0x00000000   Code   RO         4852    .ARM.Collect$$libshutdown$$00000002  c_p.l(libshutdown2.o)
    0x0000019e   0x0000019e   0x00000000   Code   RO         4854    .ARM.Collect$$libshutdown$$00000004  c_p.l(libshutdown2.o)
    0x0000019e   0x0000019e   0x00000000   Code   RO         4856    .ARM.Collect$$libshutdown$$00000006  c_p.l(libshutdown2.o)
    0x0000019e   0x0000019e   0x00000000   Code   RO         4859    .ARM.Collect$$libshutdown$$00000009  c_p.l(libshutdown2.o)
    0x0000019e   0x0000019e   0x00000000   Code   RO         4862    .ARM.Collect$$libshutdown$$0000000C  c_p.l(libshutdown2.o)
    0x0000019e   0x0000019e   0x00000000   Code   RO         4864    .ARM.Collect$$libshutdown$$0000000E  c_p.l(libshutdown2.o)
    0x0000019e   0x0000019e   0x00000000   Code   RO         4867    .ARM.Collect$$libshutdown$$00000011  c_p.l(libshutdown2.o)
    0x0000019e   0x0000019e   0x00000002   Code   RO         4868    .ARM.Collect$$libshutdown$$00000012  c_p.l(libshutdown2.o)
    0x000001a0   0x000001a0   0x00000000   Code   RO         4648    .ARM.Collect$$rtentry$$00000000  c_p.l(__rtentry.o)
    0x000001a0   0x000001a0   0x00000000   Code   RO         4674    .ARM.Collect$$rtentry$$00000002  c_p.l(__rtentry2.o)
    0x000001a0   0x000001a0   0x00000006   Code   RO         4686    .ARM.Collect$$rtentry$$00000004  c_p.l(__rtentry4.o)
    0x000001a6   0x000001a6   0x00000000   Code   RO         4676    .ARM.Collect$$rtentry$$00000009  c_p.l(__rtentry2.o)
    0x000001a6   0x000001a6   0x00000004   Code   RO         4677    .ARM.Collect$$rtentry$$0000000A  c_p.l(__rtentry2.o)
    0x000001aa   0x000001aa   0x00000000   Code   RO         4679    .ARM.Collect$$rtentry$$0000000C  c_p.l(__rtentry2.o)
    0x000001aa   0x000001aa   0x00000008   Code   RO         4680    .ARM.Collect$$rtentry$$0000000D  c_p.l(__rtentry2.o)
    0x000001b2   0x000001b2   0x00000002   Code   RO         4792    .ARM.Collect$$rtexit$$00000000  c_p.l(rtexit.o)
    0x000001b4   0x000001b4   0x00000000   Code   RO         4805    .ARM.Collect$$rtexit$$00000002  c_p.l(rtexit2.o)
    0x000001b4   0x000001b4   0x00000004   Code   RO         4806    .ARM.Collect$$rtexit$$00000003  c_p.l(rtexit2.o)
    0x000001b8   0x000001b8   0x00000006   Code   RO         4807    .ARM.Collect$$rtexit$$00000004  c_p.l(rtexit2.o)
    0x000001be   0x000001be   0x00000002   PAD
    0x000001c0   0x000001c0   0x00000080   Code   RO         4484    .text               startup_bat32g139.o
    0x00000240   0x00000240   0x00000030   Code   RO         4535    .text               c_p.l(llmul.o)
    0x00000270   0x00000270   0x00000028   Code   RO         4543    .text               c_p.l(noretval__2sprintf.o)
    0x00000298   0x00000298   0x0000006c   Code   RO         4549    .text               c_p.l(_printf_dec.o)
    0x00000304   0x00000304   0x00000138   Code   RO         4584    .text               c_p.l(__printf_flags_wp.o)
    0x0000043c   0x0000043c   0x00000044   Code   RO         4596    .text               c_p.l(strlen.o)
    0x00000480   0x00000480   0x0000015a   Code   RO         4602    .text               c_p.l(aeabi_sdiv.o)
    0x000005da   0x000005da   0x00000006   Code   RO         4606    .text               c_p.l(heapauxi.o)
    0x000005e0   0x000005e0   0x00000358   Code   RO         4610    .text               fz_ps.l(daddsub.o)
    0x00000938   0x00000938   0x00000448   Code   RO         4612    .text               fz_ps.l(ddiv.o)
    0x00000d80   0x00000d80   0x0000006c   Code   RO         4617    .text               fz_ps.l(dfixi.o)
    0x00000dec   0x00000dec   0x00000058   Code   RO         4619    .text               fz_ps.l(dflti.o)
    0x00000e44   0x00000e44   0x00000248   Code   RO         4623    .text               fz_ps.l(dmul.o)
    0x0000108c   0x0000108c   0x00000060   Code   RO         4627    .text               fz_ps.l(dscalbn.o)
    0x000010ec   0x000010ec   0x00000054   Code   RO         4629    .text               fz_ps.l(f2d.o)
    0x00001140   0x00001140   0x00000160   Code   RO         4631    .text               fz_ps.l(fdiv.o)
    0x000012a0   0x000012a0   0x00000044   Code   RO         4636    .text               fz_ps.l(fscalbn.o)
    0x000012e4   0x000012e4   0x00000016   Code   RO         4653    .text               c_p.l(_rserrno.o)
    0x000012fa   0x000012fa   0x000000b0   Code   RO         4655    .text               c_p.l(_printf_intcommon.o)
    0x000013aa   0x000013aa   0x00000002   PAD
    0x000013ac   0x000013ac   0x00000030   Code   RO         4659    .text               c_p.l(_printf_char_common.o)
    0x000013dc   0x000013dc   0x0000000a   Code   RO         4661    .text               c_p.l(_sputc.o)
    0x000013e6   0x000013e6   0x00000028   Code   RO         4666    .text               c_p.l(rtudiv10.o)
    0x0000140e   0x0000140e   0x00000002   PAD
    0x00001410   0x00001410   0x00000100   Code   RO         4670    .text               fz_ps.l(dsqrt.o)
    0x00001510   0x00001510   0x00000008   Code   RO         4698    .text               c_p.l(rt_errno_addr_intlibspace.o)
    0x00001518   0x00001518   0x00000008   Code   RO         4724    .text               c_p.l(libspace.o)
    0x00001520   0x00001520   0x0000003e   Code   RO         4727    .text               c_p.l(sys_stackheap_outer.o)
    0x0000155e   0x0000155e   0x00000010   Code   RO         4730    .text               c_p.l(exit.o)
    0x0000156e   0x0000156e   0x00000056   Code   RO         4871    .text               c_p.l(__dczerorl2.o)
    0x000015c4   0x000015c4   0x00000060   Code   RO         3698    i.ACMP0_ConfigInit  sys_hardware_init.o
    0x00001624   0x00001624   0x00000060   Code   RO         3699    i.ACMP1_ConfigInit  sys_hardware_init.o
    0x00001684   0x00001684   0x000000a8   Code   RO         3700    i.ADC_ConfigInit    sys_hardware_init.o
    0x0000172c   0x0000172c   0x000000a4   Code   RO         4490    i.CLK_GetCoreFreq   system_bat32g139.o
    0x000017d0   0x000017d0   0x0000003c   Code   RO          459    i.CLK_MainOsc_Setting  clk.o
    0x0000180c   0x0000180c   0x00000064   Code   RO          462    i.CLK_Osc_Setting   clk.o
    0x00001870   0x00001870   0x0000002c   Code   RO          463    i.CLK_PLL_Setting   clk.o
    0x0000189c   0x0000189c   0x00000020   Code   RO          464    i.CLK_PLL_Start     clk.o
    0x000018bc   0x000018bc   0x00000020   Code   RO          554    i.CMP_Input_Select  cmp.o
    0x000018dc   0x000018dc   0x00000014   Code   RO          558    i.CMP_VREF_Set_Value  cmp.o
    0x000018f0   0x000018f0   0x000000fc   Code   RO         4017    i.COM_AD_Data_Deal  user_function.o
    0x000019ec   0x000019ec   0x000003dc   Code   RO         4018    i.COM_CHG_INV_Select  user_function.o
    0x00001dc8   0x00001dc8   0x00000050   Code   RO         4019    i.COM_CloseDrive    user_function.o
    0x00001e18   0x00001e18   0x0000008c   Code   RO         4020    i.COM_Function      user_function.o
    0x00001ea4   0x00001ea4   0x0000005c   Code   RO         4137    i.COM_Get_Protect_Flag  user_fault_check.o
    0x00001f00   0x00001f00   0x0000001c   Code   RO         3701    i.COM_PWM_Disable   sys_hardware_init.o
    0x00001f1c   0x00001f1c   0x00000130   Code   RO         4021    i.COM_UART1_Deal    user_function.o
    0x0000204c   0x0000204c   0x000000ac   Code   RO         4022    i.COM_UPS_Deal      user_function.o
    0x000020f8   0x000020f8   0x000000ac   Code   RO          706    i.DMA_Start         dma.o
    0x000021a4   0x000021a4   0x0000000c   Code   RO          746    i.ELC_Start         elc.o
    0x000021b0   0x000021b0   0x00000108   Code   RO         3702    i.EPWM_ConfigInit   sys_hardware_init.o
    0x000022b8   0x000022b8   0x00000014   Code   RO         3828    i.Fault_Deal_Func   sys_state_machine.o
    0x000022cc   0x000022cc   0x0000025c   Code   RO         4138    i.Fault_State_Check  user_fault_check.o
    0x00002528   0x00002528   0x00000002   Code   RO         4139    i.Fault_State_Deal  user_fault_check.o
    0x0000252a   0x0000252a   0x00000002   PAD
    0x0000252c   0x0000252c   0x00000064   Code   RO         4247    i.Function_TxSendDebug_Four_INT  change.o
    0x00002590   0x00002590   0x00000078   Code   RO         3703    i.GPIO_Init         sys_hardware_init.o
    0x00002608   0x00002608   0x0000000c   Code   RO         4252    i.Get_PLL_Sin       change.o
    0x00002614   0x00002614   0x0000008c   Code   RO         4253    i.Get_PLL_Sin_WithARG  change.o
    0x000026a0   0x000026a0   0x00000068   Code   RO         3704    i.INV_PWM_Enable    sys_hardware_init.o
    0x00002708   0x00002708   0x000001d0   Code   RO         3662    i.INV_Run_VariableInit  sys_variable_init.o
    0x000028d8   0x000028d8   0x00000018   Code   RO         3829    i.Initial_Deal_Func  sys_state_machine.o
    0x000028f0   0x000028f0   0x00000046   Code   RO         4023    i.Key_Calc          user_function.o
    0x00002936   0x00002936   0x00000002   PAD
    0x00002938   0x00002938   0x00000058   Code   RO         3705    i.PFC_PWM_Enable    sys_hardware_init.o
    0x00002990   0x00002990   0x0000016c   Code   RO         3663    i.PFC_Run_VariableInit  sys_variable_init.o
    0x00002afc   0x00002afc   0x000000bc   Code   RO          823    i.PORT_Init         gpio.o
    0x00002bb8   0x00002bb8   0x00000002   Code   RO         4140    i.Protect_Release   user_fault_check.o
    0x00002bba   0x00002bba   0x0000000c   Code   RO         3830    i.Ready_Deal_Func   sys_state_machine.o
    0x00002bc6   0x00002bc6   0x00000002   PAD
    0x00002bc8   0x00002bc8   0x00000220   Code   RO         3831    i.Ready_State_Check  sys_state_machine.o
    0x00002de8   0x00002de8   0x00000022   Code   RO         3832    i.Run_Deal_Func     sys_state_machine.o
    0x00002e0a   0x00002e0a   0x00000002   PAD
    0x00002e0c   0x00002e0c   0x00000038   Code   RO         3833    i.Run_State_OpenDriver  sys_state_machine.o
    0x00002e44   0x00002e44   0x00000080   Code   RO         3834    i.State_Context_Func  sys_state_machine.o
    0x00002ec4   0x00002ec4   0x000000c4   Code   RO         3835    i.State_Context_Task  sys_state_machine.o
    0x00002f88   0x00002f88   0x00000002   Code   RO         3836    i.Stop_Deal_Func    sys_state_machine.o
    0x00002f8a   0x00002f8a   0x00000002   PAD
    0x00002f8c   0x00002f8c   0x00000038   Code   RO         3706    i.SysTick_ConfigInit  sys_hardware_init.o
    0x00002fc4   0x00002fc4   0x000000dc   Code   RO         3707    i.Sys_HardConfigInit  sys_hardware_init.o
    0x000030a0   0x000030a0   0x00000090   Code   RO         3708    i.Sys_IE_Init       sys_hardware_init.o
    0x00003130   0x00003130   0x00000280   Code   RO         3664    i.Sys_Variableinit  sys_variable_init.o
    0x000033b0   0x000033b0   0x00000048   Code   RO         3709    i.SystemClock_Init  sys_hardware_init.o
    0x000033f8   0x000033f8   0x00000074   Code   RO         4493    i.SystemInit        system_bat32g139.o
    0x0000346c   0x0000346c   0x00000044   Code   RO         3710    i.TIMC_ConfigInit   sys_hardware_init.o
    0x000034b0   0x000034b0   0x000000ec   Code   RO         3711    i.UART0_ConfigInit  sys_hardware_init.o
    0x0000359c   0x0000359c   0x000000c8   Code   RO         3712    i.UART1_ConfigInit  sys_hardware_init.o
    0x00003664   0x00003664   0x0000001c   Code   RO         4024    i.User_DelayTime_ms  user_function.o
    0x00003680   0x00003680   0x00000014   Code   RO         4025    i.User_DelayTime_us  user_function.o
    0x00003694   0x00003694   0x00000014   Code   RO         4026    i.User_Divider      user_function.o
    0x000036a8   0x000036a8   0x000000bc   Code   RO         4027    i.User_Key_Deal     user_function.o
    0x00003764   0x00003764   0x00000124   Code   RO         4028    i.User_LED_Deal     user_function.o
    0x00003888   0x00003888   0x00000058   Code   RO         4029    i.User_LED_ms       user_function.o
    0x000038e0   0x000038e0   0x00000034   Code   RO         4030    i.User_RMS_Deal     user_function.o
    0x00003914   0x00003914   0x0000000c   Code   RO         3415    i.WDT_Restart       wdt.o
    0x00003920   0x00003920   0x0000003c   Code   RO         3837    i.Waiting_Deal_Func  sys_state_machine.o
    0x0000395c   0x0000395c   0x0000001a   Code   RO          878    i.__ARM_common_switch8  gpio.o
    0x00003976   0x00003976   0x00000002   PAD
    0x00003978   0x00003978   0x00000018   Code   RO         3714    i.__NVIC_ClearPendingIRQ  sys_hardware_init.o
    0x00003990   0x00003990   0x00000044   Code   RO         3715    i.__NVIC_SetPriority  sys_hardware_init.o
    0x000039d4   0x000039d4   0x0000000e   Code   RO         4582    i._is_digit         c_p.l(__printf_wp.o)
    0x000039e2   0x000039e2   0x00000002   PAD
    0x000039e4   0x000039e4   0x00000018   Code   RO         1340    i._sys_exit         retarget.o
    0x000039fc   0x000039fc   0x00000028   Code   RO         3461    i.main              main.o
    0x00003a24   0x00003a24   0x00000048   Code   RO         4641    i.sqrt              m_ps.l(sqrt.o)
    0x00003a6c   0x00003a6c   0x00000014   Code   RO         3435    i.wdt_interrupt     wdt_user.o
    0x00003a80   0x00003a80   0x00000048   Code   RO          469    sram_code           clk.o
    0x00003ac8   0x00003ac8   0x00000000   Code   RO         4672    x$fpl$usenofp       fz_ps.l(usenofp.o)
    0x00003ac8   0x00003ac8   0x00000348   Data   RO         4119    .constdata          user_sine_table.o
    0x00003e10   0x00003e10   0x000002bc   Data   RO         4120    .constdata          user_sine_table.o
    0x000040cc   0x000040cc   0x00000011   Data   RO         4585    .constdata          c_p.l(__printf_flags_wp.o)
    0x000040dd   0x000040dd   0x00000080   Data   RO         4613    .constdata          fz_ps.l(ddiv.o)
    0x0000415d   0x0000415d   0x00000040   Data   RO         4632    .constdata          fz_ps.l(fdiv.o)
    0x0000419d   0x0000419d   0x00000003   PAD
    0x000041a0   0x000041a0   0x00000030   Data   RO         4869    Region$$Table       anon$$obj.o


    Execution Region RW_IRAM1 (Exec base: 0x20000100, Load base: 0x000041d0, Size: 0x000072e0, Max: 0x00008000, ABSOLUTE, COMPRESSED[0x000002a0])

    Exec Addr    Load Addr    Size         Type   Attr      Idx    E Section Name        Object

    0x20000100   0x000041d0   0x0000000c   Ven    RO         4885    Veneer$$Code        anon$$obj.o
    0x2000010c   0x000041dc   0x0000000c   Ven    RO         4886    Veneer$$Code        anon$$obj.o
    0x20000118   0x000041e8   0x0000000c   Ven    RO         4887    Veneer$$Code        anon$$obj.o
    0x20000124   0x000041f4   0x0000000c   Ven    RO         4888    Veneer$$Code        anon$$obj.o
    0x20000130   0x00004200   0x0000000c   Ven    RO         4889    Veneer$$Code        anon$$obj.o
    0x2000013c   0x0000420c   0x0000000c   Ven    RO         4890    Veneer$$Code        anon$$obj.o
    0x20000148   0x00004218   0x0000000c   Ven    RO         4891    Veneer$$Code        anon$$obj.o
    0x20000154   0x00004224   0x0000000c   Ven    RO         4892    Veneer$$Code        anon$$obj.o
    0x20000160   0x00004230   0x0000000c   Ven    RO         4893    Veneer$$Code        anon$$obj.o
    0x2000016c   0x0000423c   0x0000000c   Ven    RO         4894    Veneer$$Code        anon$$obj.o
    0x20000178   0x00004248   0x0000000c   Ven    RO         4895    Veneer$$Code        anon$$obj.o
    0x20000184   0x00004254   0x0000000c   Ven    RO         4896    Veneer$$Code        anon$$obj.o
    0x20000190   0x00004260   0x0000000c   Ven    RO         4897    Veneer$$Code        anon$$obj.o
    0x2000019c   0x0000426c   0x0000000c   Ven    RO         4898    Veneer$$Code        anon$$obj.o
    0x200001a8   0x00004278   0x0000000c   Ven    RO         4899    Veneer$$Code        anon$$obj.o
    0x200001b4   0x00004284   0x0000000c   Ven    RO         4900    Veneer$$Code        anon$$obj.o
    0x200001c0   0x00004290   0x00000040   Code   RO         4175    i.COM_Uartx_HeartCheck  user_communication.o
    0x20000200   0x000042d0   0x00000020   Code   RO         3481    i.HardFault_Handler  interrupt.o
    0x20000220   0x000042f0   0x00000098   Code   RO         3908    i.INV_AC_Vol_FreCalc  user_parallel.o
    0x200002b8   0x00004388   0x00000444   Code   RO         4338    i.INV_Ctrl          inv_ctrl.o
    0x200006fc   0x000047cc   0x00000138   Code   RO         4177    i.INV_DataSend      user_communication.o
    0x20000834   0x00004904   0x00000090   Code   RO         3482    i.INV_Deal          interrupt.o
    0x200008c4   0x00004994   0x00000118   Code   RO         4339    i.INV_Lock_Phase    inv_ctrl.o
    0x200009dc   0x00004aac   0x00000088   Code   RO         3909    i.INV_MasterSlaveSelect  user_parallel.o
    0x20000a64   0x00004b34   0x0000004a   Code   RO         4402    i.INV_PQ_Droop_Ctrl  pq_droop_ctrl.o
    0x20000aae   COMPRESSED   0x00000002   PAD
    0x20000ab0   0x00004b80   0x000000a4   Code   RO         3910    i.PFC_AC_Vol_FreCalc  user_parallel.o
    0x20000b54   0x00004c24   0x00000110   Code   RO         4416    i.PFC_Ctrl          pfc_ctrl.o
    0x20000c64   0x00004d34   0x000001c0   Code   RO         3483    i.PFC_Deal          interrupt.o
    0x20000e24   0x00004ef4   0x00000066   Code   RO         4363    i.PFC_PID_Ctrl      pid_ctrl.o
    0x20000e8a   COMPRESSED   0x00000002   PAD
    0x20000e8c   0x00004f5c   0x000000ac   Code   RO         4417    i.PFC_VBus_RefCalc  pfc_ctrl.o
    0x20000f38   0x00005008   0x00000062   Code   RO         4364    i.PID_Ctrl          pid_ctrl.o
    0x20000f9a   COMPRESSED   0x00000002   PAD
    0x20000f9c   0x0000506c   0x000001c0   Code   RO         4447    i.PLL_Ctrl          pll_ctrl.o
    0x2000115c   0x0000522c   0x0000002c   Code   RO         4448    i.PLL_Ctrl_Param    pll_ctrl.o
    0x20001188   0x00005258   0x00000104   Code   RO         3950    i.RMS_PQ_Calc       user_sample.o
    0x2000128c   0x0000535c   0x00000128   Code   RO         3951    i.RMS_PQ_Update     user_sample.o
    0x200013b4   0x00005484   0x000000bc   Code   RO         3484    i.SysTick_Handler   interrupt.o
    0x20001470   0x00005540   0x00000080   Code   RO         4178    i.UART1_INV_DataSend  user_communication.o
    0x200014f0   0x000055c0   0x00000024   Code   RO         4179    i.User_UART_View    user_communication.o
    0x20001514   0x000055e4   0x00000258   Code   RO         3485    i.adc_interrupt     interrupt.o
    0x2000176c   0x0000583c   0x00000038   Code   RO         4180    i.crc16_modbus      user_communication.o
    0x200017a4   0x00005874   0x00000024   Code   RO         3486    i.tmm0_interrupt    interrupt.o
    0x200017c8   0x00005898   0x000001d8   Code   RO         3487    i.tmm1_interrupt    interrupt.o
    0x200019a0   0x00005a70   0x00000024   Code   RO         3488    i.uart1_interrupt_receive  interrupt.o
    0x200019c4   0x00005a94   0x00000200   Data   RO         4452    .constdata          pll_ctrl.o
    0x20001bc4   COMPRESSED   0x00000004   Data   RW         3436    .data               wdt_user.o
    0x20001bc8   COMPRESSED   0x00000010   Data   RW         3489    .data               interrupt.o
    0x20001bd8   COMPRESSED   0x00000014   Data   RW         3565    .data               sys_struct.o
    0x20001bec   COMPRESSED   0x00000014   Data   RW         3566    .data               sys_struct.o
    0x20001c00   COMPRESSED   0x00000014   Data   RW         3567    .data               sys_struct.o
    0x20001c14   COMPRESSED   0x00000014   Data   RW         3568    .data               sys_struct.o
    0x20001c28   COMPRESSED   0x00000014   Data   RW         3569    .data               sys_struct.o
    0x20001c3c   COMPRESSED   0x00000014   Data   RW         3570    .data               sys_struct.o
    0x20001c50   COMPRESSED   0x00000014   Data   RW         3571    .data               sys_struct.o
    0x20001c64   COMPRESSED   0x00000014   Data   RW         3572    .data               sys_struct.o
    0x20001c78   COMPRESSED   0x00000014   Data   RW         3573    .data               sys_struct.o
    0x20001c8c   COMPRESSED   0x00000014   Data   RW         3574    .data               sys_struct.o
    0x20001ca0   COMPRESSED   0x00000014   Data   RW         3575    .data               sys_struct.o
    0x20001cb4   COMPRESSED   0x00000014   Data   RW         3576    .data               sys_struct.o
    0x20001cc8   COMPRESSED   0x00000014   Data   RW         3577    .data               sys_struct.o
    0x20001cdc   COMPRESSED   0x00000014   Data   RW         3578    .data               sys_struct.o
    0x20001cf0   COMPRESSED   0x00000014   Data   RW         3579    .data               sys_struct.o
    0x20001d04   COMPRESSED   0x00000014   Data   RW         3580    .data               sys_struct.o
    0x20001d18   COMPRESSED   0x00000014   Data   RW         3581    .data               sys_struct.o
    0x20001d2c   COMPRESSED   0x00000014   Data   RW         3582    .data               sys_struct.o
    0x20001d40   COMPRESSED   0x00000014   Data   RW         3583    .data               sys_struct.o
    0x20001d54   COMPRESSED   0x00000014   Data   RW         3584    .data               sys_struct.o
    0x20001d68   COMPRESSED   0x00000014   Data   RW         3585    .data               sys_struct.o
    0x20001d7c   COMPRESSED   0x00000014   Data   RW         3586    .data               sys_struct.o
    0x20001d90   COMPRESSED   0x00000014   Data   RW         3587    .data               sys_struct.o
    0x20001da4   COMPRESSED   0x00000014   Data   RW         3588    .data               sys_struct.o
    0x20001db8   COMPRESSED   0x00000014   Data   RW         3589    .data               sys_struct.o
    0x20001dcc   COMPRESSED   0x00000014   Data   RW         3590    .data               sys_struct.o
    0x20001de0   COMPRESSED   0x00000014   Data   RW         3591    .data               sys_struct.o
    0x20001df4   COMPRESSED   0x00000014   Data   RW         3592    .data               sys_struct.o
    0x20001e08   COMPRESSED   0x00000014   Data   RW         3593    .data               sys_struct.o
    0x20001e1c   COMPRESSED   0x00000014   Data   RW         3594    .data               sys_struct.o
    0x20001e30   COMPRESSED   0x00000014   Data   RW         3595    .data               sys_struct.o
    0x20001e44   COMPRESSED   0x00000014   Data   RW         3596    .data               sys_struct.o
    0x20001e58   COMPRESSED   0x00000014   Data   RW         3597    .data               sys_struct.o
    0x20001e6c   COMPRESSED   0x00000014   Data   RW         3598    .data               sys_struct.o
    0x20001e80   COMPRESSED   0x00000014   Data   RW         3599    .data               sys_struct.o
    0x20001e94   COMPRESSED   0x00000014   Data   RW         3600    .data               sys_struct.o
    0x20001ea8   COMPRESSED   0x00000014   Data   RW         3601    .data               sys_struct.o
    0x20001ebc   COMPRESSED   0x00000014   Data   RW         3602    .data               sys_struct.o
    0x20001ed0   COMPRESSED   0x00000014   Data   RW         3603    .data               sys_struct.o
    0x20001ee4   COMPRESSED   0x00000014   Data   RW         3604    .data               sys_struct.o
    0x20001ef8   COMPRESSED   0x00000014   Data   RW         3605    .data               sys_struct.o
    0x20001f0c   COMPRESSED   0x00000014   Data   RW         3606    .data               sys_struct.o
    0x20001f20   COMPRESSED   0x00000028   Data   RW         3607    .data               sys_struct.o
    0x20001f48   COMPRESSED   0x00000028   Data   RW         3608    .data               sys_struct.o
    0x20001f70   COMPRESSED   0x00000028   Data   RW         3609    .data               sys_struct.o
    0x20001f98   COMPRESSED   0x00000028   Data   RW         3610    .data               sys_struct.o
    0x20001fc0   COMPRESSED   0x00000028   Data   RW         3611    .data               sys_struct.o
    0x20001fe8   COMPRESSED   0x00000054   Data   RW         3612    .data               sys_struct.o
    0x2000203c   COMPRESSED   0x00000054   Data   RW         3613    .data               sys_struct.o
    0x20002090   COMPRESSED   0x00000054   Data   RW         3614    .data               sys_struct.o
    0x200020e4   COMPRESSED   0x00000054   Data   RW         3615    .data               sys_struct.o
    0x20002138   COMPRESSED   0x00000054   Data   RW         3616    .data               sys_struct.o
    0x2000218c   COMPRESSED   0x00000054   Data   RW         3617    .data               sys_struct.o
    0x200021e0   COMPRESSED   0x00000038   Data   RW         3619    .data               sys_struct.o
    0x20002218   COMPRESSED   0x00000014   Data   RW         3621    .data               sys_struct.o
    0x2000222c   COMPRESSED   0x00000002   Data   RW         3622    .data               sys_struct.o
    0x2000222e   COMPRESSED   0x00000004   Data   RW         3623    .data               sys_struct.o
    0x20002232   COMPRESSED   0x00000002   PAD
    0x20002234   COMPRESSED   0x0000012c   Data   RW         3624    .data               sys_struct.o
    0x20002360   COMPRESSED   0x00000008   Data   RW         3625    .data               sys_struct.o
    0x20002368   COMPRESSED   0x00000002   Data   RW         3626    .data               sys_struct.o
    0x2000236a   COMPRESSED   0x00000002   Data   RW         3665    .data               sys_variable_init.o
    0x2000236c   COMPRESSED   0x00000080   Data   RW         3838    .data               sys_state_machine.o
    0x200023ec   COMPRESSED   0x0000000e   Data   RW         3911    .data               user_parallel.o
    0x200023fa   COMPRESSED   0x00000002   PAD
    0x200023fc   COMPRESSED   0x0000000c   Data   RW         4031    .data               user_function.o
    0x20002408   COMPRESSED   0x00000002   Data   RW         4184    .data               user_communication.o
    0x2000240a   COMPRESSED   0x00000002   PAD
    0x2000240c   COMPRESSED   0x00000004   Data   RW         4257    .data               change.o
    0x20002410   COMPRESSED   0x00000002   Data   RW         4259    .data               change.o
    0x20002412   COMPRESSED   0x00000002   PAD
    0x20002414   COMPRESSED   0x00000004   Data   RW         4260    .data               change.o
    0x20002418   COMPRESSED   0x00000004   Data   RW         4266    .data               change.o
    0x2000241c   COMPRESSED   0x00000004   Data   RW         4267    .data               change.o
    0x20002420   COMPRESSED   0x00000004   Data   RW         4268    .data               change.o
    0x20002424   COMPRESSED   0x00000008   Data   RW         4418    .data               pfc_ctrl.o
    0x2000242c   COMPRESSED   0x00000004   Data   RW         4453    .data               pll_ctrl.o
    0x20002430   COMPRESSED   0x00000004   Data   RW         4495    .data               system_bat32g139.o
    0x20002434        -       0x0000004c   Zero   RW         3551    .bss                sys_struct.o
    0x20002480        -       0x00000088   Zero   RW         3552    .bss                sys_struct.o
    0x20002508        -       0x00000054   Zero   RW         3553    .bss                sys_struct.o
    0x2000255c        -       0x00000040   Zero   RW         3554    .bss                sys_struct.o
    0x2000259c        -       0x0000002c   Zero   RW         3555    .bss                sys_struct.o
    0x200025c8        -       0x0000000a   Zero   RW         3556    .bss                sys_struct.o
    0x200025d2        -       0x00000014   Zero   RW         3557    .bss                sys_struct.o
    0x200025e6   COMPRESSED   0x00000002   PAD
    0x200025e8        -       0x0000003c   Zero   RW         3558    .bss                sys_struct.o
    0x20002624        -       0x0000000a   Zero   RW         3559    .bss                sys_struct.o
    0x2000262e   COMPRESSED   0x00000002   PAD
    0x20002630        -       0x0000005c   Zero   RW         3560    .bss                sys_struct.o
    0x2000268c        -       0x0000000c   Zero   RW         3561    .bss                sys_struct.o
    0x20002698        -       0x00000014   Zero   RW         3562    .bss                sys_struct.o
    0x200026ac        -       0x0000001c   Zero   RW         3563    .bss                sys_struct.o
    0x200026c8        -       0x000000c4   Zero   RW         3564    .bss                sys_struct.o
    0x2000278c        -       0x00001a90   Zero   RW         3952    .bss                user_sample.o
    0x2000421c        -       0x0000002c   Zero   RW         4182    .bss                user_communication.o
    0x20004248        -       0x00000800   Zero   RW         4254    .bss                change.o
    0x20004a48        -       0x00000800   Zero   RW         4255    .bss                change.o
    0x20005248        -       0x00000040   Zero   RW         4256    .bss                change.o
    0x20005288        -       0x00000960   Zero   RW         4388    .bss                repeat_ctrl.o
    0x20005be8        -       0x00000944   Zero   RW         4449    .bss                pll_ctrl.o
    0x2000652c        -       0x00000944   Zero   RW         4450    .bss                pll_ctrl.o
    0x20006e70        -       0x0000000c   Zero   RW         4451    .bss                pll_ctrl.o
    0x20006e7c        -       0x00000060   Zero   RW         4725    .bss                c_p.l(libspace.o)
    0x20006edc   COMPRESSED   0x00000004   PAD
    0x20006ee0        -       0x00000100   Zero   RW         4482    HEAP                startup_bat32g139.o
    0x20006fe0        -       0x00000400   Zero   RW         4481    STACK               startup_bat32g139.o


==============================================================================

Image component sizes


      Code (inc. data)   RO Data    RW Data    ZI Data      Debug   Object Name

         0          0          0          0          0      72244   adc.o
         0          0          0          0          0      24313   adc_user.o
       252         52          0         22       4160       3718   change.o
       308         32          0          0          0       6940   clk.o
        52         10          0          0          0       2029   cmp.o
       172         14          0          0          0       3320   dma.o
        12          6          0          0          0       1232   elc.o
       214         16          0          0          0        948   gpio.o
      1956        306          0         16          0       6980   interrupt.o
      1372        130          0          0          0       2168   inv_ctrl.o
        40         10          0          0          0        543   main.o
       444         56          0          8          0       2066   pfc_ctrl.o
       200          0          0          0          0       1842   pid_ctrl.o
       492         28        512          4       4756       3714   pll_ctrl.o
        74          0          0          0          0       1208   pq_droop_ctrl.o
         0          0          0          0       2400        998   repeat_ctrl.o
        24          8          0          0          0        584   retarget.o
       128         28        192          0       1280       2188   startup_bat32g139.o
      2052        312          0          0          0      18788   sys_hardware_init.o
      1076        168          0        128          0      10813   sys_state_machine.o
         0          0          0       1936        852      22829   sys_struct.o
      1468        362          0          2          0       3009   sys_variable_init.o
       280        100          4          4          0       2891   system_bat32g139.o
       596         78          0          2         44       5654   user_communication.o
       700        166          0          0          0       3384   user_fault_check.o
      2694        328          0         12          0      11573   user_function.o
       452         60          0         14          0       2781   user_parallel.o
       556         36          0          0       6800       2863   user_sample.o
         0          0       1540          0          0       1050   user_sine_table.o
        12          4          0          0          0        506   wdt.o
        20          4          0          4          0       1484   wdt_user.o

    ----------------------------------------------------------------------
     15928       2402       2296       2160      20296     224660   Object Totals
       264         88         48          0          0          0   (incl. Generated)
        18          0          0          8          4          0   (incl. Padding)

    ----------------------------------------------------------------------

      Code (inc. data)   RO Data    RW Data    ZI Data      Debug   Library Member Name

        86          0          0          0          0          0   __dczerorl2.o
         8          0          0          0          0         68   __main.o
       312          6         17          0          0         76   __printf_flags_wp.o
        14          0          0          0          0         60   __printf_wp.o
         0          0          0          0          0          0   __rtentry.o
        12          0          0          0          0          0   __rtentry2.o
         6          0          0          0          0          0   __rtentry4.o
        60          8          0          0          0          0   __scatter.o
        26          0          0          0          0          0   __scatter_copy.o
        28          0          0          0          0          0   __scatter_zi.o
        48          6          0          0          0         88   _printf_char_common.o
        10          0          0          0          0          0   _printf_d.o
       108         18          0          0          0         76   _printf_dec.o
       176          0          0          0          0         84   _printf_intcommon.o
         2          0          0          0          0          0   _printf_percent.o
         4          0          0          0          0          0   _printf_percent_end.o
        22          0          0          0          0         92   _rserrno.o
        10          0          0          0          0         60   _sputc.o
       346          0          0          0          0         92   aeabi_sdiv.o
        16          0          0          0          0         68   exit.o
         6          0          0          0          0        136   heapauxi.o
         2          0          0          0          0          0   libinit.o
         2          0          0          0          0          0   libinit2.o
         2          0          0          0          0          0   libshutdown.o
         2          0          0          0          0          0   libshutdown2.o
         8          4          0          0         96         68   libspace.o
        48          0          0          0          0         72   llmul.o
        40          4          0          0          0         84   noretval__2sprintf.o
         8          4          0          0          0         68   rt_errno_addr_intlibspace.o
         2          0          0          0          0          0   rtexit.o
        10          0          0          0          0          0   rtexit2.o
        40          0          0          0          0         60   rtudiv10.o
        68          6          0          0          0         72   strlen.o
        62          0          0          0          0         80   sys_stackheap_outer.o
       856         20          0          0          0        208   daddsub.o
      1096         26        128          0          0        112   ddiv.o
       108         10          0          0          0         72   dfixi.o
        88          0          0          0          0         92   dflti.o
       584         26          0          0          0         84   dmul.o
        96         12          0          0          0         72   dscalbn.o
       256          8          0          0          0         76   dsqrt.o
        84          4          0          0          0         60   f2d.o
       352         10         64          0          0         92   fdiv.o
        68          4          0          0          0         68   fscalbn.o
         0          0          0          0          0          0   usenofp.o
        72          6          0          0          0         76   sqrt.o

    ----------------------------------------------------------------------
      5264        182        212          0        100       2416   Library Totals
        10          0          3          0          4          0   (incl. Padding)

    ----------------------------------------------------------------------

      Code (inc. data)   RO Data    RW Data    ZI Data      Debug   Library Name

      1594         56         17          0         96       1404   c_p.l
      3588        120        192          0          0        936   fz_ps.l
        72          6          0          0          0         76   m_ps.l

    ----------------------------------------------------------------------
      5264        182        212          0        100       2416   Library Totals

    ----------------------------------------------------------------------

==============================================================================


      Code (inc. data)   RO Data    RW Data    ZI Data      Debug   

     21192       2584       2508       2160      20396     222076   Grand Totals
     21192       2584       2508        672      20396     222076   ELF Image Totals (compressed)
     21192       2584       2508        672          0          0   ROM Totals

==============================================================================

    Total RO  Size (Code + RO Data)                23700 (  23.14kB)
    Total RW  Size (RW Data + ZI Data)             22556 (  22.03kB)
    Total ROM Size (Code + RO Data + RW Data)      24372 (  23.80kB)

==============================================================================

