Component: ARM Compiler 5.06 update 7 (build 960) Tool: armlink [4d3601]

==============================================================================

Section Cross References

    adc.o(i.ADC_Converse) refers to aeabi_sdiv.o(.text) for __aeabi_uidivmod
    adc.o(i.ADC_Init) refers to adc.o(i.__NVIC_ClearPendingIRQ) for __NVIC_ClearPendingIRQ
    adc.o(i.ADC_MidAvg_Filter) refers to aeabi_sdiv.o(.text) for __aeabi_uidivmod
    adc.o(i.ADC_SelfTest) refers to aeabi_sdiv.o(.text) for __aeabi_uidivmod
    adc.o(i.ADC_Start) refers to adc.o(i.__NVIC_ClearPendingIRQ) for __NVIC_ClearPendingIRQ
    adc.o(i.ADC_Stop) refers to adc.o(i.__NVIC_ClearPendingIRQ) for __NVIC_ClearPendingIRQ
    adc_user.o(i.adc_get_temperature) refers to aeabi_sdiv.o(.text) for __aeabi_idivmod
    can_user.o(i.CAN0Err_Interrupt) refers to can_user.o(.data) for .data
    can_user.o(i.CAN0Rec_Handler) refers to _printf_percent.o(.ARM.Collect$$_printf_percent$$00000000) for _printf_percent
    can_user.o(i.CAN0Rec_Handler) refers to _printf_d.o(.ARM.Collect$$_printf_percent$$00000009) for _printf_d
    can_user.o(i.CAN0Rec_Handler) refers to _printf_dec.o(.text) for _printf_int_dec
    can_user.o(i.CAN0Rec_Handler) refers to _printf_pad.o(.text) for _printf_pre_padding
    can_user.o(i.CAN0Rec_Handler) refers to _printf_x.o(.ARM.Collect$$_printf_percent$$0000000C) for _printf_x
    can_user.o(i.CAN0Rec_Handler) refers to _printf_hex_int.o(.text) for _printf_longlong_hex
    can_user.o(i.CAN0Rec_Handler) refers to noretval__2printf.o(.text) for __2printf
    can_user.o(i.CAN0Rec_Handler) refers to can_user.o(.bss) for .bss
    can_user.o(i.CAN0Rec_Handler) refers to can_user.o(.data) for .data
    can_user.o(i.CAN0Rec_Interrupt) refers to can_user.o(i.CAN0Rec_Handler) for CAN0Rec_Handler
    can_user.o(i.CAN0Trx_Handler) refers to rtc_user.o(.data) for date_time
    can_user.o(i.CAN0Trx_Handler) refers to can_user.o(.data) for .data
    can_user.o(i.CAN0Trx_Interrupt) refers to can_user.o(i.CAN0Trx_Handler) for CAN0Trx_Handler
    can_user.o(i.CAN1Err_Interrupt) refers to can_user.o(.data) for .data
    can_user.o(i.CAN1Rec_Handler) refers to _printf_percent.o(.ARM.Collect$$_printf_percent$$00000000) for _printf_percent
    can_user.o(i.CAN1Rec_Handler) refers to _printf_d.o(.ARM.Collect$$_printf_percent$$00000009) for _printf_d
    can_user.o(i.CAN1Rec_Handler) refers to _printf_dec.o(.text) for _printf_int_dec
    can_user.o(i.CAN1Rec_Handler) refers to _printf_pad.o(.text) for _printf_pre_padding
    can_user.o(i.CAN1Rec_Handler) refers to _printf_x.o(.ARM.Collect$$_printf_percent$$0000000C) for _printf_x
    can_user.o(i.CAN1Rec_Handler) refers to _printf_hex_int.o(.text) for _printf_longlong_hex
    can_user.o(i.CAN1Rec_Handler) refers to noretval__2printf.o(.text) for __2printf
    can_user.o(i.CAN1Rec_Handler) refers to can_user.o(.bss) for .bss
    can_user.o(i.CAN1Rec_Handler) refers to can_user.o(.data) for .data
    can_user.o(i.CAN1Rec_Interrupt) refers to can_user.o(i.CAN1Rec_Handler) for CAN1Rec_Handler
    can_user.o(i.CAN1Trx_Handler) refers to rtc_user.o(.data) for date_time
    can_user.o(i.CAN1Trx_Handler) refers to can_user.o(.data) for .data
    can_user.o(i.CAN1Trx_Interrupt) refers to can_user.o(i.CAN1Trx_Handler) for CAN1Trx_Handler
    cmp.o(i.CMP_Init) refers to cmp.o(i.CMP_VREF_Set_Value) for CMP_VREF_Set_Value
    cmp.o(i.CMP_Init) refers to cmp.o(i.CMP_VREF_Init) for CMP_VREF_Init
    cmp.o(i.CMP_Init) refers to cmp.o(i.CMP_Input_Select) for CMP_Input_Select
    cmp.o(i.CMP_Init) refers to cmp.o(i.CMP_Filter_Setting) for CMP_Filter_Setting
    cmp_user.o(i.cmp0_interrupt) refers to cmp_user.o(.data) for .data
    cmp_user.o(i.cmp1_interrupt) refers to cmp_user.o(.data) for .data
    flash_user.o(ram_fetch_code) refers to flash.o(ram_fetch_code) for EraseSector
    gpio.o(i.PORT_Init) refers to gpio.o(i.__ARM_common_switch8) for __ARM_common_switch8
    iica.o(i.IICA0_MasterReceive) refers to iica.o(.data) for .data
    iica.o(i.IICA0_MasterSend) refers to iica.o(.data) for .data
    iica.o(i.IICA0_SlaveReceive) refers to iica.o(.data) for .data
    iica.o(i.IICA0_SlaveSend) refers to iica.o(.data) for .data
    iica.o(i.IICA1_MasterReceive) refers to iica.o(.data) for .data
    iica.o(i.IICA1_MasterSend) refers to iica.o(.data) for .data
    iica.o(i.IICA1_SlaveReceive) refers to iica.o(.data) for .data
    iica.o(i.IICA1_SlaveSend) refers to iica.o(.data) for .data
    iica_user.o(i.iica0_callback_master_sendend) refers to iica.o(.data) for g_iica0_tx_end
    iica_user.o(i.iica0_interrupt) refers to iica.o(i.IICA0_Clear_Wakeup) for IICA0_Clear_Wakeup
    iica_user.o(i.iica0_interrupt) refers to iica_user.o(i.iica0_masterhandler) for iica0_masterhandler
    iica_user.o(i.iica0_interrupt) refers to iica_user.o(i.iica0_slavehandler) for iica0_slavehandler
    iica_user.o(i.iica0_masterhandler) refers to iica_user.o(i.iica0_callback_master_sendend) for iica0_callback_master_sendend
[...]
    i.State_Context_Task                     0x00001e70   Section        0  sys_state_machine.o(i.State_Context_Task)
    i.Stop_Deal_Func                         0x00001f34   Section        0  sys_state_machine.o(i.Stop_Deal_Func)
    i.SysTick_ConfigInit                     0x00001f38   Section        0  sys_hardware_init.o(i.SysTick_ConfigInit)
    i.Sys_HardConfigInit                     0x00001f70   Section        0  sys_hardware_init.o(i.Sys_HardConfigInit)
    i.Sys_IE_Init                            0x0000204c   Section        0  sys_hardware_init.o(i.Sys_IE_Init)
    i.Sys_Variableinit                       0x000020dc   Section        0  sys_variable_init.o(i.Sys_Variableinit)
    i.SystemClock_Init                       0x0000235c   Section        0  sys_hardware_init.o(i.SystemClock_Init)
    i.SystemInit                             0x000023a4   Section        0  system_bat32g139.o(i.SystemInit)
    i.TIMC_ConfigInit                        0x00002418   Section        0  sys_hardware_init.o(i.TIMC_ConfigInit)
    i.UART0_ConfigInit                       0x0000245c   Section        0  sys_hardware_init.o(i.UART0_ConfigInit)
    i.UART1_ConfigInit                       0x00002548   Section        0  sys_hardware_init.o(i.UART1_ConfigInit)
    i.User_DelayTime_ms                      0x00002610   Section        0  user_function.o(i.User_DelayTime_ms)
    i.User_DelayTime_us                      0x0000262c   Section        0  user_function.o(i.User_DelayTime_us)
    i.User_Divider                           0x00002640   Section        0  user_function.o(i.User_Divider)
    i.User_Key_Deal                          0x00002654   Section        0  user_function.o(i.User_Key_Deal)
    i.User_LED_Deal                          0x00002744   Section        0  user_function.o(i.User_LED_Deal)
    i.User_LED_ms                            0x00002868   Section        0  user_function.o(i.User_LED_ms)
    i.User_RMS_Deal                          0x000028c0   Section        0  user_function.o(i.User_RMS_Deal)
    i.WDT_Restart                            0x000028f4   Section        0  wdt.o(i.WDT_Restart)
    i.Waiting_Deal_Func                      0x00002900   Section        0  sys_state_machine.o(i.Waiting_Deal_Func)
    i.__ARM_common_switch8                   0x0000293c   Section        0  gpio.o(i.__ARM_common_switch8)
    i.__NVIC_ClearPendingIRQ                 0x00002958   Section        0  sys_hardware_init.o(i.__NVIC_ClearPendingIRQ)
    __NVIC_ClearPendingIRQ                   0x00002959   Thumb Code    18  sys_hardware_init.o(i.__NVIC_ClearPendingIRQ)
    i.__NVIC_SetPriority                     0x00002970   Section        0  sys_hardware_init.o(i.__NVIC_SetPriority)
    __NVIC_SetPriority                       0x00002971   Thumb Code    60  sys_hardware_init.o(i.__NVIC_SetPriority)
    i._sys_exit                              0x000029b4   Section        0  retarget.o(i._sys_exit)
    i.main                                   0x000029cc   Section        0  main.o(i.main)
    i.sqrt                                   0x000029f4   Section        0  sqrt.o(i.sqrt)
    i.wdt_interrupt                          0x00002a3c   Section        0  wdt_user.o(i.wdt_interrupt)
    sram_code                                0x00002a50   Section        0  clk.o(sram_code)
    .constdata                               0x00002a98   Section      840  user_sine_table.o(.constdata)
    x$fpl$usenofp                            0x00002a98   Section        0  usenofp.o(x$fpl$usenofp)
    .constdata                               0x00002de0   Section      700  user_sine_table.o(.constdata)
    i.COM_Uartx_HeartCheck                   0x20000178   Section        0  user_communication.o(i.COM_Uartx_HeartCheck)
    i.Function_TxSendDebug                   0x200001b8   Section        0  user_communication.o(i.Function_TxSendDebug)
    i.HardFault_Handler                      0x20000238   Section        0  interrupt.o(i.HardFault_Handler)
    i.INV_AC_Vol_FreCalc                     0x20000258   Section        0  user_parallel.o(i.INV_AC_Vol_FreCalc)
    i.INV_Ctrl                               0x200002f0   Section        0  inv_ctrl.o(i.INV_Ctrl)
    i.INV_DataSend                           0x20000670   Section        0  user_communication.o(i.INV_DataSend)
    i.INV_Deal                               0x200007a8   Section        0  interrupt.o(i.INV_Deal)
    i.INV_Lock_Phase                         0x20000824   Section        0  inv_ctrl.o(i.INV_Lock_Phase)
    i.INV_MasterSlaveSelect                  0x2000093c   Section        0  user_parallel.o(i.INV_MasterSlaveSelect)
    i.INV_PQ_Droop_Ctrl                      0x200009c4   Section        0  pq_droop_ctrl.o(i.INV_PQ_Droop_Ctrl)
    i.PFC_AC_Vol_FreCalc                     0x20000a10   Section        0  user_parallel.o(i.PFC_AC_Vol_FreCalc)
    i.PFC_Ctrl                               0x20000ab4   Section        0  pfc_ctrl.o(i.PFC_Ctrl)
    i.PFC_Deal                               0x20000bc4   Section        0  interrupt.o(i.PFC_Deal)
    i.PFC_PID_Ctrl                           0x20000d84   Section        0  pid_ctrl.o(i.PFC_PID_Ctrl)
    i.PFC_VBus_RefCalc                       0x20000dec   Section        0  pfc_ctrl.o(i.PFC_VBus_RefCalc)
    i.PID_Ctrl                               0x20000e98   Section        0  pid_ctrl.o(i.PID_Ctrl)
    i.PLL_Ctrl                               0x20000efc   Section        0  pll_ctrl.o(i.PLL_Ctrl)
    i.PLL_Ctrl_Param                         0x200010bc   Section        0  pll_ctrl.o(i.PLL_Ctrl_Param)
    i.RMS_PQ_Calc                            0x200010e8   Section        0  user_sample.o(i.RMS_PQ_Calc)
    i.RMS_PQ_Update                          0x200011ec   Section        0  user_sample.o(i.RMS_PQ_Update)
    i.SysTick_Handler                        0x20001314   Section        0  interrupt.o(i.SysTick_Handler)
    i.UART1_INV_DataSend                     0x200013d0   Section        0  user_communication.o(i.UART1_INV_DataSend)
    i.User_UART_View                         0x20001450   Section        0  user_communication.o(i.User_UART_View)
    i.adc_interrupt                          0x20001494   Section        0  interrupt.o(i.adc_interrupt)
    i.crc16_modbus                           0x200016ec   Section        0  user_communication.o(i.crc16_modbus)
    i.tmm0_interrupt                         0x20001724   Section        0  interrupt.o(i.tmm0_interrupt)
    i.tmm1_interrupt                         0x20001748   Section        0  interrupt.o(i.tmm1_interrupt)
    i.uart1_interrupt_receive                0x200018b4   Section        0  interrupt.o(i.uart1_interrupt_receive)
    .constdata                               0x200018d8   Section      512  pll_ctrl.o(.constdata)
    .data                                    0x20001ad8   Section        4  wdt_user.o(.data)
    .data                                    0x20001adc   Section       16  interrupt.o(.data)
    .data                                    0x20001aec   Section       20  sys_struct.o(.data)
    .data                                    0x20001b00   Section       20  sys_struct.o(.data)
    .data                                    0x20001b14   Section       20  sys_struct.o(.data)
    .data                                    0x20001b28   Section       20  sys_struct.o(.data)
    .data                                    0x20001b3c   Section       20  sys_struct.o(.data)
    .data                                    0x20001b50   Section       20  sys_struct.o(.data)
    .data                                    0x20001b64   Section       20  sys_struct.o(.data)
    .data                                    0x20001b78   Section       20  sys_struct.o(.data)
    .data                                    0x20001b8c   Section       20  sys_struct.o(.data)
    .data                                    0x20001ba0   Section       20  sys_struct.o(.data)
    .data                                    0x20001bb4   Section       20  sys_struct.o(.data)
    .data                                    0x20001bc8   Section       20  sys_struct.o(.data)
    .data                                    0x20001bdc   Section       20  sys_struct.o(.data)
    .data                                    0x20001bf0   Section       20  sys_struct.o(.data)
    .data                                    0x20001c04   Section       20  sys_struct.o(.data)
    .data                                    0x20001c18   Section       20  sys_struct.o(.data)
    .data                                    0x20001c2c   Section       20  sys_struct.o(.data)
    .data                                    0x20001c40   Section       20  sys_struct.o(.data)
    .data                                    0x20001c54   Section       20  sys_struct.o(.data)
    .data                                    0x20001c68   Section       20  sys_struct.o(.data)
    .data                                    0x20001c7c   Section       20  sys_struct.o(.data)
    .data                                    0x20001c90   Section       20  sys_struct.o(.data)
    .data                                    0x20001ca4   Section       20  sys_struct.o(.data)
    .data                                    0x20001cb8   Section       20  sys_struct.o(.data)
    .data                                    0x20001ccc   Section       20  sys_struct.o(.data)
    .data                                    0x20001ce0   Section       20  sys_struct.o(.data)
    .data                                    0x20001cf4   Section       20  sys_struct.o(.data)
    .data                                    0x20001d08   Section       20  sys_struct.o(.data)
    .data                                    0x20001d1c   Section       20  sys_struct.o(.data)
    .data                                    0x20001d30   Section       20  sys_struct.o(.data)
    .data                                    0x20001d44   Section       20  sys_struct.o(.data)
    .data                                    0x20001d58   Section       20  sys_struct.o(.data)
    .data                                    0x20001d6c   Section       20  sys_struct.o(.data)
    .data                                    0x20001d80   Section       20  sys_struct.o(.data)
    .data                                    0x20001d94   Section       20  sys_struct.o(.data)
    .data                                    0x20001da8   Section       20  sys_struct.o(.data)
    .data                                    0x20001dbc   Section       20  sys_struct.o(.data)
    .data                                    0x20001dd0   Section       20  sys_struct.o(.data)
    .data                                    0x20001de4   Section       20  sys_struct.o(.data)
    .data                                    0x20001df8   Section       20  sys_struct.o(.data)
    .data                                    0x20001e0c   Section       20  sys_struct.o(.data)
    .data                                    0x20001e20   Section       40  sys_struct.o(.data)
    .data                                    0x20001e48   Section       40  sys_struct.o(.data)
    .data                                    0x20001e70   Section       40  sys_struct.o(.data)
    .data                                    0x20001e98   Section       40  sys_struct.o(.data)
    .data                                    0x20001ec0   Section       40  sys_struct.o(.data)
    .data                                    0x20001ee8   Section       84  sys_struct.o(.data)
    .data                                    0x20001f3c   Section       84  sys_struct.o(.data)
    .data                                    0x20001f90   Section       84  sys_struct.o(.data)
    .data                                    0x20001fe4   Section       84  sys_struct.o(.data)
    .data                                    0x20002038   Section       84  sys_struct.o(.data)
    .data                                    0x2000208c   Section       84  sys_struct.o(.data)
    .data                                    0x200020e0   Section       56  sys_struct.o(.data)
    .data                                    0x20002118   Section       20  sys_struct.o(.data)
    .data                                    0x2000212c   Section        2  sys_struct.o(.data)
    .data                                    0x2000212e   Section        4  sys_struct.o(.data)
    .data                                    0x20002134   Section      300  sys_struct.o(.data)
    .data                                    0x20002260   Section        8  sys_struct.o(.data)
    .data                                    0x20002268   Section        2  sys_struct.o(.data)
    .data                                    0x2000226a   Section        2  sys_variable_init.o(.data)
    .data                                    0x2000226c   Section      128  sys_state_machine.o(.data)
    .data                                    0x200022ec   Section       14  user_parallel.o(.data)
    .data                                    0x200022fc   Section       16  user_function.o(.data)
    .data                                    0x2000230c   Section        2  user_communication.o(.data)
    .data                                    0x20002310   Section        8  pfc_ctrl.o(.data)
    .data                                    0x20002318   Section        4  pll_ctrl.o(.data)
    .data                                    0x2000231c   Section        4  system_bat32g139.o(.data)
    .bss                                     0x20002320   Section       76  sys_struct.o(.bss)
    .bss                                     0x2000236c   Section      136  sys_struct.o(.bss)
    .bss                                     0x200023f4   Section       84  sys_struct.o(.bss)
    .bss                                     0x20002448   Section       64  sys_struct.o(.bss)
    .bss                                     0x20002488   Section       44  sys_struct.o(.bss)
    .bss                                     0x200024b4   Section       10  sys_struct.o(.bss)
    .bss                                     0x200024be   Section       20  sys_struct.o(.bss)
    .bss                                     0x200024d4   Section       60  sys_struct.o(.bss)
    .bss                                     0x20002510   Section       10  sys_struct.o(.bss)
    .bss                                     0x2000251c   Section       92  sys_struct.o(.bss)
    .bss                                     0x20002578   Section       12  sys_struct.o(.bss)
    .bss                                     0x20002584   Section       20  sys_struct.o(.bss)
    .bss                                     0x20002598   Section       28  sys_struct.o(.bss)
    .bss                                     0x200025b4   Section      196  sys_struct.o(.bss)
    .bss                                     0x20002678   Section     6800  user_sample.o(.bss)
    .bss                                     0x20004108   Section       44  user_communication.o(.bss)
    .bss                                     0x20004134   Section     2400  repeat_ctrl.o(.bss)
    .bss                                     0x20004a94   Section     2372  pll_ctrl.o(.bss)
    .bss                                     0x200053d8   Section     2372  pll_ctrl.o(.bss)
    .bss                                     0x20005d1c   Section       12  pll_ctrl.o(.bss)
    .bss                                     0x20005d28   Section       96  libspace.o(.bss)
    HEAP                                     0x20005d88   Section      256  startup_bat32g139.o(HEAP)
    Heap_Mem                                 0x20005d88   Data         256  startup_bat32g139.o(HEAP)
    STACK                                    0x20005e88   Section     1024  startup_bat32g139.o(STACK)
    Stack_Mem                                0x20005e88   Data        1024  startup_bat32g139.o(STACK)
    __initial_sp                             0x20006288   Data           0  startup_bat32g139.o(STACK)

    Global Symbols

    Symbol Name                              Value     Ov Type        Size  Object(Section)

    BuildAttributes$$THM_ISAv3M$S$PE$A:L22$X:L11$S22$IEEE1$IW$USESV6$~STKCKD$USESV7$~SHL$OTIME$ROPI$IEEEJ$EBA8$UX$STANDARDLIB$REQ8$PRES8$EABIv2 0x00000000   Number         0  anon$$obj.o ABSOLUTE
    __ARM_use_no_argv                        0x00000000   Number         0  main.o ABSOLUTE
    __Vectors                                0x00000000   Data           4  startup_bat32g139.o(RESET)
    _printf_flags                            0x00000000   Number         0  printf_stubs.o ABSOLUTE
    _printf_return_value                     0x00000000   Number         0  printf_stubs.o ABSOLUTE
    _printf_sizespec                         0x00000000   Number         0  printf_stubs.o ABSOLUTE
    _printf_widthprec                        0x00000000   Number         0  printf_stubs.o ABSOLUTE
    __ARM_exceptions_init                     - Undefined Weak Reference
    __alloca_initialize                       - Undefined Weak Reference
    __arm_fini_                               - Undefined Weak Reference
    __arm_preinit_                            - Undefined Weak Reference
    __cpp_initialize__aeabi_                  - Undefined Weak Reference
    __cxa_finalize                            - Undefined Weak Reference
    __rt_locale                               - Undefined Weak Reference
    __sigvec_lookup                           - Undefined Weak Reference
    _atexit_init                              - Undefined Weak Reference
    _call_atexit_fns                          - Undefined Weak Reference
    _clock_init                               - Undefined Weak Reference
    _fp_trap_init                             - Undefined Weak Reference
    _fp_trap_shutdown                         - Undefined Weak Reference
    _get_lc_collate                           - Undefined Weak Reference
    _get_lc_ctype                             - Undefined Weak Reference
    _get_lc_monetary                          - Undefined Weak Reference
    _get_lc_numeric                           - Undefined Weak Reference
    _get_lc_time                              - Undefined Weak Reference
    _getenv_init                              - Undefined Weak Reference
    _handle_redirection                       - Undefined Weak Reference
    _init_alloc                               - Undefined Weak Reference
    _init_user_alloc                          - Undefined Weak Reference
    _initio                                   - Undefined Weak Reference
    _printf_truncate_signed                   - Undefined Weak Reference
    _printf_truncate_unsigned                 - Undefined Weak Reference
    _rand_init                                - Undefined Weak Reference
    _signal_finish                            - Undefined Weak Reference
    _signal_init                              - Undefined Weak Reference
    _terminate_alloc                          - Undefined Weak Reference
    _terminate_user_alloc                     - Undefined Weak Reference
    _terminateio                              - Undefined Weak Reference
    __Vectors_End                            0x000000c0   Data           0  startup_bat32g139.o(RESET)
    __Vectors_Size                           0x000000c0   Number         0  startup_bat32g139.o ABSOLUTE
    user_opt_data                            0x000000c0   Data           4  system_bat32g139.o(.ARM.__AT_0x000000C0)
    Long Thumb to Thumb Veneer to crc16_modbus 0x000000c5   Thumb Code    12  anon$$obj.o(Veneer$$Code)
    Long Thumb to Thumb Veneer to COM_Uartx_HeartCheck 0x000000d1   Thumb Code    12  anon$$obj.o(Veneer$$Code)
    Long Thumb to Thumb Veneer to INV_DataSend 0x000000dd   Thumb Code    12  anon$$obj.o(Veneer$$Code)
    Long Thumb to Thumb Veneer to INV_MasterSlaveSelect 0x000000e9   Thumb Code    12  anon$$obj.o(Veneer$$Code)
    Long Thumb to Thumb Veneer to RMS_PQ_Update 0x000000f5   Thumb Code    12  anon$$obj.o(Veneer$$Code)
    Long Thumb to Thumb Veneer to PLL_Ctrl_Param 0x00000101   Thumb Code    12  anon$$obj.o(Veneer$$Code)
    __main                                   0x0000010d   Thumb Code     8  __main.o(!!!main)
    __scatterload                            0x00000115   Thumb Code     0  __scatter.o(!!!scatter)
    __scatterload_rt2                        0x00000115   Thumb Code    52  __scatter.o(!!!scatter)
    __scatterload_rt2_thumb_only             0x00000115   Thumb Code     0  __scatter.o(!!!scatter)
    __scatterload_null                       0x00000125   Thumb Code     0  __scatter.o(!!!scatter)
    __scatterload_copy                       0x00000151   Thumb Code    26  __scatter_copy.o(!!handler_copy)
    __scatterload_zeroinit                   0x0000016d   Thumb Code    28  __scatter_zi.o(!!handler_zi)
    __rt_lib_init                            0x00000189   Thumb Code     0  libinit.o(.ARM.Collect$$libinit$$00000000)
    __rt_lib_init_alloca_1                   0x0000018b   Thumb Code     0  libinit2.o(.ARM.Collect$$libinit$$0000002E)
    __rt_lib_init_argv_1                     0x0000018b   Thumb Code     0  libinit2.o(.ARM.Collect$$libinit$$0000002C)
    __rt_lib_init_atexit_1                   0x0000018b   Thumb Code     0  libinit2.o(.ARM.Collect$$libinit$$0000001B)
    __rt_lib_init_clock_1                    0x0000018b   Thumb Code     0  libinit2.o(.ARM.Collect$$libinit$$00000021)
    __rt_lib_init_cpp_1                      0x0000018b   Thumb Code     0  libinit2.o(.ARM.Collect$$libinit$$00000032)
    __rt_lib_init_exceptions_1               0x0000018b   Thumb Code     0  libinit2.o(.ARM.Collect$$libinit$$00000030)
    __rt_lib_init_fp_1                       0x0000018b   Thumb Code     0  libinit2.o(.ARM.Collect$$libinit$$00000002)
    __rt_lib_init_fp_trap_1                  0x0000018b   Thumb Code     0  libinit2.o(.ARM.Collect$$libinit$$0000001F)
    __rt_lib_init_getenv_1                   0x0000018b   Thumb Code     0  libinit2.o(.ARM.Collect$$libinit$$00000023)
    __rt_lib_init_heap_1                     0x0000018b   Thumb Code     0  libinit2.o(.ARM.Collect$$libinit$$0000000A)
    __rt_lib_init_lc_collate_1               0x0000018b   Thumb Code     0  libinit2.o(.ARM.Collect$$libinit$$00000011)
    __rt_lib_init_lc_ctype_1                 0x0000018b   Thumb Code     0  libinit2.o(.ARM.Collect$$libinit$$00000013)
    __rt_lib_init_lc_monetary_1              0x0000018b   Thumb Code     0  libinit2.o(.ARM.Collect$$libinit$$00000015)
    __rt_lib_init_lc_numeric_1               0x0000018b   Thumb Code     0  libinit2.o(.ARM.Collect$$libinit$$00000017)
    __rt_lib_init_lc_time_1                  0x0000018b   Thumb Code     0  libinit2.o(.ARM.Collect$$libinit$$00000019)
    __rt_lib_init_preinit_1                  0x0000018b   Thumb Code     0  libinit2.o(.ARM.Collect$$libinit$$00000004)
    __rt_lib_init_rand_1                     0x0000018b   Thumb Code     0  libinit2.o(.ARM.Collect$$libinit$$0000000E)
    __rt_lib_init_return                     0x0000018b   Thumb Code     0  libinit2.o(.ARM.Collect$$libinit$$00000033)
    __rt_lib_init_signal_1                   0x0000018b   Thumb Code     0  libinit2.o(.ARM.Collect$$libinit$$0000001D)
    __rt_lib_init_stdio_1                    0x0000018b   Thumb Code     0  libinit2.o(.ARM.Collect$$libinit$$00000025)
    __rt_lib_init_user_alloc_1               0x0000018b   Thumb Code     0  libinit2.o(.ARM.Collect$$libinit$$0000000C)
    __rt_lib_shutdown                        0x0000018d   Thumb Code     0  libshutdown.o(.ARM.Collect$$libshutdown$$00000000)
    __rt_lib_shutdown_cpp_1                  0x0000018f   Thumb Code     0  libshutdown2.o(.ARM.Collect$$libshutdown$$00000004)
    __rt_lib_shutdown_fini_1                 0x0000018f   Thumb Code     0  libshutdown2.o(.ARM.Collect$$libshutdown$$00000002)
    __rt_lib_shutdown_fp_trap_1              0x0000018f   Thumb Code     0  libshutdown2.o(.ARM.Collect$$libshutdown$$00000009)
    __rt_lib_shutdown_heap_1                 0x0000018f   Thumb Code     0  libshutdown2.o(.ARM.Collect$$libshutdown$$00000011)
    __rt_lib_shutdown_return                 0x0000018f   Thumb Code     0  libshutdown2.o(.ARM.Collect$$libshutdown$$00000012)
    __rt_lib_shutdown_signal_1               0x0000018f   Thumb Code     0  libshutdown2.o(.ARM.Collect$$libshutdown$$0000000C)
    __rt_lib_shutdown_stdio_1                0x0000018f   Thumb Code     0  libshutdown2.o(.ARM.Collect$$libshutdown$$00000006)
    __rt_lib_shutdown_user_alloc_1           0x0000018f   Thumb Code     0  libshutdown2.o(.ARM.Collect$$libshutdown$$0000000E)
    __rt_entry                               0x00000191   Thumb Code     0  __rtentry.o(.ARM.Collect$$rtentry$$00000000)
    __rt_entry_presh_1                       0x00000191   Thumb Code     0  __rtentry2.o(.ARM.Collect$$rtentry$$00000002)
    __rt_entry_sh                            0x00000191   Thumb Code     0  __rtentry4.o(.ARM.Collect$$rtentry$$00000004)
    __rt_entry_li                            0x00000197   Thumb Code     0  __rtentry2.o(.ARM.Collect$$rtentry$$0000000A)
    __rt_entry_postsh_1                      0x00000197   Thumb Code     0  __rtentry2.o(.ARM.Collect$$rtentry$$00000009)
    __rt_entry_main                          0x0000019b   Thumb Code     0  __rtentry2.o(.ARM.Collect$$rtentry$$0000000D)
    __rt_entry_postli_1                      0x0000019b   Thumb Code     0  __rtentry2.o(.ARM.Collect$$rtentry$$0000000C)
    __rt_exit                                0x000001a3   Thumb Code     0  rtexit.o(.ARM.Collect$$rtexit$$00000000)
    __rt_exit_ls                             0x000001a5   Thumb Code     0  rtexit2.o(.ARM.Collect$$rtexit$$00000003)
    __rt_exit_prels_1                        0x000001a5   Thumb Code     0  rtexit2.o(.ARM.Collect$$rtexit$$00000002)
    __rt_exit_exit                           0x000001a9   Thumb Code     0  rtexit2.o(.ARM.Collect$$rtexit$$00000004)
    __aeabi_memcpy4                          0x000001b1   Thumb Code    56  rt_memcpy.o(.emb_text)
    __aeabi_memcpy8                          0x000001b1   Thumb Code     0  rt_memcpy.o(.emb_text)
    Reset_Handler                            0x000001e9   Thumb Code     8  startup_bat32g139.o(.text)
    MemManage_Handler                        0x000001f5   Thumb Code     2  startup_bat32g139.o(.text)
    BusFault_Handler                         0x000001f7   Thumb Code     2  startup_bat32g139.o(.text)
    UsageFault_Handler                       0x000001f9   Thumb Code     2  startup_bat32g139.o(.text)
    SVC_Handler                              0x000001fb   Thumb Code     2  startup_bat32g139.o(.text)
    DebugMon_Handler                         0x000001fd   Thumb Code     2  startup_bat32g139.o(.text)
    PendSV_Handler                           0x000001ff   Thumb Code     2  startup_bat32g139.o(.text)
    IRQ00_Handler                            0x00000203   Thumb Code     2  startup_bat32g139.o(.text)
    IRQ01_Handler                            0x00000205   Thumb Code     2  startup_bat32g139.o(.text)
    IRQ02_Handler                            0x00000207   Thumb Code     2  startup_bat32g139.o(.text)
    IRQ03_Handler                            0x00000209   Thumb Code     2  startup_bat32g139.o(.text)
    IRQ04_Handler                            0x0000020b   Thumb Code     2  startup_bat32g139.o(.text)
    IRQ05_Handler                            0x0000020d   Thumb Code     2  startup_bat32g139.o(.text)
    IRQ06_Handler                            0x0000020f   Thumb Code     2  startup_bat32g139.o(.text)
    IRQ07_Handler                            0x00000211   Thumb Code     2  startup_bat32g139.o(.text)
    IRQ08_Handler                            0x00000213   Thumb Code     2  startup_bat32g139.o(.text)
    IRQ09_Handler                            0x00000215   Thumb Code     2  startup_bat32g139.o(.text)
    IRQ10_Handler                            0x00000217   Thumb Code     2  startup_bat32g139.o(.text)
    IRQ11_Handler                            0x00000219   Thumb Code     2  startup_bat32g139.o(.text)
    IRQ12_Handler                            0x0000021b   Thumb Code     2  startup_bat32g139.o(.text)
    IRQ13_Handler                            0x0000021d   Thumb Code     2  startup_bat32g139.o(.text)
    IRQ15_Handler                            0x00000221   Thumb Code     2  startup_bat32g139.o(.text)
    IRQ16_Handler                            0x00000223   Thumb Code     2  startup_bat32g139.o(.text)
    IRQ17_Handler                            0x00000225   Thumb Code     2  startup_bat32g139.o(.text)
    IRQ18_Handler                            0x00000227   Thumb Code     2  startup_bat32g139.o(.text)
    IRQ19_Handler                            0x00000229   Thumb Code     2  startup_bat32g139.o(.text)
    IRQ20_Handler                            0x0000022b   Thumb Code     2  startup_bat32g139.o(.text)
    IRQ22_Handler                            0x0000022f   Thumb Code     2  startup_bat32g139.o(.text)
    IRQ23_Handler                            0x00000231   Thumb Code     2  startup_bat32g139.o(.text)
    IRQ24_Handler                            0x00000233   Thumb Code     2  startup_bat32g139.o(.text)
    IRQ25_Handler                            0x00000235   Thumb Code     2  startup_bat32g139.o(.text)
    IRQ26_Handler                            0x00000237   Thumb Code     2  startup_bat32g139.o(.text)
    IRQ29_Handler                            0x0000023d   Thumb Code     2  startup_bat32g139.o(.text)
    IRQ30_Handler                            0x0000023f   Thumb Code     2  startup_bat32g139.o(.text)
    IRQ31_Handler                            0x00000241   Thumb Code     2  startup_bat32g139.o(.text)
    __user_initial_stackheap                 0x00000245   Thumb Code    10  startup_bat32g139.o(.text)
    __aeabi_lmul                             0x00000269   Thumb Code    48  llmul.o(.text)
    _ll_mul                                  0x00000269   Thumb Code     0  llmul.o(.text)
    __aeabi_uidiv                            0x00000299   Thumb Code     0  aeabi_sdiv.o(.text)
    __aeabi_uidivmod                         0x00000299   Thumb Code    20  aeabi_sdiv.o(.text)
    __aeabi_idiv                             0x000002ad   Thumb Code     0  aeabi_sdiv.o(.text)
    __aeabi_idivmod                          0x000002ad   Thumb Code   326  aeabi_sdiv.o(.text)
    __use_two_region_memory                  0x000003f3   Thumb Code     2  heapauxi.o(.text)
    __rt_heap_escrow$2region                 0x000003f5   Thumb Code     2  heapauxi.o(.text)
    __rt_heap_expand$2region                 0x000003f7   Thumb Code     2  heapauxi.o(.text)
    __aeabi_d2iz                             0x000003f9   Thumb Code     0  dfixi.o(.text)
    _dfix                                    0x000003f9   Thumb Code    98  dfixi.o(.text)
    __aeabi_i2d_normalise                    0x00000465   Thumb Code    66  dflti.o(.text)
    __aeabi_i2d                              0x000004a7   Thumb Code    16  dflti.o(.text)
    _dflt                                    0x000004a7   Thumb Code     0  dflti.o(.text)
    __aeabi_ui2d                             0x000004b7   Thumb Code     6  dflti.o(.text)
    _dfltu                                   0x000004b7   Thumb Code     0  dflti.o(.text)
    __aeabi_i2f_normalise                    0x000004bd   Thumb Code    72  fflti.o(.text)
    __aeabi_i2f                              0x00000505   Thumb Code    16  fflti.o(.text)
    _fflt                                    0x00000505   Thumb Code     0  fflti.o(.text)
    __aeabi_ui2f                             0x00000515   Thumb Code     6  fflti.o(.text)
    _ffltu                                   0x00000515   Thumb Code     0  fflti.o(.text)
    __read_errno                             0x0000051b   Thumb Code    10  _rserrno.o(.text)
    __set_errno                              0x00000525   Thumb Code    12  _rserrno.o(.text)
    _dsqrt                                   0x00000531   Thumb Code   248  dsqrt.o(.text)
    __aeabi_errno_addr                       0x00000631   Thumb Code     8  rt_errno_addr_intlibspace.o(.text)
    __errno$intlibspace                      0x00000631   Thumb Code     0  rt_errno_addr_intlibspace.o(.text)
    __rt_errno_addr$intlibspace              0x00000631   Thumb Code     0  rt_errno_addr_intlibspace.o(.text)
    __user_libspace                          0x00000639   Thumb Code     8  libspace.o(.text)
    __user_perproc_libspace                  0x00000639   Thumb Code     0  libspace.o(.text)
    __user_perthread_libspace                0x00000639   Thumb Code     0  libspace.o(.text)
    __user_setup_stackheap                   0x00000641   Thumb Code    62  sys_stackheap_outer.o(.text)
    exit                                     0x0000067f   Thumb Code    16  exit.o(.text)
    __decompress                             0x0000068f   Thumb Code     0  __dczerorl2.o(.text)
    __decompress1                            0x0000068f   Thumb Code    86  __dczerorl2.o(.text)
    ACMP0_ConfigInit                         0x000006e5   Thumb Code    82  sys_hardware_init.o(i.ACMP0_ConfigInit)
    ACMP1_ConfigInit                         0x00000745   Thumb Code    82  sys_hardware_init.o(i.ACMP1_ConfigInit)
    ADC_ConfigInit                           0x000007a5   Thumb Code   148  sys_hardware_init.o(i.ADC_ConfigInit)
    CLK_GetCoreFreq                          0x0000084d   Thumb Code   110  system_bat32g139.o(i.CLK_GetCoreFreq)
    CLK_MainOsc_Setting                      0x000008f1   Thumb Code    54  clk.o(i.CLK_MainOsc_Setting)
    CLK_Osc_Setting                          0x0000092d   Thumb Code    94  clk.o(i.CLK_Osc_Setting)
    CLK_PLL_Setting                          0x00000991   Thumb Code    40  clk.o(i.CLK_PLL_Setting)
    CLK_PLL_Start                            0x000009bd   Thumb Code    26  clk.o(i.CLK_PLL_Start)
    CMP_Input_Select                         0x000009dd   Thumb Code    26  cmp.o(i.CMP_Input_Select)
    CMP_VREF_Set_Value                       0x000009fd   Thumb Code    16  cmp.o(i.CMP_VREF_Set_Value)
    COM_AD_Data_Deal                         0x00000a11   Thumb Code   216  user_function.o(i.COM_AD_Data_Deal)
    COM_CHG_INV_Select                       0x00000b0d   Thumb Code   840  user_function.o(i.COM_CHG_INV_Select)
    COM_CloseDrive                           0x00000eb5   Thumb Code    62  user_function.o(i.COM_CloseDrive)
    COM_Function                             0x00000f09   Thumb Code    74  user_function.o(i.COM_Function)
    COM_Get_Protect_Flag                     0x00000f61   Thumb Code    88  user_fault_check.o(i.COM_Get_Protect_Flag)
    COM_PWM_Disable                          0x00000fbd   Thumb Code    18  sys_hardware_init.o(i.COM_PWM_Disable)
    COM_UART1_Deal                           0x00000fd9   Thumb Code   272  user_function.o(i.COM_UART1_Deal)
    COM_UPS_Deal                             0x00001109   Thumb Code   138  user_function.o(i.COM_UPS_Deal)
    DMA_Start                                0x000011b5   Thumb Code   158  dma.o(i.DMA_Start)
    ELC_Start                                0x00001261   Thumb Code     6  elc.o(i.ELC_Start)
    EPWM_ConfigInit                          0x0000126d   Thumb Code   236  sys_hardware_init.o(i.EPWM_ConfigInit)
    Fault_Deal_Func                          0x00001375   Thumb Code    20  sys_state_machine.o(i.Fault_Deal_Func)
    Fault_State_Check                        0x00001389   Thumb Code   426  user_fault_check.o(i.Fault_State_Check)
    Fault_State_Deal                         0x000015d1   Thumb Code     2  user_fault_check.o(i.Fault_State_Deal)
    GPIO_Init                                0x000015d5   Thumb Code   114  sys_hardware_init.o(i.GPIO_Init)
    INV_PWM_Enable                           0x0000164d   Thumb Code    88  sys_hardware_init.o(i.INV_PWM_Enable)
    INV_Run_VariableInit                     0x000016b5   Thumb Code   358  sys_variable_init.o(i.INV_Run_VariableInit)
    Initial_Deal_Func                        0x00001885   Thumb Code    20  sys_state_machine.o(i.Initial_Deal_Func)
    Key_Calc                                 0x0000189d   Thumb Code    70  user_function.o(i.Key_Calc)
    PFC_PWM_Enable                           0x000018e5   Thumb Code    62  sys_hardware_init.o(i.PFC_PWM_Enable)
    PFC_Run_VariableInit                     0x0000193d   Thumb Code   258  sys_variable_init.o(i.PFC_Run_VariableInit)
    PORT_Init                                0x00001aa9   Thumb Code   180  gpio.o(i.PORT_Init)
    Protect_Release                          0x00001b65   Thumb Code     2  user_fault_check.o(i.Protect_Release)
    Ready_Deal_Func                          0x00001b67   Thumb Code    12  sys_state_machine.o(i.Ready_Deal_Func)
    Ready_State_Check                        0x00001b75   Thumb Code   430  sys_state_machine.o(i.Ready_State_Check)
    Run_Deal_Func                            0x00001d95   Thumb Code    34  sys_state_machine.o(i.Run_Deal_Func)
    Run_State_OpenDriver                     0x00001db9   Thumb Code    44  sys_state_machine.o(i.Run_State_OpenDriver)
    State_Context_Func                       0x00001df1   Thumb Code   128  sys_state_machine.o(i.State_Context_Func)
    State_Context_Task                       0x00001e71   Thumb Code   182  sys_state_machine.o(i.State_Context_Task)
    Stop_Deal_Func                           0x00001f35   Thumb Code     2  sys_state_machine.o(i.Stop_Deal_Func)
    SysTick_ConfigInit                       0x00001f39   Thumb Code    44  sys_hardware_init.o(i.SysTick_ConfigInit)
    Sys_HardConfigInit                       0x00001f71   Thumb Code   190  sys_hardware_init.o(i.Sys_HardConfigInit)
    Sys_IE_Init                              0x0000204d   Thumb Code   134  sys_hardware_init.o(i.Sys_IE_Init)
    Sys_Variableinit                         0x000020dd   Thumb Code   490  sys_variable_init.o(i.Sys_Variableinit)
    SystemClock_Init                         0x0000235d   Thumb Code    58  sys_hardware_init.o(i.SystemClock_Init)
    SystemInit                               0x000023a5   Thumb Code    82  system_bat32g139.o(i.SystemInit)
    TIMC_ConfigInit                          0x00002419   Thumb Code    50  sys_hardware_init.o(i.TIMC_ConfigInit)
    UART0_ConfigInit                         0x0000245d   Thumb Code   192  sys_hardware_init.o(i.UART0_ConfigInit)
    UART1_ConfigInit                         0x00002549   Thumb Code   164  sys_hardware_init.o(i.UART1_ConfigInit)
    User_DelayTime_ms                        0x00002611   Thumb Code    22  user_function.o(i.User_DelayTime_ms)
    User_DelayTime_us                        0x0000262d   Thumb Code    20  user_function.o(i.User_DelayTime_us)
    User_Divider                             0x00002641   Thumb Code    16  user_function.o(i.User_Divider)
    User_Key_Deal                            0x00002655   Thumb Code   210  user_function.o(i.User_Key_Deal)
    User_LED_Deal                            0x00002745   Thumb Code   272  user_function.o(i.User_LED_Deal)
    User_LED_ms                              0x00002869   Thumb Code    84  user_function.o(i.User_LED_ms)
    User_RMS_Deal                            0x000028c1   Thumb Code    38  user_function.o(i.User_RMS_Deal)
    WDT_Restart                              0x000028f5   Thumb Code     8  wdt.o(i.WDT_Restart)
    Waiting_Deal_Func                        0x00002901   Thumb Code    52  sys_state_machine.o(i.Waiting_Deal_Func)
    __ARM_common_switch8                     0x0000293d   Thumb Code    26  gpio.o(i.__ARM_common_switch8)
    _sys_exit                                0x000029b5   Thumb Code    16  retarget.o(i._sys_exit)
    main                                     0x000029cd   Thumb Code    30  main.o(i.main)
    sqrt                                     0x000029f5   Thumb Code    66  sqrt.o(i.sqrt)
    NMI_Handler                              0x00002a3d   Thumb Code     0  wdt_user.o(i.wdt_interrupt)
    wdt_interrupt                            0x00002a3d   Thumb Code    16  wdt_user.o(i.wdt_interrupt)
    CLK_Fclk_Select                          0x00002a51   Thumb Code    62  clk.o(sram_code)
    Sine_Table_50Hz                          0x00002a98   Data         840  user_sine_table.o(.constdata)
    __I$use$fp                               0x00002a98   Number         0  usenofp.o(x$fpl$usenofp)
    Sine_Table_60Hz                          0x00002de0   Data         700  user_sine_table.o(.constdata)
    Region$$Table$$Base                      0x0000309c   Number         0  anon$$obj.o(Region$$Table)
    Region$$Table$$Limit                     0x000030cc   Number         0  anon$$obj.o(Region$$Table)
    Long Thumb to Thumb Veneer to __aeabi_i2f 0x20000101   Thumb Code    12  anon$$obj.o(Veneer$$Code)
    Long Thumb to Thumb Veneer to __aeabi_memcpy4 0x2000010d   Thumb Code    12  anon$$obj.o(Veneer$$Code)
    Long Thumb to Thumb Veneer to COM_PWM_Disable 0x20000119   Thumb Code    12  anon$$obj.o(Veneer$$Code)
    Long Thumb to Thumb Veneer to User_Divider 0x20000125   Thumb Code    12  anon$$obj.o(Veneer$$Code)
    Long Thumb to Thumb Veneer to __aeabi_ui2d 0x20000131   Thumb Code    12  anon$$obj.o(Veneer$$Code)
    Long Thumb to Thumb Veneer to sqrt       0x2000013d   Thumb Code    12  anon$$obj.o(Veneer$$Code)
    Long Thumb to Thumb Veneer to __aeabi_d2iz 0x20000149   Thumb Code    12  anon$$obj.o(Veneer$$Code)
    Long Thumb to Thumb Veneer to __aeabi_idivmod 0x20000155   Thumb Code    12  anon$$obj.o(Veneer$$Code)
    Long Thumb to Thumb Veneer to __aeabi_lmul 0x20000161   Thumb Code    12  anon$$obj.o(Veneer$$Code)
    Long Thumb to Thumb Veneer to COM_UPS_Deal 0x2000016d   Thumb Code    12  anon$$obj.o(Veneer$$Code)
    COM_Uartx_HeartCheck                     0x20000179   Thumb Code    64  user_communication.o(i.COM_Uartx_HeartCheck)
    Function_TxSendDebug                     0x200001b9   Thumb Code   110  user_communication.o(i.Function_TxSendDebug)
    HardFault_Handler                        0x20000239   Thumb Code    24  interrupt.o(i.HardFault_Handler)
    INV_AC_Vol_FreCalc                       0x20000259   Thumb Code   134  user_parallel.o(i.INV_AC_Vol_FreCalc)
    INV_Ctrl                                 0x200002f1   Thumb Code   830  inv_ctrl.o(i.INV_Ctrl)
    INV_DataSend                             0x20000671   Thumb Code   266  user_communication.o(i.INV_DataSend)
    INV_Deal                                 0x200007a9   Thumb Code    98  interrupt.o(i.INV_Deal)
    INV_Lock_Phase                           0x20000825   Thumb Code   246  inv_ctrl.o(i.INV_Lock_Phase)
    INV_MasterSlaveSelect                    0x2000093d   Thumb Code   122  user_parallel.o(i.INV_MasterSlaveSelect)
    INV_PQ_Droop_Ctrl                        0x200009c5   Thumb Code    74  pq_droop_ctrl.o(i.INV_PQ_Droop_Ctrl)
    PFC_AC_Vol_FreCalc                       0x20000a11   Thumb Code   136  user_parallel.o(i.PFC_AC_Vol_FreCalc)
    PFC_Ctrl                                 0x20000ab5   Thumb Code   238  pfc_ctrl.o(i.PFC_Ctrl)
    PFC_Deal                                 0x20000bc5   Thumb Code   380  interrupt.o(i.PFC_Deal)
    PFC_PID_Ctrl                             0x20000d85   Thumb Code   102  pid_ctrl.o(i.PFC_PID_Ctrl)
    PFC_VBus_RefCalc                         0x20000ded   Thumb Code   150  pfc_ctrl.o(i.PFC_VBus_RefCalc)
    PID_Ctrl                                 0x20000e99   Thumb Code    98  pid_ctrl.o(i.PID_Ctrl)
    PLL_Ctrl                                 0x20000efd   Thumb Code   432  pll_ctrl.o(i.PLL_Ctrl)
    PLL_Ctrl_Param                           0x200010bd   Thumb Code    32  pll_ctrl.o(i.PLL_Ctrl_Param)
    RMS_PQ_Calc                              0x200010e9   Thumb Code   240  user_sample.o(i.RMS_PQ_Calc)
    RMS_PQ_Update                            0x200011ed   Thumb Code   280  user_sample.o(i.RMS_PQ_Update)
    SysTick_Handler                          0x20001315   Thumb Code   146  interrupt.o(i.SysTick_Handler)
    UART1_INV_DataSend                       0x200013d1   Thumb Code   112  user_communication.o(i.UART1_INV_DataSend)
    User_UART_View                           0x20001451   Thumb Code    46  user_communication.o(i.User_UART_View)
    IRQ21_Handler                            0x20001495   Thumb Code     0  interrupt.o(i.adc_interrupt)
    adc_interrupt                            0x20001495   Thumb Code   546  interrupt.o(i.adc_interrupt)
    crc16_modbus                             0x200016ed   Thumb Code    50  user_communication.o(i.crc16_modbus)
    IRQ27_Handler                            0x20001725   Thumb Code     0  interrupt.o(i.tmm0_interrupt)
    tmm0_interrupt                           0x20001725   Thumb Code    28  interrupt.o(i.tmm0_interrupt)
    IRQ28_Handler                            0x20001749   Thumb Code     0  interrupt.o(i.tmm1_interrupt)
    tmm1_interrupt                           0x20001749   Thumb Code   306  interrupt.o(i.tmm1_interrupt)
    IRQ14_Handler                            0x200018b5   Thumb Code     0  interrupt.o(i.uart1_interrupt_receive)
    uart1_interrupt_receive                  0x200018b5   Thumb Code    26  interrupt.o(i.uart1_interrupt_receive)
    Sin_Cos_Table                            0x200018d8   Data         512  pll_ctrl.o(.constdata)
    g_WdtIntTaken                            0x20001ad8   Data           4  wdt_user.o(.data)
    tmsr1_temp                               0x20001adc   Data           1  interrupt.o(.data)
    tmier1_temp                              0x20001add   Data           1  interrupt.o(.data)
    PFC_StartCount                           0x20001ade   Data           2  interrupt.o(.data)
    u16AD_Cnt                                0x20001ae0   Data           2  interrupt.o(.data)
    User_UART_View_cnt11                     0x20001ae4   Data           4  interrupt.o(.data)
    count_err                                0x20001ae8   Data           4  interrupt.o(.data)
    PFC_P_OLP1_Info                          0x20001aec   Data          20  sys_struct.o(.data)
    PFC_P_OLP2_Info                          0x20001b00   Data          20  sys_struct.o(.data)
    PFC_RMS_OCP1_Info                        0x20001b14   Data          20  sys_struct.o(.data)
    PFC_RMS_OCP2_Info                        0x20001b28   Data          20  sys_struct.o(.data)
    COM_VBus_OVP1_Info                       0x20001b3c   Data          20  sys_struct.o(.data)
    COM_VBus_OVP2_Info                       0x20001b50   Data          20  sys_struct.o(.data)
    COM_VBus_OVP3_Info                       0x20001b64   Data          20  sys_struct.o(.data)
    INV_VBus_LVP1_Info                       0x20001b78   Data          20  sys_struct.o(.data)
    INV_VBus_LVP2_Info                       0x20001b8c   Data          20  sys_struct.o(.data)
    INV_VBus_LVP3_Info                       0x20001ba0   Data          20  sys_struct.o(.data)
    INV_P_OLP1_Info                          0x20001bb4   Data          20  sys_struct.o(.data)
    INV_P_OLP2_Info                          0x20001bc8   Data          20  sys_struct.o(.data)
    INV_P_OLP3_Info                          0x20001bdc   Data          20  sys_struct.o(.data)
    INV_P_OLP4_Info                          0x20001bf0   Data          20  sys_struct.o(.data)
    INV_S_OLP1_Info                          0x20001c04   Data          20  sys_struct.o(.data)
    INV_S_OLP2_Info                          0x20001c18   Data          20  sys_struct.o(.data)
    INV_S_OLP3_Info                          0x20001c2c   Data          20  sys_struct.o(.data)
    INV_S_OLP4_Info                          0x20001c40   Data          20  sys_struct.o(.data)
    INV_RMS_OCP1_Info                        0x20001c54   Data          20  sys_struct.o(.data)
    INV_RMS_OCP2_Info                        0x20001c68   Data          20  sys_struct.o(.data)
    INV_RMS_OCP3_Info                        0x20001c7c   Data          20  sys_struct.o(.data)
    INV_RMS_OCP4_Info                        0x20001c90   Data          20  sys_struct.o(.data)
    INV_ACOUT_OVP_Info                       0x20001ca4   Data          20  sys_struct.o(.data)
    INV_ACOUT_LVP_Info                       0x20001cb8   Data          20  sys_struct.o(.data)
    INV_ACOUT_SCP_Info                       0x20001ccc   Data          20  sys_struct.o(.data)
    INV_ACOUT_P_SCP_Info                     0x20001ce0   Data          20  sys_struct.o(.data)
    COM_AuxPower_OVP_Info                    0x20001cf4   Data          20  sys_struct.o(.data)
    COM_AuxPower_LVP_Info                    0x20001d08   Data          20  sys_struct.o(.data)
    COM_Vref_OVP_Info                        0x20001d1c   Data          20  sys_struct.o(.data)
    COM_Vref_LVP_Info                        0x20001d30   Data          20  sys_struct.o(.data)
    COM_OTP1_Info                            0x20001d44   Data          20  sys_struct.o(.data)
    COM_OTP2_Info                            0x20001d58   Data          20  sys_struct.o(.data)
    INV_StartCheck_VBus_Up                   0x20001d6c   Data          20  sys_struct.o(.data)
    INV_StartCheck_VBus_Down                 0x20001d80   Data          20  sys_struct.o(.data)
    COM_StartCheck_AuxPower_Up               0x20001d94   Data          20  sys_struct.o(.data)
    COM_StartCheck_AuxPower_Down             0x20001da8   Data          20  sys_struct.o(.data)
    PFC_StartCheck_AC_VOL_Up                 0x20001dbc   Data          20  sys_struct.o(.data)
    PFC_StartCheck_AC_VOL_Down               0x20001dd0   Data          20  sys_struct.o(.data)
    PFC_StartCheck_FREQ_Up                   0x20001de4   Data          20  sys_struct.o(.data)
    PFC_StartCheck_FREQ_Down                 0x20001df8   Data          20  sys_struct.o(.data)
    COM_StartCheck_Temp_Up                   0x20001e0c   Data          20  sys_struct.o(.data)
    AD_Correct_V_ACOUT                       0x20001e20   Data          40  sys_struct.o(.data)
    AD_Correct_V_ACIN                        0x20001e48   Data          40  sys_struct.o(.data)
    AD_Correct_I_Induc                       0x20001e70   Data          40  sys_struct.o(.data)
    AD_Correct_I_Load                        0x20001e98   Data          40  sys_struct.o(.data)
    AD_Correct_Vref                          0x20001ec0   Data          40  sys_struct.o(.data)
    INV_PID_Vol                              0x20001ee8   Data          84  sys_struct.o(.data)
    INV_PID_Cur                              0x20001f3c   Data          84  sys_struct.o(.data)
    INV_PID_Power                            0x20001f90   Data          84  sys_struct.o(.data)
    INV_PID_DCIM                             0x20001fe4   Data          84  sys_struct.o(.data)
    PFC_PID_Vol                              0x20002038   Data          84  sys_struct.o(.data)
    PFC_PID_Cur                              0x2000208c   Data          84  sys_struct.o(.data)
    INV_Repeat_Info                          0x200020e0   Data          56  sys_struct.o(.data)
    Key_SW_InvOn                             0x20002118   Data          20  sys_struct.o(.data)
    StartCheck_Flag_Info                     0x2000212c   Data           2  sys_struct.o(.data)
    System_ProtectFlag_Info                  0x2000212e   Data           4  sys_struct.o(.data)
    UART1_Info                               0x20002134   Data         300  sys_struct.o(.data)
    UARTx_DC_Info                            0x20002260   Data           8  sys_struct.o(.data)
    SysClockBase_ms                          0x20002268   Data           2  sys_struct.o(.data)
    i16_variableI                            0x2000226a   Data           2  sys_variable_init.o(.data)
    Stop_Deal                                0x2000226c   Data           8  sys_state_machine.o(.data)
    State_Context                            0x20002274   Data          32  sys_state_machine.o(.data)
    Initial_Deal                             0x20002294   Data          16  sys_state_machine.o(.data)
    Waiting_Deal                             0x200022a4   Data          16  sys_state_machine.o(.data)
    Ready_Deal                               0x200022b4   Data          20  sys_state_machine.o(.data)
    Run_Deal                                 0x200022c8   Data          20  sys_state_machine.o(.data)
    Fault_Deal                               0x200022dc   Data          16  sys_state_machine.o(.data)
    INV_flag_cnt1                            0x200022ec   Data           1  user_parallel.o(.data)
    PFC_flag_cnt1                            0x200022ed   Data           1  user_parallel.o(.data)
    INV_flag_cnt                             0x200022ee   Data           1  user_parallel.o(.data)
    INV_flag                                 0x200022ef   Data           1  user_parallel.o(.data)
    PFC_flag                                 0x200022f0   Data           1  user_parallel.o(.data)
    PFC_flag_cnt                             0x200022f1   Data           1  user_parallel.o(.data)
    INV_TimeCntVal                           0x200022f2   Data           2  user_parallel.o(.data)
    u16_INV_Freq_Cnt                         0x200022f4   Data           2  user_parallel.o(.data)
    PFC_TimeCntVal                           0x200022f6   Data           2  user_parallel.o(.data)
    PFC_Freq_Time_Cnt                        0x200022f8   Data           2  user_parallel.o(.data)
    u8_Key_SW_InvOn_Flag                     0x200022fc   Data           1  user_function.o(.data)
    u8_System1msbit_cnt                      0x200022fd   Data           1  user_function.o(.data)
    u16Inv_RY3_count                         0x200022fe   Data           2  user_function.o(.data)
    u16INV_OFF_Flag                          0x20002300   Data           2  user_function.o(.data)
    i16PFC_AC_Vol_AD_temp                    0x20002302   Data           2  user_function.o(.data)
    u16_InvOn_Start_count                    0x20002304   Data           2  user_function.o(.data)
    UART1_RXD_B_Temp                         0x20002308   Data           4  user_function.o(.data)
    PFC_VBUS_READY_OK_Cnt                    0x2000230c   Data           2  user_communication.o(.data)
    PFC_CHG_Out_StepVal                      0x20002310   Data           1  pfc_ctrl.o(.data)
    PFC_Reverse_Flag                         0x20002311   Data           1  pfc_ctrl.o(.data)
    PFC_Reverse_BufferCount                  0x20002312   Data           2  pfc_ctrl.o(.data)
    PFC_Zero_DutySS_Count                    0x20002314   Data           4  pfc_ctrl.o(.data)
    u16Index                                 0x20002318   Data           2  pll_ctrl.o(.data)
    u16Index2                                0x2000231a   Data           2  pll_ctrl.o(.data)
    SystemCoreClock                          0x2000231c   Data           4  system_bat32g139.o(.data)
    INV_PQ_Droop_Info                        0x20002320   Data          76  sys_struct.o(.bss)
    RMS_PQ_Info                              0x2000236c   Data         136  sys_struct.o(.bss)
    ADSample_Info                            0x200023f4   Data          84  sys_struct.o(.bss)
    COM_Ctr_Info                             0x20002448   Data          64  sys_struct.o(.bss)
    UPS_Ctr_Info                             0x20002488   Data          44  sys_struct.o(.bss)
    LED_Ctr_Info                             0x200024b4   Data          10  sys_struct.o(.bss)
    InvToDC_Data_Info                        0x200024be   Data          20  sys_struct.o(.bss)
    COM_AD_Data_Info                         0x200024d4   Data          60  sys_struct.o(.bss)
    ADSampleDMA_Info                         0x20002510   Data          10  sys_struct.o(.bss)
    PFC_Ctrl_Info                            0x2000251c   Data          92  sys_struct.o(.bss)
    PFC_Ref_Info                             0x20002578   Data          12  sys_struct.o(.bss)
    PFC_VPID_Info                            0x20002584   Data          20  sys_struct.o(.bss)
    INV_Parall_Info                          0x20002598   Data          28  sys_struct.o(.bss)
    INV_Ctrl_Info                            0x200025b4   Data         196  sys_struct.o(.bss)
    P_table                                  0x20002678   Data        1360  user_sample.o(.bss)
    INV_AC_Vol_table                         0x20002bc8   Data        1360  user_sample.o(.bss)
    PFC_AC_Vol_table                         0x20003118   Data        1360  user_sample.o(.bss)
    CurLoad_table                            0x20003668   Data        1360  user_sample.o(.bss)
    CurInduc_table                           0x20003bb8   Data        1360  user_sample.o(.bss)
    txBuf                                    0x20004108   Data          24  user_communication.o(.bss)
    num                                      0x20004120   Data          20  user_communication.o(.bss)
    RepeatOut                                0x20004134   Data        1200  repeat_ctrl.o(.bss)
    RepeatErr                                0x200045e4   Data        1200  repeat_ctrl.o(.bss)
    PLL_Ctrl_Info_V_ACOUT                    0x20004a94   Data        2372  pll_ctrl.o(.bss)
    PLL_Ctrl_Info_V_ACIN                     0x200053d8   Data        2372  pll_ctrl.o(.bss)
    PFC_3Theta_Info                          0x20005d1c   Data          12  pll_ctrl.o(.bss)
    __libspace_start                         0x20005d28   Data          96  libspace.o(.bss)
    __temporary_stack_top$libspace           0x20005d88   Data           0  libspace.o(.bss)



==============================================================================

Memory Map of the image

  Image Entry point : 0x0000010d

  Load Region LR_IROM1 (Base: 0x00000000, Size: 0x000052ec, Max: 0x00040000, ABSOLUTE, COMPRESSED[0x00004d3c])

    Execution Region ER_IROM1 (Exec base: 0x00000000, Load base: 0x00000000, Size: 0x000030cc, Max: 0x00040000, ABSOLUTE)

    Exec Addr    Load Addr    Size         Type   Attr      Idx    E Section Name        Object

    0x00000000   0x00000000   0x000000c0   Data   RO         4384    RESET               startup_bat32g139.o
    0x000000c0   0x000000c0   0x00000004   Data   RO         4395    .ARM.__AT_0x000000C0  system_bat32g139.o
    0x000000c4   0x000000c4   0x0000000c   Ven    RO         4735    Veneer$$Code        anon$$obj.o
    0x000000d0   0x000000d0   0x0000000c   Ven    RO         4736    Veneer$$Code        anon$$obj.o
    0x000000dc   0x000000dc   0x0000000c   Ven    RO         4737    Veneer$$Code        anon$$obj.o
    0x000000e8   0x000000e8   0x0000000c   Ven    RO         4738    Veneer$$Code        anon$$obj.o
    0x000000f4   0x000000f4   0x0000000c   Ven    RO         4739    Veneer$$Code        anon$$obj.o
    0x00000100   0x00000100   0x0000000c   Ven    RO         4740    Veneer$$Code        anon$$obj.o
    0x0000010c   0x0000010c   0x00000008   Code   RO         4502  * !!!main             c_p.l(__main.o)
    0x00000114   0x00000114   0x0000003c   Code   RO         4729    !!!scatter          c_p.l(__scatter.o)
    0x00000150   0x00000150   0x0000001a   Code   RO         4731    !!handler_copy      c_p.l(__scatter_copy.o)
    0x0000016a   0x0000016a   0x00000002   PAD
    0x0000016c   0x0000016c   0x0000001c   Code   RO         4733    !!handler_zi        c_p.l(__scatter_zi.o)
    0x00000188   0x00000188   0x00000002   Code   RO         4599    .ARM.Collect$$libinit$$00000000  c_p.l(libinit.o)
    0x0000018a   0x0000018a   0x00000000   Code   RO         4612    .ARM.Collect$$libinit$$00000002  c_p.l(libinit2.o)
    0x0000018a   0x0000018a   0x00000000   Code   RO         4614    .ARM.Collect$$libinit$$00000004  c_p.l(libinit2.o)
    0x0000018a   0x0000018a   0x00000000   Code   RO         4617    .ARM.Collect$$libinit$$0000000A  c_p.l(libinit2.o)
    0x0000018a   0x0000018a   0x00000000   Code   RO         4619    .ARM.Collect$$libinit$$0000000C  c_p.l(libinit2.o)
    0x0000018a   0x0000018a   0x00000000   Code   RO         4621    .ARM.Collect$$libinit$$0000000E  c_p.l(libinit2.o)
    0x0000018a   0x0000018a   0x00000000   Code   RO         4624    .ARM.Collect$$libinit$$00000011  c_p.l(libinit2.o)
    0x0000018a   0x0000018a   0x00000000   Code   RO         4626    .ARM.Collect$$libinit$$00000013  c_p.l(libinit2.o)
    0x0000018a   0x0000018a   0x00000000   Code   RO         4628    .ARM.Collect$$libinit$$00000015  c_p.l(libinit2.o)
    0x0000018a   0x0000018a   0x00000000   Code   RO         4630    .ARM.Collect$$libinit$$00000017  c_p.l(libinit2.o)
    0x0000018a   0x0000018a   0x00000000   Code   RO         4632    .ARM.Collect$$libinit$$00000019  c_p.l(libinit2.o)
    0x0000018a   0x0000018a   0x00000000   Code   RO         4634    .ARM.Collect$$libinit$$0000001B  c_p.l(libinit2.o)
    0x0000018a   0x0000018a   0x00000000   Code   RO         4636    .ARM.Collect$$libinit$$0000001D  c_p.l(libinit2.o)
    0x0000018a   0x0000018a   0x00000000   Code   RO         4638    .ARM.Collect$$libinit$$0000001F  c_p.l(libinit2.o)
    0x0000018a   0x0000018a   0x00000000   Code   RO         4640    .ARM.Collect$$libinit$$00000021  c_p.l(libinit2.o)
    0x0000018a   0x0000018a   0x00000000   Code   RO         4642    .ARM.Collect$$libinit$$00000023  c_p.l(libinit2.o)
    0x0000018a   0x0000018a   0x00000000   Code   RO         4644    .ARM.Collect$$libinit$$00000025  c_p.l(libinit2.o)
    0x0000018a   0x0000018a   0x00000000   Code   RO         4648    .ARM.Collect$$libinit$$0000002C  c_p.l(libinit2.o)
    0x0000018a   0x0000018a   0x00000000   Code   RO         4650    .ARM.Collect$$libinit$$0000002E  c_p.l(libinit2.o)
    0x0000018a   0x0000018a   0x00000000   Code   RO         4652    .ARM.Collect$$libinit$$00000030  c_p.l(libinit2.o)
    0x0000018a   0x0000018a   0x00000000   Code   RO         4654    .ARM.Collect$$libinit$$00000032  c_p.l(libinit2.o)
    0x0000018a   0x0000018a   0x00000002   Code   RO         4655    .ARM.Collect$$libinit$$00000033  c_p.l(libinit2.o)
    0x0000018c   0x0000018c   0x00000002   Code   RO         4679    .ARM.Collect$$libshutdown$$00000000  c_p.l(libshutdown.o)
    0x0000018e   0x0000018e   0x00000000   Code   RO         4705    .ARM.Collect$$libshutdown$$00000002  c_p.l(libshutdown2.o)
    0x0000018e   0x0000018e   0x00000000   Code   RO         4707    .ARM.Collect$$libshutdown$$00000004  c_p.l(libshutdown2.o)
    0x0000018e   0x0000018e   0x00000000   Code   RO         4709    .ARM.Collect$$libshutdown$$00000006  c_p.l(libshutdown2.o)
    0x0000018e   0x0000018e   0x00000000   Code   RO         4712    .ARM.Collect$$libshutdown$$00000009  c_p.l(libshutdown2.o)
    0x0000018e   0x0000018e   0x00000000   Code   RO         4715    .ARM.Collect$$libshutdown$$0000000C  c_p.l(libshutdown2.o)
    0x0000018e   0x0000018e   0x00000000   Code   RO         4717    .ARM.Collect$$libshutdown$$0000000E  c_p.l(libshutdown2.o)
    0x0000018e   0x0000018e   0x00000000   Code   RO         4720    .ARM.Collect$$libshutdown$$00000011  c_p.l(libshutdown2.o)
    0x0000018e   0x0000018e   0x00000002   Code   RO         4721    .ARM.Collect$$libshutdown$$00000012  c_p.l(libshutdown2.o)
    0x00000190   0x00000190   0x00000000   Code   RO         4533    .ARM.Collect$$rtentry$$00000000  c_p.l(__rtentry.o)
    0x00000190   0x00000190   0x00000000   Code   RO         4553    .ARM.Collect$$rtentry$$00000002  c_p.l(__rtentry2.o)
    0x00000190   0x00000190   0x00000006   Code   RO         4565    .ARM.Collect$$rtentry$$00000004  c_p.l(__rtentry4.o)
    0x00000196   0x00000196   0x00000000   Code   RO         4555    .ARM.Collect$$rtentry$$00000009  c_p.l(__rtentry2.o)
    0x00000196   0x00000196   0x00000004   Code   RO         4556    .ARM.Collect$$rtentry$$0000000A  c_p.l(__rtentry2.o)
    0x0000019a   0x0000019a   0x00000000   Code   RO         4558    .ARM.Collect$$rtentry$$0000000C  c_p.l(__rtentry2.o)
    0x0000019a   0x0000019a   0x00000008   Code   RO         4559    .ARM.Collect$$rtentry$$0000000D  c_p.l(__rtentry2.o)
    0x000001a2   0x000001a2   0x00000002   Code   RO         4603    .ARM.Collect$$rtexit$$00000000  c_p.l(rtexit.o)
    0x000001a4   0x000001a4   0x00000000   Code   RO         4657    .ARM.Collect$$rtexit$$00000002  c_p.l(rtexit2.o)
    0x000001a4   0x000001a4   0x00000004   Code   RO         4658    .ARM.Collect$$rtexit$$00000003  c_p.l(rtexit2.o)
    0x000001a8   0x000001a8   0x00000006   Code   RO         4659    .ARM.Collect$$rtexit$$00000004  c_p.l(rtexit2.o)
    0x000001ae   0x000001ae   0x00000002   PAD
    0x000001b0   0x000001b0   0x00000038   Code   RO         4492    .emb_text           c_p.l(rt_memcpy.o)
    0x000001e8   0x000001e8   0x00000080   Code   RO         4385    .text               startup_bat32g139.o
    0x00000268   0x00000268   0x00000030   Code   RO         4436    .text               c_p.l(llmul.o)
    0x00000298   0x00000298   0x0000015a   Code   RO         4496    .text               c_p.l(aeabi_sdiv.o)
    0x000003f2   0x000003f2   0x00000006   Code   RO         4500    .text               c_p.l(heapauxi.o)
    0x000003f8   0x000003f8   0x0000006c   Code   RO         4511    .text               fz_ps.l(dfixi.o)
    0x00000464   0x00000464   0x00000058   Code   RO         4513    .text               fz_ps.l(dflti.o)
    0x000004bc   0x000004bc   0x0000005e   Code   RO         4523    .text               fz_ps.l(fflti.o)
    0x0000051a   0x0000051a   0x00000016   Code   RO         4538    .text               c_p.l(_rserrno.o)
    0x00000530   0x00000530   0x00000100   Code   RO         4549    .text               fz_ps.l(dsqrt.o)
    0x00000630   0x00000630   0x00000008   Code   RO         4572    .text               c_p.l(rt_errno_addr_intlibspace.o)
    0x00000638   0x00000638   0x00000008   Code   RO         4580    .text               c_p.l(libspace.o)
    0x00000640   0x00000640   0x0000003e   Code   RO         4583    .text               c_p.l(sys_stackheap_outer.o)
    0x0000067e   0x0000067e   0x00000010   Code   RO         4588    .text               c_p.l(exit.o)
    0x0000068e   0x0000068e   0x00000056   Code   RO         4727    .text               c_p.l(__dczerorl2.o)
    0x000006e4   0x000006e4   0x00000060   Code   RO         3693    i.ACMP0_ConfigInit  sys_hardware_init.o
    0x00000744   0x00000744   0x00000060   Code   RO         3694    i.ACMP1_ConfigInit  sys_hardware_init.o
    0x000007a4   0x000007a4   0x000000a8   Code   RO         3695    i.ADC_ConfigInit    sys_hardware_init.o
    0x0000084c   0x0000084c   0x000000a4   Code   RO         4391    i.CLK_GetCoreFreq   system_bat32g139.o
    0x000008f0   0x000008f0   0x0000003c   Code   RO          459    i.CLK_MainOsc_Setting  clk.o
    0x0000092c   0x0000092c   0x00000064   Code   RO          462    i.CLK_Osc_Setting   clk.o
    0x00000990   0x00000990   0x0000002c   Code   RO          463    i.CLK_PLL_Setting   clk.o
    0x000009bc   0x000009bc   0x00000020   Code   RO          464    i.CLK_PLL_Start     clk.o
    0x000009dc   0x000009dc   0x00000020   Code   RO          554    i.CMP_Input_Select  cmp.o
    0x000009fc   0x000009fc   0x00000014   Code   RO          558    i.CMP_VREF_Set_Value  cmp.o
    0x00000a10   0x00000a10   0x000000fc   Code   RO         4012    i.COM_AD_Data_Deal  user_function.o
    0x00000b0c   0x00000b0c   0x000003a8   Code   RO         4013    i.COM_CHG_INV_Select  user_function.o
    0x00000eb4   0x00000eb4   0x00000054   Code   RO         4014    i.COM_CloseDrive    user_function.o
    0x00000f08   0x00000f08   0x00000058   Code   RO         4015    i.COM_Function      user_function.o
    0x00000f60   0x00000f60   0x0000005c   Code   RO         4131    i.COM_Get_Protect_Flag  user_fault_check.o
    0x00000fbc   0x00000fbc   0x0000001c   Code   RO         3696    i.COM_PWM_Disable   sys_hardware_init.o
    0x00000fd8   0x00000fd8   0x00000130   Code   RO         4016    i.COM_UART1_Deal    user_function.o
    0x00001108   0x00001108   0x000000ac   Code   RO         4017    i.COM_UPS_Deal      user_function.o
    0x000011b4   0x000011b4   0x000000ac   Code   RO          706    i.DMA_Start         dma.o
    0x00001260   0x00001260   0x0000000c   Code   RO          746    i.ELC_Start         elc.o
    0x0000126c   0x0000126c   0x00000108   Code   RO         3697    i.EPWM_ConfigInit   sys_hardware_init.o
    0x00001374   0x00001374   0x00000014   Code   RO         3823    i.Fault_Deal_Func   sys_state_machine.o
    0x00001388   0x00001388   0x00000248   Code   RO         4132    i.Fault_State_Check  user_fault_check.o
    0x000015d0   0x000015d0   0x00000002   Code   RO         4133    i.Fault_State_Deal  user_fault_check.o
    0x000015d2   0x000015d2   0x00000002   PAD
    0x000015d4   0x000015d4   0x00000078   Code   RO         3698    i.GPIO_Init         sys_hardware_init.o
    0x0000164c   0x0000164c   0x00000068   Code   RO         3699    i.INV_PWM_Enable    sys_hardware_init.o
    0x000016b4   0x000016b4   0x000001d0   Code   RO         3657    i.INV_Run_VariableInit  sys_variable_init.o
    0x00001884   0x00001884   0x00000018   Code   RO         3824    i.Initial_Deal_Func  sys_state_machine.o
    0x0000189c   0x0000189c   0x00000046   Code   RO         4018    i.Key_Calc          user_function.o
    0x000018e2   0x000018e2   0x00000002   PAD
    0x000018e4   0x000018e4   0x00000058   Code   RO         3700    i.PFC_PWM_Enable    sys_hardware_init.o
    0x0000193c   0x0000193c   0x0000016c   Code   RO         3658    i.PFC_Run_VariableInit  sys_variable_init.o
    0x00001aa8   0x00001aa8   0x000000bc   Code   RO          823    i.PORT_Init         gpio.o
    0x00001b64   0x00001b64   0x00000002   Code   RO         4134    i.Protect_Release   user_fault_check.o
    0x00001b66   0x00001b66   0x0000000c   Code   RO         3825    i.Ready_Deal_Func   sys_state_machine.o
    0x00001b72   0x00001b72   0x00000002   PAD
    0x00001b74   0x00001b74   0x00000220   Code   RO         3826    i.Ready_State_Check  sys_state_machine.o
    0x00001d94   0x00001d94   0x00000022   Code   RO         3827    i.Run_Deal_Func     sys_state_machine.o
    0x00001db6   0x00001db6   0x00000002   PAD
    0x00001db8   0x00001db8   0x00000038   Code   RO         3828    i.Run_State_OpenDriver  sys_state_machine.o
    0x00001df0   0x00001df0   0x00000080   Code   RO         3829    i.State_Context_Func  sys_state_machine.o
    0x00001e70   0x00001e70   0x000000c4   Code   RO         3830    i.State_Context_Task  sys_state_machine.o
    0x00001f34   0x00001f34   0x00000002   Code   RO         3831    i.Stop_Deal_Func    sys_state_machine.o
    0x00001f36   0x00001f36   0x00000002   PAD
    0x00001f38   0x00001f38   0x00000038   Code   RO         3701    i.SysTick_ConfigInit  sys_hardware_init.o
    0x00001f70   0x00001f70   0x000000dc   Code   RO         3702    i.Sys_HardConfigInit  sys_hardware_init.o
    0x0000204c   0x0000204c   0x00000090   Code   RO         3703    i.Sys_IE_Init       sys_hardware_init.o
    0x000020dc   0x000020dc   0x00000280   Code   RO         3659    i.Sys_Variableinit  sys_variable_init.o
    0x0000235c   0x0000235c   0x00000048   Code   RO         3704    i.SystemClock_Init  sys_hardware_init.o
    0x000023a4   0x000023a4   0x00000074   Code   RO         4394    i.SystemInit        system_bat32g139.o
    0x00002418   0x00002418   0x00000044   Code   RO         3705    i.TIMC_ConfigInit   sys_hardware_init.o
    0x0000245c   0x0000245c   0x000000ec   Code   RO         3706    i.UART0_ConfigInit  sys_hardware_init.o
    0x00002548   0x00002548   0x000000c8   Code   RO         3707    i.UART1_ConfigInit  sys_hardware_init.o
    0x00002610   0x00002610   0x0000001c   Code   RO         4019    i.User_DelayTime_ms  user_function.o
    0x0000262c   0x0000262c   0x00000014   Code   RO         4020    i.User_DelayTime_us  user_function.o
    0x00002640   0x00002640   0x00000014   Code   RO         4021    i.User_Divider      user_function.o
    0x00002654   0x00002654   0x000000f0   Code   RO         4022    i.User_Key_Deal     user_function.o
    0x00002744   0x00002744   0x00000124   Code   RO         4023    i.User_LED_Deal     user_function.o
    0x00002868   0x00002868   0x00000058   Code   RO         4024    i.User_LED_ms       user_function.o
    0x000028c0   0x000028c0   0x00000034   Code   RO         4025    i.User_RMS_Deal     user_function.o
    0x000028f4   0x000028f4   0x0000000c   Code   RO         3415    i.WDT_Restart       wdt.o
    0x00002900   0x00002900   0x0000003c   Code   RO         3832    i.Waiting_Deal_Func  sys_state_machine.o
    0x0000293c   0x0000293c   0x0000001a   Code   RO          878    i.__ARM_common_switch8  gpio.o
    0x00002956   0x00002956   0x00000002   PAD
    0x00002958   0x00002958   0x00000018   Code   RO         3709    i.__NVIC_ClearPendingIRQ  sys_hardware_init.o
    0x00002970   0x00002970   0x00000044   Code   RO         3710    i.__NVIC_SetPriority  sys_hardware_init.o
    0x000029b4   0x000029b4   0x00000018   Code   RO         1340    i._sys_exit         retarget.o
    0x000029cc   0x000029cc   0x00000028   Code   RO         3461    i.main              main.o
    0x000029f4   0x000029f4   0x00000048   Code   RO         4526    i.sqrt              m_ps.l(sqrt.o)
    0x00002a3c   0x00002a3c   0x00000014   Code   RO         3435    i.wdt_interrupt     wdt_user.o
    0x00002a50   0x00002a50   0x00000048   Code   RO          469    sram_code           clk.o
    0x00002a98   0x00002a98   0x00000000   Code   RO         4551    x$fpl$usenofp       fz_ps.l(usenofp.o)
    0x00002a98   0x00002a98   0x00000348   Data   RO         4113    .constdata          user_sine_table.o
    0x00002de0   0x00002de0   0x000002bc   Data   RO         4114    .constdata          user_sine_table.o
    0x0000309c   0x0000309c   0x00000030   Data   RO         4725    Region$$Table       anon$$obj.o


    Execution Region RW_IRAM1 (Exec base: 0x20000100, Load base: 0x000030cc, Size: 0x00006188, Max: 0x00008000, ABSOLUTE, COMPRESSED[0x00000298])

    Exec Addr    Load Addr    Size         Type   Attr      Idx    E Section Name        Object

    0x20000100   0x000030cc   0x0000000c   Ven    RO         4741    Veneer$$Code        anon$$obj.o
    0x2000010c   0x000030d8   0x0000000c   Ven    RO         4742    Veneer$$Code        anon$$obj.o
    0x20000118   0x000030e4   0x0000000c   Ven    RO         4743    Veneer$$Code        anon$$obj.o
    0x20000124   0x000030f0   0x0000000c   Ven    RO         4744    Veneer$$Code        anon$$obj.o
    0x20000130   0x000030fc   0x0000000c   Ven    RO         4745    Veneer$$Code        anon$$obj.o
    0x2000013c   0x00003108   0x0000000c   Ven    RO         4746    Veneer$$Code        anon$$obj.o
    0x20000148   0x00003114   0x0000000c   Ven    RO         4747    Veneer$$Code        anon$$obj.o
    0x20000154   0x00003120   0x0000000c   Ven    RO         4748    Veneer$$Code        anon$$obj.o
    0x20000160   0x0000312c   0x0000000c   Ven    RO         4749    Veneer$$Code        anon$$obj.o
    0x2000016c   0x00003138   0x0000000c   Ven    RO         4750    Veneer$$Code        anon$$obj.o
    0x20000178   0x00003144   0x00000040   Code   RO         4169    i.COM_Uartx_HeartCheck  user_communication.o
    0x200001b8   0x00003184   0x00000080   Code   RO         4170    i.Function_TxSendDebug  user_communication.o
    0x20000238   0x00003204   0x00000020   Code   RO         3481    i.HardFault_Handler  interrupt.o
    0x20000258   0x00003224   0x00000098   Code   RO         3903    i.INV_AC_Vol_FreCalc  user_parallel.o
    0x200002f0   0x000032bc   0x00000380   Code   RO         4239    i.INV_Ctrl          inv_ctrl.o
    0x20000670   0x0000363c   0x00000138   Code   RO         4171    i.INV_DataSend      user_communication.o
    0x200007a8   0x00003774   0x0000007c   Code   RO         3482    i.INV_Deal          interrupt.o
    0x20000824   0x000037f0   0x00000118   Code   RO         4240    i.INV_Lock_Phase    inv_ctrl.o
    0x2000093c   0x00003908   0x00000088   Code   RO         3904    i.INV_MasterSlaveSelect  user_parallel.o
    0x200009c4   0x00003990   0x0000004a   Code   RO         4303    i.INV_PQ_Droop_Ctrl  pq_droop_ctrl.o
    0x20000a0e   COMPRESSED   0x00000002   PAD
    0x20000a10   0x000039dc   0x000000a4   Code   RO         3905    i.PFC_AC_Vol_FreCalc  user_parallel.o
    0x20000ab4   0x00003a80   0x00000110   Code   RO         4317    i.PFC_Ctrl          pfc_ctrl.o
    0x20000bc4   0x00003b90   0x000001c0   Code   RO         3483    i.PFC_Deal          interrupt.o
    0x20000d84   0x00003d50   0x00000066   Code   RO         4264    i.PFC_PID_Ctrl      pid_ctrl.o
    0x20000dea   COMPRESSED   0x00000002   PAD
    0x20000dec   0x00003db8   0x000000ac   Code   RO         4318    i.PFC_VBus_RefCalc  pfc_ctrl.o
    0x20000e98   0x00003e64   0x00000062   Code   RO         4265    i.PID_Ctrl          pid_ctrl.o
    0x20000efa   COMPRESSED   0x00000002   PAD
    0x20000efc   0x00003ec8   0x000001c0   Code   RO         4348    i.PLL_Ctrl          pll_ctrl.o
    0x200010bc   0x00004088   0x0000002c   Code   RO         4349    i.PLL_Ctrl_Param    pll_ctrl.o
    0x200010e8   0x000040b4   0x00000104   Code   RO         3945    i.RMS_PQ_Calc       user_sample.o
    0x200011ec   0x000041b8   0x00000128   Code   RO         3946    i.RMS_PQ_Update     user_sample.o
    0x20001314   0x000042e0   0x000000bc   Code   RO         3484    i.SysTick_Handler   interrupt.o
    0x200013d0   0x0000439c   0x00000080   Code   RO         4172    i.UART1_INV_DataSend  user_communication.o
    0x20001450   0x0000441c   0x00000044   Code   RO         4173    i.User_UART_View    user_communication.o
    0x20001494   0x00004460   0x00000258   Code   RO         3485    i.adc_interrupt     interrupt.o
    0x200016ec   0x000046b8   0x00000038   Code   RO         4174    i.crc16_modbus      user_communication.o
    0x20001724   0x000046f0   0x00000024   Code   RO         3486    i.tmm0_interrupt    interrupt.o
    0x20001748   0x00004714   0x0000016c   Code   RO         3487    i.tmm1_interrupt    interrupt.o
    0x200018b4   0x00004880   0x00000024   Code   RO         3488    i.uart1_interrupt_receive  interrupt.o
    0x200018d8   0x000048a4   0x00000200   Data   RO         4353    .constdata          pll_ctrl.o
    0x20001ad8   COMPRESSED   0x00000004   Data   RW         3436    .data               wdt_user.o
    0x20001adc   COMPRESSED   0x00000010   Data   RW         3489    .data               interrupt.o
    0x20001aec   COMPRESSED   0x00000014   Data   RW         3561    .data               sys_struct.o
    0x20001b00   COMPRESSED   0x00000014   Data   RW         3562    .data               sys_struct.o
    0x20001b14   COMPRESSED   0x00000014   Data   RW         3563    .data               sys_struct.o
    0x20001b28   COMPRESSED   0x00000014   Data   RW         3564    .data               sys_struct.o
    0x20001b3c   COMPRESSED   0x00000014   Data   RW         3565    .data               sys_struct.o
    0x20001b50   COMPRESSED   0x00000014   Data   RW         3566    .data               sys_struct.o
    0x20001b64   COMPRESSED   0x00000014   Data   RW         3567    .data               sys_struct.o
    0x20001b78   COMPRESSED   0x00000014   Data   RW         3568    .data               sys_struct.o
    0x20001b8c   COMPRESSED   0x00000014   Data   RW         3569    .data               sys_struct.o
    0x20001ba0   COMPRESSED   0x00000014   Data   RW         3570    .data               sys_struct.o
    0x20001bb4   COMPRESSED   0x00000014   Data   RW         3571    .data               sys_struct.o
    0x20001bc8   COMPRESSED   0x00000014   Data   RW         3572    .data               sys_struct.o
    0x20001bdc   COMPRESSED   0x00000014   Data   RW         3573    .data               sys_struct.o
    0x20001bf0   COMPRESSED   0x00000014   Data   RW         3574    .data               sys_struct.o
    0x20001c04   COMPRESSED   0x00000014   Data   RW         3575    .data               sys_struct.o
    0x20001c18   COMPRESSED   0x00000014   Data   RW         3576    .data               sys_struct.o
    0x20001c2c   COMPRESSED   0x00000014   Data   RW         3577    .data               sys_struct.o
    0x20001c40   COMPRESSED   0x00000014   Data   RW         3578    .data               sys_struct.o
    0x20001c54   COMPRESSED   0x00000014   Data   RW         3579    .data               sys_struct.o
    0x20001c68   COMPRESSED   0x00000014   Data   RW         3580    .data               sys_struct.o
    0x20001c7c   COMPRESSED   0x00000014   Data   RW         3581    .data               sys_struct.o
    0x20001c90   COMPRESSED   0x00000014   Data   RW         3582    .data               sys_struct.o
    0x20001ca4   COMPRESSED   0x00000014   Data   RW         3583    .data               sys_struct.o
    0x20001cb8   COMPRESSED   0x00000014   Data   RW         3584    .data               sys_struct.o
    0x20001ccc   COMPRESSED   0x00000014   Data   RW         3585    .data               sys_struct.o
    0x20001ce0   COMPRESSED   0x00000014   Data   RW         3586    .data               sys_struct.o
    0x20001cf4   COMPRESSED   0x00000014   Data   RW         3587    .data               sys_struct.o
    0x20001d08   COMPRESSED   0x00000014   Data   RW         3588    .data               sys_struct.o
    0x20001d1c   COMPRESSED   0x00000014   Data   RW         3589    .data               sys_struct.o
    0x20001d30   COMPRESSED   0x00000014   Data   RW         3590    .data               sys_struct.o
    0x20001d44   COMPRESSED   0x00000014   Data   RW         3591    .data               sys_struct.o
    0x20001d58   COMPRESSED   0x00000014   Data   RW         3592    .data               sys_struct.o
    0x20001d6c   COMPRESSED   0x00000014   Data   RW         3593    .data               sys_struct.o
    0x20001d80   COMPRESSED   0x00000014   Data   RW         3594    .data               sys_struct.o
    0x20001d94   COMPRESSED   0x00000014   Data   RW         3595    .data               sys_struct.o
    0x20001da8   COMPRESSED   0x00000014   Data   RW         3596    .data               sys_struct.o
    0x20001dbc   COMPRESSED   0x00000014   Data   RW         3597    .data               sys_struct.o
    0x20001dd0   COMPRESSED   0x00000014   Data   RW         3598    .data               sys_struct.o
    0x20001de4   COMPRESSED   0x00000014   Data   RW         3599    .data               sys_struct.o
    0x20001df8   COMPRESSED   0x00000014   Data   RW         3600    .data               sys_struct.o
    0x20001e0c   COMPRESSED   0x00000014   Data   RW         3601    .data               sys_struct.o
    0x20001e20   COMPRESSED   0x00000028   Data   RW         3602    .data               sys_struct.o
    0x20001e48   COMPRESSED   0x00000028   Data   RW         3603    .data               sys_struct.o
    0x20001e70   COMPRESSED   0x00000028   Data   RW         3604    .data               sys_struct.o
    0x20001e98   COMPRESSED   0x00000028   Data   RW         3605    .data               sys_struct.o
    0x20001ec0   COMPRESSED   0x00000028   Data   RW         3606    .data               sys_struct.o
    0x20001ee8   COMPRESSED   0x00000054   Data   RW         3607    .data               sys_struct.o
    0x20001f3c   COMPRESSED   0x00000054   Data   RW         3608    .data               sys_struct.o
    0x20001f90   COMPRESSED   0x00000054   Data   RW         3609    .data               sys_struct.o
    0x20001fe4   COMPRESSED   0x00000054   Data   RW         3610    .data               sys_struct.o
    0x20002038   COMPRESSED   0x00000054   Data   RW         3611    .data               sys_struct.o
    0x2000208c   COMPRESSED   0x00000054   Data   RW         3612    .data               sys_struct.o
    0x200020e0   COMPRESSED   0x00000038   Data   RW         3614    .data               sys_struct.o
    0x20002118   COMPRESSED   0x00000014   Data   RW         3616    .data               sys_struct.o
    0x2000212c   COMPRESSED   0x00000002   Data   RW         3617    .data               sys_struct.o
    0x2000212e   COMPRESSED   0x00000004   Data   RW         3618    .data               sys_struct.o
    0x20002132   COMPRESSED   0x00000002   PAD
    0x20002134   COMPRESSED   0x0000012c   Data   RW         3619    .data               sys_struct.o
    0x20002260   COMPRESSED   0x00000008   Data   RW         3620    .data               sys_struct.o
    0x20002268   COMPRESSED   0x00000002   Data   RW         3621    .data               sys_struct.o
    0x2000226a   COMPRESSED   0x00000002   Data   RW         3660    .data               sys_variable_init.o
    0x2000226c   COMPRESSED   0x00000080   Data   RW         3833    .data               sys_state_machine.o
    0x200022ec   COMPRESSED   0x0000000e   Data   RW         3906    .data               user_parallel.o
    0x200022fa   COMPRESSED   0x00000002   PAD
    0x200022fc   COMPRESSED   0x00000010   Data   RW         4026    .data               user_function.o
    0x2000230c   COMPRESSED   0x00000002   Data   RW         4178    .data               user_communication.o
    0x2000230e   COMPRESSED   0x00000002   PAD
    0x20002310   COMPRESSED   0x00000008   Data   RW         4319    .data               pfc_ctrl.o
    0x20002318   COMPRESSED   0x00000004   Data   RW         4354    .data               pll_ctrl.o
    0x2000231c   COMPRESSED   0x00000004   Data   RW         4396    .data               system_bat32g139.o
    0x20002320        -       0x0000004c   Zero   RW         3547    .bss                sys_struct.o
    0x2000236c        -       0x00000088   Zero   RW         3548    .bss                sys_struct.o
    0x200023f4        -       0x00000054   Zero   RW         3549    .bss                sys_struct.o
    0x20002448        -       0x00000040   Zero   RW         3550    .bss                sys_struct.o
    0x20002488        -       0x0000002c   Zero   RW         3551    .bss                sys_struct.o
    0x200024b4        -       0x0000000a   Zero   RW         3552    .bss                sys_struct.o
    0x200024be        -       0x00000014   Zero   RW         3553    .bss                sys_struct.o
    0x200024d2   COMPRESSED   0x00000002   PAD
    0x200024d4        -       0x0000003c   Zero   RW         3554    .bss                sys_struct.o
    0x20002510        -       0x0000000a   Zero   RW         3555    .bss                sys_struct.o
    0x2000251a   COMPRESSED   0x00000002   PAD
    0x2000251c        -       0x0000005c   Zero   RW         3556    .bss                sys_struct.o
    0x20002578        -       0x0000000c   Zero   RW         3557    .bss                sys_struct.o
    0x20002584        -       0x00000014   Zero   RW         3558    .bss                sys_struct.o
    0x20002598        -       0x0000001c   Zero   RW         3559    .bss                sys_struct.o
    0x200025b4        -       0x000000c4   Zero   RW         3560    .bss                sys_struct.o
    0x20002678        -       0x00001a90   Zero   RW         3947    .bss                user_sample.o
    0x20004108        -       0x0000002c   Zero   RW         4176    .bss                user_communication.o
    0x20004134        -       0x00000960   Zero   RW         4289    .bss                repeat_ctrl.o
    0x20004a94        -       0x00000944   Zero   RW         4350    .bss                pll_ctrl.o
    0x200053d8        -       0x00000944   Zero   RW         4351    .bss                pll_ctrl.o
    0x20005d1c        -       0x0000000c   Zero   RW         4352    .bss                pll_ctrl.o
    0x20005d28        -       0x00000060   Zero   RW         4581    .bss                c_p.l(libspace.o)
    0x20005d88        -       0x00000100   Zero   RW         4383    HEAP                startup_bat32g139.o
    0x20005e88        -       0x00000400   Zero   RW         4382    STACK               startup_bat32g139.o


==============================================================================

Image component sizes


      Code (inc. data)   RO Data    RW Data    ZI Data      Debug   Object Name

         0          0          0          0          0      72196   adc.o
         0          0          0          0          0      23022   adc_user.o
       308         32          0          0          0       6916   clk.o
        52         10          0          0          0       2029   cmp.o
       172         14          0          0          0       3320   dma.o
        12          6          0          0          0       1232   elc.o
       214         16          0          0          0        948   gpio.o
      1828        274          0         16          0       6912   interrupt.o
      1176        100          0          0          0       2088   inv_ctrl.o
        40         10          0          0          0        543   main.o
       444         56          0          8          0       2066   pfc_ctrl.o
       200          0          0          0          0       1842   pid_ctrl.o
       492         28        512          4       4756       3666   pll_ctrl.o
        74          0          0          0          0       1208   pq_droop_ctrl.o
         0          0          0          0       2400        974   repeat_ctrl.o
        24          8          0          0          0        584   retarget.o
       128         28        192          0       1280       2188   startup_bat32g139.o
      2052        312          0          0          0      18764   sys_hardware_init.o
      1076        168          0        128          0      10813   sys_state_machine.o
         0          0          0       1916        852      22675   sys_struct.o
      1468        362          0          2          0       3009   sys_variable_init.o
       280        100          4          4          0       2867   system_bat32g139.o
       756        108          0          2         44       6489   user_communication.o
       680        162          0          0          0       3368   user_fault_check.o
      2646        312          0         16          0      11561   user_function.o
       452         60          0         14          0       2781   user_parallel.o
       556         36          0          0       6800       2863   user_sample.o
         0          0       1540          0          0       1050   user_sine_table.o
        12          4          0          0          0        506   wdt.o
        20          4          0          4          0       1484   wdt_user.o

    ----------------------------------------------------------------------
     15372       2274       2296       2120      16136     219964   Object Totals
       192         64         48          0          0          0   (incl. Generated)
        18          0          0          6          4          0   (incl. Padding)

    ----------------------------------------------------------------------

      Code (inc. data)   RO Data    RW Data    ZI Data      Debug   Library Member Name

        86          0          0          0          0          0   __dczerorl2.o
         8          0          0          0          0         68   __main.o
         0          0          0          0          0          0   __rtentry.o
        12          0          0          0          0          0   __rtentry2.o
         6          0          0          0          0          0   __rtentry4.o
        60          8          0          0          0          0   __scatter.o
        26          0          0          0          0          0   __scatter_copy.o
        28          0          0          0          0          0   __scatter_zi.o
        22          0          0          0          0         92   _rserrno.o
       346          0          0          0          0         92   aeabi_sdiv.o
        16          0          0          0          0         68   exit.o
         6          0          0          0          0        136   heapauxi.o
         2          0          0          0          0          0   libinit.o
         2          0          0          0          0          0   libinit2.o
         2          0          0          0          0          0   libshutdown.o
         2          0          0          0          0          0   libshutdown2.o
         8          4          0          0         96         68   libspace.o
        48          0          0          0          0         72   llmul.o
         8          4          0          0          0         68   rt_errno_addr_intlibspace.o
        56          0          0          0          0         68   rt_memcpy.o
         2          0          0          0          0          0   rtexit.o
        10          0          0          0          0          0   rtexit2.o
        62          0          0          0          0         80   sys_stackheap_outer.o
       108         10          0          0          0         72   dfixi.o
        88          0          0          0          0         92   dflti.o
       256          8          0          0          0         76   dsqrt.o
        94          0          0          0          0         92   fflti.o
         0          0          0          0          0          0   usenofp.o
        72          6          0          0          0         76   sqrt.o

    ----------------------------------------------------------------------
      1440         40          0          0         96       1220   Library Totals
         4          0          0          0          0          0   (incl. Padding)

    ----------------------------------------------------------------------

      Code (inc. data)   RO Data    RW Data    ZI Data      Debug   Library Name

       818         16          0          0         96        812   c_p.l
       546         18          0          0          0        332   fz_ps.l
        72          6          0          0          0         76   m_ps.l

    ----------------------------------------------------------------------
      1440         40          0          0         96       1220   Library Totals

    ----------------------------------------------------------------------

==============================================================================


      Code (inc. data)   RO Data    RW Data    ZI Data      Debug   

     16812       2314       2296       2120      16232     216880   Grand Totals
     16812       2314       2296        664      16232     216880   ELF Image Totals (compressed)
     16812       2314       2296        664          0          0   ROM Totals

==============================================================================

    Total RO  Size (Code + RO Data)                19108 (  18.66kB)
    Total RW  Size (RW Data + ZI Data)             18352 (  17.92kB)
    Total ROM Size (Code + RO Data + RW Data)      19772 (  19.31kB)

==============================================================================

